******************************************************************************
                  TI ARM Linker PC v16.9.1                     
******************************************************************************
>> Linked Thu Sep 21 13:58:26 2017

OUTPUT FILE NAME:   <Lab 2.out>
ENTRY POINT SYMBOL: "_c_int00"  address: 000025bd


MEMORY CONFIGURATION

         name            origin    length      used     unused   attr    fill
----------------------  --------  ---------  --------  --------  ----  --------
  FLASH                 00000000   00040000  00002a5f  0003d5a1  R  X
  SRAM                  20000000   00008000  00000aea  00007516  RW X


SEGMENT ALLOCATION MAP

run origin  load origin   length   init length attrs members
----------  ----------- ---------- ----------- ----- -------
00000000    00000000    00002a60   00002a60    r-x
  00000000    00000000    0000026c   0000026c    r-- .intvecs
  0000026c    0000026c    0000269a   0000269a    r-x .text
  00002906    00002906    00000109   00000109    r-- .const
  00002a10    00002a10    00000050   00000050    r-- .cinit
20000000    20000000    00000aed   00000000    rw-
  20000000    20000000    0000026c   00000000    rw- .vtable
  2000026c    2000026c    00000800   00000000    rw- .stack
  20000a6c    20000a6c    00000055   00000000    rw- .bss
  20000ac4    20000ac4    00000029   00000000    rw- .data


SECTION ALLOCATION MAP

 output                                  attributes/
section   page    origin      length       input sections
--------  ----  ----------  ----------   ----------------
.intvecs   0    00000000    0000026c     
                  00000000    0000026c     tm4c123gh6pm_startup_ccs.obj (.intvecs)

.text      0    0000026c    0000269a     
                  0000026c    0000113e     rtsv7M4_T_le_v4SPD16_eabi.lib : _printfi.obj (.text)
                  000013aa    00000002                                   : mpu_init.obj (.text)
                  000013ac    000002ec     lcd.obj (.text)
                  00001698    00000218     clock_intr.obj (.text)
                  000018b0    000001f4     rtsv7M4_T_le_v4SPD16_eabi.lib : ull_div_t2.obj (.text)
                  00001aa4    000001b6                                   : fd_add_t2.obj (.text)
                  00001c5a    00000002                                   : startup.obj (.text)
                  00001c5c    00000158     timer.obj (.text)
                  00001db4    00000136     rtsv7M4_T_le_v4SPD16_eabi.lib : fd_div_t2.obj (.text)
                  00001eea    000000fc                                   : fd_mul_t2.obj (.text)
                  00001fe6    00000002     --HOLE-- [fill = 0]
                  00001fe8    000000fc                                   : s_scalbn.obj (.text)
                  000020e4    000000f0     button.obj (.text)
                  000021d4    0000009c     rtsv7M4_T_le_v4SPD16_eabi.lib : memcpy_t2.obj (.text)
                  00002270    00000088                                   : vsnprintf.obj (.text)
                  000022f8    00000086                                   : fd_cmp_t2.obj (.text:__aeabi_cdcmple)
                  0000237e    00000086                                   : fd_cmp_t2.obj (.text:__aeabi_cdrcmple)
                  00002404    0000007a                                   : memset_t2.obj (.text)
                  0000247e    00000002     --HOLE-- [fill = 0]
                  00002480    00000070                                   : autoinit.obj (.text)
                  000024f0    00000068                                   : copy_decompress_lzss.obj (.text:decompress:lzss)
                  00002558    00000064                                   : s_frexp.obj (.text)
                  000025bc    00000054                                   : boot.obj (.text)
                  00002610    00000054                                   : exit.obj (.text)
                  00002664    00000054                                   : ltoa.obj (.text)
                  000026b8    0000004c                                   : atoi.obj (.text)
                  00002704    0000004c                                   : cpy_tbl.obj (.text)
                  00002750    00000048                                   : fd_toi_t2.obj (.text)
                  00002798    00000034     driverlib.lib : interrupt.obj (.text:IntRegister)
                  000027cc    0000002e     rtsv7M4_T_le_v4SPD16_eabi.lib : i_tofd_t2.obj (.text)
                  000027fa    0000001c                                   : memccpy.obj (.text)
                  00002816    00000002     --HOLE-- [fill = 0]
                  00002818    00000018                                   : args_main.obj (.text)
                  00002830    00000018                                   : strcmp.obj (.text)
                  00002848    00000016                                   : strchr.obj (.text)
                  0000285e    00000002     --HOLE-- [fill = 0]
                  00002860    00000014                                   : _lock.obj (.text)
                  00002874    00000014                                   : s_copysign.obj (.text)
                  00002888    00000014                                   : strcpy.obj (.text)
                  0000289c    00000014                                   : strlen.obj (.text)
                  000028b0    00000010     driverlib.lib : interrupt.obj (.text:IntMasterEnable)
                  000028c0    00000010     lcd.obj (.text:lcd_clear)
                  000028d0    0000000e     rtsv7M4_T_le_v4SPD16_eabi.lib : copy_decompress_none.obj (.text:decompress:none)
                  000028de    0000000c     driverlib.lib : cpu.obj (.text:CPUcpsie)
                  000028ea    0000000c     rtsv7M4_T_le_v4SPD16_eabi.lib : copy_zero_init.obj (.text:decompress:ZI)
                  000028f6    0000000c     tm4c123gh6pm_startup_ccs.obj (.text)
                  00002902    00000004     rtsv7M4_T_le_v4SPD16_eabi.lib : pre_init.obj (.text)

.const     0    00002906    00000109     
                  00002906    00000101     rtsv7M4_T_le_v4SPD16_eabi.lib : ctype.obj (.const:.string:_ctypes_)
                  00002a07    00000004     lcd.obj (.const:.string:lineAddress$1)
                  00002a0b    00000004     lcd.obj (.const:.string:lineAddresses$2)

.cinit     0    00002a10    00000050     
                  00002a10    0000001a     (.cinit..data.load) [load image, compression = lzss]
                  00002a2a    00000002     --HOLE-- [fill = 0]
                  00002a2c    0000000c     (__TI_handler_table)
                  00002a38    00000008     (.cinit..bss.load) [load image, compression = zero_init]
                  00002a40    00000008     (.cinit..vtable.load) [load image, compression = zero_init]
                  00002a48    00000018     (__TI_cinit_table)

.init_array 
*          0    00000000    00000000     UNINITIALIZED

.vtable    0    20000000    0000026c     UNINITIALIZED
                  20000000    0000026c     driverlib.lib : interrupt.obj (.vtable)

.stack     0    2000026c    00000800     UNINITIALIZED
                  2000026c    00000800     --HOLE--

.bss       0    20000a6c    00000055     UNINITIALIZED
                  20000a6c    00000054     lcd.obj (.bss:lastbuffer$3)
                  20000ac0    00000001     (.common:_prevButton)

.data      0    20000ac4    00000029     UNINITIALIZED
                  20000ac4    0000000c     rtsv7M4_T_le_v4SPD16_eabi.lib : exit.obj (.data:$O1$$)
                  20000ad0    0000000c     clock_intr.obj (.data)
                  20000adc    00000008     rtsv7M4_T_le_v4SPD16_eabi.lib : _lock.obj (.data:$O1$$)
                  20000ae4    00000004                                   : errno.obj (.data)
                  20000ae8    00000004                                   : stkdepth_vars.obj (.data)
                  20000aec    00000001     button.obj (.data)

MODULE SUMMARY

       Module                         code   ro data   rw data
       ------                         ----   -------   -------
    .\
       lcd.obj                        764    8         84     
       tm4c123gh6pm_startup_ccs.obj   12     620       0      
       clock_intr.obj                 536    0         12     
       timer.obj                      344    0         0      
       button.obj                     240    0         2      
    +--+------------------------------+------+---------+---------+
       Total:                         1896   628       98     
                                                              
    C:/ti/TivaWare_C_Series-2.1.2.111/driverlib/ccs/Debug/driverlib.lib
       interrupt.obj                  68     0         620    
       cpu.obj                        12     0         0      
    +--+------------------------------+------+---------+---------+
       Total:                         80     0         620    
                                                              
    C:\ti\ccsv7\tools\compiler\ti-cgt-arm_16.9.1.LTS\lib\rtsv7M4_T_le_v4SPD16_eabi.lib
       _printfi.obj                   4414   0         0      
       ull_div_t2.obj                 500    0         0      
       fd_add_t2.obj                  438    0         0      
       fd_div_t2.obj                  310    0         0      
       fd_cmp_t2.obj                  268    0         0      
       ctype.obj                      0      257       0      
       fd_mul_t2.obj                  252    0         0      
       s_scalbn.obj                   252    0         0      
       memcpy_t2.obj                  156    0         0      
       vsnprintf.obj                  136    0         0      
       memset_t2.obj                  122    0         0      
       autoinit.obj                   112    0         0      
       copy_decompress_lzss.obj       104    0         0      
       s_frexp.obj                    100    0         0      
       exit.obj                       84     0         12     
       boot.obj                       84     0         0      
       ltoa.obj                       84     0         0      
       atoi.obj                       76     0         0      
       cpy_tbl.obj                    76     0         0      
       fd_toi_t2.obj                  72     0         0      
       i_tofd_t2.obj                  46     0         0      
       _lock.obj                      20     0         8      
       memccpy.obj                    28     0         0      
       args_main.obj                  24     0         0      
       strcmp.obj                     24     0         0      
       strchr.obj                     22     0         0      
       s_copysign.obj                 20     0         0      
       strcpy.obj                     20     0         0      
       strlen.obj                     20     0         0      
       copy_decompress_none.obj       14     0         0      
       copy_zero_init.obj             12     0         0      
       errno.obj                      0      0         4      
       pre_init.obj                   4      0         0      
       stkdepth_vars.obj              0      0         4      
       mpu_init.obj                   2      0         0      
       startup.obj                    2      0         0      
    +--+------------------------------+------+---------+---------+
       Total:                         7898   257       28     
                                                              
       Stack:                         0      0         2048   
       Linker Generated:              0      78        0      
    +--+------------------------------+------+---------+---------+
       Grand Total:                   9874   963       2794   


LINKER GENERATED COPY TABLES

__TI_cinit_table @ 00002a48 records: 3, size/record: 8, table size: 24
	.data: load addr=00002a10, load size=0000001a bytes, run addr=20000ac4, run size=00000029 bytes, compression=lzss
	.bss: load addr=00002a38, load size=00000008 bytes, run addr=20000a6c, run size=00000055 bytes, compression=zero_init
	.vtable: load addr=00002a40, load size=00000008 bytes, run addr=20000000, run size=0000026c bytes, compression=zero_init


LINKER GENERATED HANDLER TABLE

__TI_handler_table @ 00002a2c records: 3, size/record: 4, table size: 12
	index: 0, handler: __TI_zero_init
	index: 1, handler: __TI_decompress_lzss
	index: 2, handler: __TI_decompress_none


GLOBAL SYMBOLS: SORTED ALPHABETICALLY BY Name 

address   name                           
-------   ----                           
00002611  C$$EXIT                        
000028df  CPUcpsie                       
000028b1  IntMasterEnable                
00002799  IntRegister                    
000028f7  ResetISR                       
UNDEFED   SHT$$INIT_ARRAY$$Base          
UNDEFED   SHT$$INIT_ARRAY$$Limit         
00001699  TIMER4A_Handler                
000016e7  TIMER4B_Handler                
20000a6c  __STACK_END                    
00000800  __STACK_SIZE                   
2000046c  __STACK_TOP                    
00002a48  __TI_CINIT_Base                
00002a60  __TI_CINIT_Limit               
00002a2c  __TI_Handler_Table_Base        
00002a38  __TI_Handler_Table_Limit       
00002481  __TI_auto_init                 
20000ac4  __TI_cleanup_ptr               
000024f1  __TI_decompress_lzss           
000028d1  __TI_decompress_none           
20000ac8  __TI_dtors_ptr                 
20000acc  __TI_enable_exit_profile_output
ffffffff  __TI_pprof_out_hndl            
00000ab1  __TI_printfi                   
ffffffff  __TI_prof_data_size            
ffffffff  __TI_prof_data_start           
00000000  __TI_static_base__             
000028eb  __TI_zero_init                 
000022f9  __aeabi_cdcmpeq                
000022f9  __aeabi_cdcmple                
0000237f  __aeabi_cdrcmple               
00002751  __aeabi_d2iz                   
00001aaf  __aeabi_dadd                   
00001db5  __aeabi_ddiv                   
00001eeb  __aeabi_dmul                   
00001aa5  __aeabi_dsub                   
000027cd  __aeabi_i2d                    
00002405  __aeabi_memclr                 
00002405  __aeabi_memclr4                
00002405  __aeabi_memclr8                
000021d5  __aeabi_memcpy                 
000021d5  __aeabi_memcpy4                
000021d5  __aeabi_memcpy8                
00002407  __aeabi_memset                 
00002407  __aeabi_memset4                
00002407  __aeabi_memset8                
000018b1  __aeabi_uldivmod               
ffffffff  __binit__                      
ffffffff  __c_args__                     
000013ab  __mpu_init                     
2000026c  __stack                        
00002819  _args_main                     
000025bd  _c_int00                       
00002906  _ctypes_                       
20000adc  _lock                          
0000286f  _nop                           
20000ac0  _prevButton                    
00002867  _register_lock                 
00002861  _register_unlock               
00001c5b  _system_post_cinit             
00002903  _system_pre_init               
20000ae0  _unlock                        
00002615  abort                          
000026b9  atoi                           
ffffffff  binit                          
00002111  button_checkButtons            
0000211b  button_getButton               
00002167  button_getButtonBlocking       
0000217b  button_getButtonChange         
000021a5  button_getButtonChangeBlocking 
000020e5  button_init                    
000017b1  clock_timer_init               
00002705  copy_in                        
00002875  copysign                       
00002875  copysignl                      
20000ae4  errno                          
0000261d  exit                           
00002559  frexp                          
00002559  frexpl                         
20000000  g_pfnRAMVectors                
00000000  g_pfnVectors                   
20000ad0  hours                          
000028c1  lcd_clear                      
00001545  lcd_gotoLine                   
000013ad  lcd_init                       
000015ab  lcd_printf                     
0000146d  lcd_putc                       
000014a5  lcd_puts                       
000014c3  lcd_sendCommand                
00001501  lcd_sendNibble                 
0000156d  lcd_setCursorPos               
00001fe9  ldexp                          
00001fe9  ldexpl                         
00002665  ltoa                           
00001835  main                           
20000ae8  main_func_sp                   
000027fb  memccpy                        
000021d5  memcpy                         
0000240d  memset                         
20000ad4  mins                           
00001fe9  scalbn                         
00001fe9  scalbnl                        
20000ad8  secs                           
00002849  strchr                         
00002831  strcmp                         
00002889  strcpy                         
0000289d  strlen                         
00001d6d  timer_getClock                 
00001d21  timer_startClock               
00001cbb  timer_startTimer               
00001d73  timer_stopClock                
00001d0b  timer_stopTimer                
00001c91  timer_waitMicros               
00001c5d  timer_waitMillis               
00002271  vsnprintf                      


GLOBAL SYMBOLS: SORTED BY Symbol Address 

address   name                           
-------   ----                           
00000000  __TI_static_base__             
00000000  g_pfnVectors                   
00000800  __STACK_SIZE                   
00000ab1  __TI_printfi                   
000013ab  __mpu_init                     
000013ad  lcd_init                       
0000146d  lcd_putc                       
000014a5  lcd_puts                       
000014c3  lcd_sendCommand                
00001501  lcd_sendNibble                 
00001545  lcd_gotoLine                   
0000156d  lcd_setCursorPos               
000015ab  lcd_printf                     
00001699  TIMER4A_Handler                
000016e7  TIMER4B_Handler                
000017b1  clock_timer_init               
00001835  main                           
000018b1  __aeabi_uldivmod               
00001aa5  __aeabi_dsub                   
00001aaf  __aeabi_dadd                   
00001c5b  _system_post_cinit             
00001c5d  timer_waitMillis               
00001c91  timer_waitMicros               
00001cbb  timer_startTimer               
00001d0b  timer_stopTimer                
00001d21  timer_startClock               
00001d6d  timer_getClock                 
00001d73  timer_stopClock                
00001db5  __aeabi_ddiv                   
00001eeb  __aeabi_dmul                   
00001fe9  ldexp                          
00001fe9  ldexpl                         
00001fe9  scalbn                         
00001fe9  scalbnl                        
000020e5  button_init                    
00002111  button_checkButtons            
0000211b  button_getButton               
00002167  button_getButtonBlocking       
0000217b  button_getButtonChange         
000021a5  button_getButtonChangeBlocking 
000021d5  __aeabi_memcpy                 
000021d5  __aeabi_memcpy4                
000021d5  __aeabi_memcpy8                
000021d5  memcpy                         
00002271  vsnprintf                      
000022f9  __aeabi_cdcmpeq                
000022f9  __aeabi_cdcmple                
0000237f  __aeabi_cdrcmple               
00002405  __aeabi_memclr                 
00002405  __aeabi_memclr4                
00002405  __aeabi_memclr8                
00002407  __aeabi_memset                 
00002407  __aeabi_memset4                
00002407  __aeabi_memset8                
0000240d  memset                         
00002481  __TI_auto_init                 
000024f1  __TI_decompress_lzss           
00002559  frexp                          
00002559  frexpl                         
000025bd  _c_int00                       
00002611  C$$EXIT                        
00002615  abort                          
0000261d  exit                           
00002665  ltoa                           
000026b9  atoi                           
00002705  copy_in                        
00002751  __aeabi_d2iz                   
00002799  IntRegister                    
000027cd  __aeabi_i2d                    
000027fb  memccpy                        
00002819  _args_main                     
00002831  strcmp                         
00002849  strchr                         
00002861  _register_unlock               
00002867  _register_lock                 
0000286f  _nop                           
00002875  copysign                       
00002875  copysignl                      
00002889  strcpy                         
0000289d  strlen                         
000028b1  IntMasterEnable                
000028c1  lcd_clear                      
000028d1  __TI_decompress_none           
000028df  CPUcpsie                       
000028eb  __TI_zero_init                 
000028f7  ResetISR                       
00002903  _system_pre_init               
00002906  _ctypes_                       
00002a2c  __TI_Handler_Table_Base        
00002a38  __TI_Handler_Table_Limit       
00002a48  __TI_CINIT_Base                
00002a60  __TI_CINIT_Limit               
20000000  g_pfnRAMVectors                
2000026c  __stack                        
2000046c  __STACK_TOP                    
20000a6c  __STACK_END                    
20000ac0  _prevButton                    
20000ac4  __TI_cleanup_ptr               
20000ac8  __TI_dtors_ptr                 
20000acc  __TI_enable_exit_profile_output
20000ad0  hours                          
20000ad4  mins                           
20000ad8  secs                           
20000adc  _lock                          
20000ae0  _unlock                        
20000ae4  errno                          
20000ae8  main_func_sp                   
ffffffff  __TI_pprof_out_hndl            
ffffffff  __TI_prof_data_size            
ffffffff  __TI_prof_data_start           
ffffffff  __binit__                      
ffffffff  __c_args__                     
ffffffff  binit                          
UNDEFED   SHT$$INIT_ARRAY$$Base          
UNDEFED   SHT$$INIT_ARRAY$$Limit         

[115 symbols]
