******************************************************************************
                  TI ARM Linker PC v16.9.1                     
******************************************************************************
>> Linked Thu Nov 16 14:47:25 2017

OUTPUT FILE NAME:   <Lab 2.out>
ENTRY POINT SYMBOL: "_c_int00"  address: 00003385


MEMORY CONFIGURATION

         name            origin    length      used     unused   attr    fill
----------------------  --------  ---------  --------  --------  ----  --------
  FLASH                 00000000   00040000  0000384e  0003c7b2  R  X
  SRAM                  20000000   00008000  00000f10  000070f0  RW X


SEGMENT ALLOCATION MAP

run origin  load origin   length   init length attrs members
----------  ----------- ---------- ----------- ----- -------
00000000    00000000    00003850   00003850    r-x
  00000000    00000000    0000026c   0000026c    r-- .intvecs
  0000026c    0000026c    0000347a   0000347a    r-x .text
  000036e6    000036e6    00000118   00000118    r-- .const
  00003800    00003800    00000050   00000050    r-- .cinit
20000000    20000000    00000f14   00000000    rw-
  20000000    20000000    0000026c   00000000    rw- .vtable
  2000026c    2000026c    00000800   00000000    rw- .stack
  20000a70    20000a70    00000400   00000000    rw- .sysmem
  20000e70    20000e70    0000006c   00000000    rw- .bss
  20000edc    20000edc    00000038   00000000    rw- .data


SECTION ALLOCATION MAP

 output                                  attributes/
section   page    origin      length       input sections
--------  ----  ----------  ----------   ----------------
.intvecs   0    00000000    0000026c     
                  00000000    0000026c     tm4c123gh6pm_startup_ccs.obj (.intvecs)

.text      0    0000026c    0000347a     
                  0000026c    0000113e     rtsv7M4_T_le_v4SPD16_eabi.lib : _printfi.obj (.text)
                  000013aa    00000002                                   : mpu_init.obj (.text)
                  000013ac    00000a84     open_interface.obj (.text)
                  00001e30    000003d0     rtsv7M4_T_le_v4SPD16_eabi.lib : memory.obj (.text)
                  00002200    000002ec     lcd.obj (.text)
                  000024ec    000001f4     rtsv7M4_T_le_v4SPD16_eabi.lib : ull_div_t2.obj (.text)
                  000026e0    000001b6                                   : fd_add_t2.obj (.text)
                  00002896    0000015a     movement.obj (.text)
                  000029f0    00000158     timer.obj (.text)
                  00002b48    00000136     rtsv7M4_T_le_v4SPD16_eabi.lib : fd_div_t2.obj (.text)
                  00002c7e    000000fc                                   : fd_mul_t2.obj (.text)
                  00002d7a    00000002                                   : startup.obj (.text)
                  00002d7c    000000fc                                   : s_scalbn.obj (.text)
                  00002e78    000000c4     cliffSensor.obj (.text)
                  00002f3c    0000009c     rtsv7M4_T_le_v4SPD16_eabi.lib : memcpy_t2.obj (.text)
                  00002fd8    00000088                                   : vsnprintf.obj (.text)
                  00003060    00000086                                   : fd_cmp_t2.obj (.text:__aeabi_cdcmple)
                  000030e6    00000086                                   : fd_cmp_t2.obj (.text:__aeabi_cdrcmple)
                  0000316c    0000007a                                   : memset_t2.obj (.text)
                  000031e6    00000002     --HOLE-- [fill = 0]
                  000031e8    00000070                                   : autoinit.obj (.text)
                  00003258    00000068                                   : copy_decompress_lzss.obj (.text:decompress:lzss)
                  000032c0    00000064                                   : s_frexp.obj (.text)
                  00003324    0000005e     movementTest.obj (.text)
                  00003382    00000002     --HOLE-- [fill = 0]
                  00003384    00000054     rtsv7M4_T_le_v4SPD16_eabi.lib : boot.obj (.text)
                  000033d8    00000054                                   : exit.obj (.text)
                  0000342c    00000054                                   : ltoa.obj (.text)
                  00003480    0000004c                                   : atoi.obj (.text)
                  000034cc    0000004c                                   : cpy_tbl.obj (.text)
                  00003518    00000048                                   : fd_toi_t2.obj (.text)
                  00003560    00000034     driverlib.lib : interrupt.obj (.text:IntRegister)
                  00003594    0000002e     rtsv7M4_T_le_v4SPD16_eabi.lib : i_tofd_t2.obj (.text)
                  000035c2    0000001c                                   : memccpy.obj (.text)
                  000035de    00000018     open_interface.obj (.text:oi_parseInt)
                  000035f6    00000002     --HOLE-- [fill = 0]
                  000035f8    00000018     rtsv7M4_T_le_v4SPD16_eabi.lib : args_main.obj (.text)
                  00003610    00000018                                   : strcmp.obj (.text)
                  00003628    00000016                                   : strchr.obj (.text)
                  0000363e    00000002     --HOLE-- [fill = 0]
                  00003640    00000014                                   : _lock.obj (.text)
                  00003654    00000014                                   : s_copysign.obj (.text)
                  00003668    00000014                                   : strcpy.obj (.text)
                  0000367c    00000014                                   : strlen.obj (.text)
                  00003690    00000010     driverlib.lib : interrupt.obj (.text:IntMasterEnable)
                  000036a0    00000010     lcd.obj (.text:lcd_clear)
                  000036b0    0000000e     rtsv7M4_T_le_v4SPD16_eabi.lib : copy_decompress_none.obj (.text:decompress:none)
                  000036be    0000000c     driverlib.lib : cpu.obj (.text:CPUcpsie)
                  000036ca    0000000c     rtsv7M4_T_le_v4SPD16_eabi.lib : copy_zero_init.obj (.text:decompress:ZI)
                  000036d6    0000000c     tm4c123gh6pm_startup_ccs.obj (.text)
                  000036e2    00000004     rtsv7M4_T_le_v4SPD16_eabi.lib : pre_init.obj (.text)

.const     0    000036e6    00000118     
                  000036e6    00000101     rtsv7M4_T_le_v4SPD16_eabi.lib : ctype.obj (.const:.string:_ctypes_)
                  000037e7    0000000f     open_interface.obj (.const:.string:$P$T0$3)
                  000037f6    00000004     lcd.obj (.const:.string:lineAddress$1)
                  000037fa    00000004     lcd.obj (.const:.string:lineAddresses$2)

.cinit     0    00003800    00000050     
                  00003800    0000001c     (.cinit..data.load) [load image, compression = lzss]
                  0000381c    0000000c     (__TI_handler_table)
                  00003828    00000008     (.cinit..bss.load) [load image, compression = zero_init]
                  00003830    00000008     (.cinit..vtable.load) [load image, compression = zero_init]
                  00003838    00000018     (__TI_cinit_table)

.init_array 
*          0    00000000    00000000     UNINITIALIZED

.vtable    0    20000000    0000026c     UNINITIALIZED
                  20000000    0000026c     driverlib.lib : interrupt.obj (.vtable)

.stack     0    2000026c    00000800     UNINITIALIZED
                  2000026c    00000800     --HOLE--

.sysmem    0    20000a70    00000400     UNINITIALIZED
                  20000a70    00000008     rtsv7M4_T_le_v4SPD16_eabi.lib : memory.obj (.sysmem)
                  20000a78    000003f8     --HOLE--

.bss       0    20000e70    0000006c     UNINITIALIZED
                  20000e70    00000054     lcd.obj (.bss:lastbuffer$3)
                  20000ec4    00000018     open_interface.obj (.bss:firmware$2)

.data      0    20000edc    00000038     UNINITIALIZED
                  20000edc    00000010     open_interface.obj (.data)
                  20000eec    0000000c     rtsv7M4_T_le_v4SPD16_eabi.lib : exit.obj (.data:$O1$$)
                  20000ef8    0000000c                                   : memory.obj (.data:$O1$$)
                  20000f04    00000008                                   : _lock.obj (.data:$O1$$)
                  20000f0c    00000004                                   : errno.obj (.data)
                  20000f10    00000004                                   : stkdepth_vars.obj (.data)

MODULE SUMMARY

       Module                         code    ro data   rw data
       ------                         ----    -------   -------
    .\
       open_interface.obj             2716    15        40     
       lcd.obj                        764     8         84     
       tm4c123gh6pm_startup_ccs.obj   12      620       0      
       movement.obj                   346     0         0      
       timer.obj                      344     0         0      
       cliffSensor.obj                196     0         0      
       movementTest.obj               94      0         0      
    +--+------------------------------+-------+---------+---------+
       Total:                         4472    643       124    
                                                               
    C:/ti/TivaWare_C_Series-2.1.2.111/driverlib/ccs/Debug/driverlib.lib
       interrupt.obj                  68      0         620    
       cpu.obj                        12      0         0      
    +--+------------------------------+-------+---------+---------+
       Total:                         80      0         620    
                                                               
    C:\ti\ccsv7\tools\compiler\ti-cgt-arm_16.9.1.LTS\lib\rtsv7M4_T_le_v4SPD16_eabi.lib
       _printfi.obj                   4414    0         0      
       memory.obj                     976     0         12     
       ull_div_t2.obj                 500     0         0      
       fd_add_t2.obj                  438     0         0      
       fd_div_t2.obj                  310     0         0      
       fd_cmp_t2.obj                  268     0         0      
       ctype.obj                      0       257       0      
       fd_mul_t2.obj                  252     0         0      
       s_scalbn.obj                   252     0         0      
       memcpy_t2.obj                  156     0         0      
       vsnprintf.obj                  136     0         0      
       memset_t2.obj                  122     0         0      
       autoinit.obj                   112     0         0      
       copy_decompress_lzss.obj       104     0         0      
       s_frexp.obj                    100     0         0      
       exit.obj                       84      0         12     
       boot.obj                       84      0         0      
       ltoa.obj                       84      0         0      
       atoi.obj                       76      0         0      
       cpy_tbl.obj                    76      0         0      
       fd_toi_t2.obj                  72      0         0      
       i_tofd_t2.obj                  46      0         0      
       _lock.obj                      20      0         8      
       memccpy.obj                    28      0         0      
       args_main.obj                  24      0         0      
       strcmp.obj                     24      0         0      
       strchr.obj                     22      0         0      
       s_copysign.obj                 20      0         0      
       strcpy.obj                     20      0         0      
       strlen.obj                     20      0         0      
       copy_decompress_none.obj       14      0         0      
       copy_zero_init.obj             12      0         0      
       errno.obj                      0       0         4      
       pre_init.obj                   4       0         0      
       stkdepth_vars.obj              0       0         4      
       mpu_init.obj                   2       0         0      
       startup.obj                    2       0         0      
    +--+------------------------------+-------+---------+---------+
       Total:                         8874    257       40     
                                                               
       Heap:                          0       0         1024   
       Stack:                         0       0         2048   
       Linker Generated:              0       80        0      
    +--+------------------------------+-------+---------+---------+
       Grand Total:                   13426   980       3856   


LINKER GENERATED COPY TABLES

__TI_cinit_table @ 00003838 records: 3, size/record: 8, table size: 24
	.data: load addr=00003800, load size=0000001c bytes, run addr=20000edc, run size=00000038 bytes, compression=lzss
	.bss: load addr=00003828, load size=00000008 bytes, run addr=20000e70, run size=0000006c bytes, compression=zero_init
	.vtable: load addr=00003830, load size=00000008 bytes, run addr=20000000, run size=0000026c bytes, compression=zero_init


LINKER GENERATED HANDLER TABLE

__TI_handler_table @ 0000381c records: 3, size/record: 4, table size: 12
	index: 0, handler: __TI_zero_init
	index: 1, handler: __TI_decompress_lzss
	index: 2, handler: __TI_decompress_none


GLOBAL SYMBOLS: SORTED ALPHABETICALLY BY Name 

address   name                           
-------   ----                           
000033d9  C$$EXIT                        
000036bf  CPUcpsie                       
00001ca3  GPIOF_Handler                  
00003691  IntMasterEnable                
00003561  IntRegister                    
000036d7  ResetISR                       
UNDEFED   SHT$$INIT_ARRAY$$Base          
UNDEFED   SHT$$INIT_ARRAY$$Limit         
20000a6c  __STACK_END                    
00000800  __STACK_SIZE                   
2000046c  __STACK_TOP                    
00000400  __SYSMEM_SIZE                  
00003838  __TI_CINIT_Base                
00003850  __TI_CINIT_Limit               
0000381c  __TI_Handler_Table_Base        
00003828  __TI_Handler_Table_Limit       
000031e9  __TI_auto_init                 
20000eec  __TI_cleanup_ptr               
00003259  __TI_decompress_lzss           
000036b1  __TI_decompress_none           
20000ef0  __TI_dtors_ptr                 
20000ef4  __TI_enable_exit_profile_output
ffffffff  __TI_pprof_out_hndl            
00000ab1  __TI_printfi                   
ffffffff  __TI_prof_data_size            
ffffffff  __TI_prof_data_start           
00000000  __TI_static_base__             
000036cb  __TI_zero_init                 
00003061  __aeabi_cdcmpeq                
00003061  __aeabi_cdcmple                
000030e7  __aeabi_cdrcmple               
00003519  __aeabi_d2iz                   
000026eb  __aeabi_dadd                   
00002b49  __aeabi_ddiv                   
00002c7f  __aeabi_dmul                   
000026e1  __aeabi_dsub                   
00003595  __aeabi_i2d                    
0000316d  __aeabi_memclr                 
0000316d  __aeabi_memclr4                
0000316d  __aeabi_memclr8                
00002f3d  __aeabi_memcpy                 
00002f3d  __aeabi_memcpy4                
00002f3d  __aeabi_memcpy8                
0000316f  __aeabi_memset                 
0000316f  __aeabi_memset4                
0000316f  __aeabi_memset8                
000024ed  __aeabi_uldivmod               
ffffffff  __binit__                      
ffffffff  __c_args__                     
000013ab  __mpu_init                     
2000026c  __stack                        
000035f9  _args_main                     
00003385  _c_int00                       
000036e6  _ctypes_                       
20000f04  _lock                          
0000364f  _nop                           
00003647  _register_lock                 
00003641  _register_unlock               
20000a70  _sys_memory                    
00002d7b  _system_post_cinit             
000036e3  _system_pre_init               
20000f08  _unlock                        
000033dd  abort                          
00003481  atoi                           
ffffffff  binit                          
000021d1  calloc                         
00002e79  checkAnyCliff                  
00002edb  checkBoundary                  
000034cd  copy_in                        
00003655  copysign                       
00003655  copysignl                      
20000f0c  errno                          
000033e5  exit                           
00001f1b  free                           
000032c1  frexp                          
000032c1  frexpl                         
20000000  g_pfnRAMVectors                
00000000  g_pfnVectors                   
00001cc5  getDegrees                     
00001a51  go_charge                      
000036a1  lcd_clear                      
00002399  lcd_gotoLine                   
00002201  lcd_init                       
000023ff  lcd_printf                     
000022c1  lcd_putc                       
000022f9  lcd_puts                       
00002317  lcd_sendCommand                
00002355  lcd_sendNibble                 
000023c1  lcd_setCursorPos               
00002d7d  ldexp                          
00002d7d  ldexpl                         
0000342d  ltoa                           
00003325  main                           
20000f10  main_func_sp                   
00001eb1  malloc                         
000020e5  memalign                       
000035c3  memccpy                        
00002f3d  memcpy                         
00003175  memset                         
00001e31  minit                          
0000299f  move_backward                  
00002897  move_forward                   
000013ad  oi_alloc                       
00001b7b  oi_checkFirmware               
00001403  oi_close                       
000013b9  oi_free                        
000013ed  oi_init                        
000013c9  oi_init_noupdate               
000019e7  oi_loadSong                    
000035df  oi_parseInt                    
00001467  oi_parsePacket                 
00001a3d  oi_play_song                   
00001961  oi_setLeds                     
000019a5  oi_setWheels                   
00001c31  oi_shutoff_init                
00001a5f  oi_uartInit                    
00001b03  oi_uartReceive                 
00001b49  oi_uartSendBuff                
00001ae7  oi_uartSendChar                
00001b2b  oi_uartSendStr                 
00001415  oi_update                      
00001fdd  realloc                        
00002d7d  scalbn                         
00002d7d  scalbnl                        
000029e5  stop                           
00003629  strchr                         
00003611  strcmp                         
00003669  strcpy                         
0000367d  strlen                         
00002b01  timer_getClock                 
00002ab5  timer_startClock               
00002a4f  timer_startTimer               
00002b07  timer_stopClock                
00002a9f  timer_stopTimer                
00002a25  timer_waitMicros               
000029f1  timer_waitMillis               
0000292b  turn_ccw                       
00002967  turn_cw                        
00002fd9  vsnprintf                      


GLOBAL SYMBOLS: SORTED BY Symbol Address 

address   name                           
-------   ----                           
00000000  __TI_static_base__             
00000000  g_pfnVectors                   
00000400  __SYSMEM_SIZE                  
00000800  __STACK_SIZE                   
00000ab1  __TI_printfi                   
000013ab  __mpu_init                     
000013ad  oi_alloc                       
000013b9  oi_free                        
000013c9  oi_init_noupdate               
000013ed  oi_init                        
00001403  oi_close                       
00001415  oi_update                      
00001467  oi_parsePacket                 
00001961  oi_setLeds                     
000019a5  oi_setWheels                   
000019e7  oi_loadSong                    
00001a3d  oi_play_song                   
00001a51  go_charge                      
00001a5f  oi_uartInit                    
00001ae7  oi_uartSendChar                
00001b03  oi_uartReceive                 
00001b2b  oi_uartSendStr                 
00001b49  oi_uartSendBuff                
00001b7b  oi_checkFirmware               
00001c31  oi_shutoff_init                
00001ca3  GPIOF_Handler                  
00001cc5  getDegrees                     
00001e31  minit                          
00001eb1  malloc                         
00001f1b  free                           
00001fdd  realloc                        
000020e5  memalign                       
000021d1  calloc                         
00002201  lcd_init                       
000022c1  lcd_putc                       
000022f9  lcd_puts                       
00002317  lcd_sendCommand                
00002355  lcd_sendNibble                 
00002399  lcd_gotoLine                   
000023c1  lcd_setCursorPos               
000023ff  lcd_printf                     
000024ed  __aeabi_uldivmod               
000026e1  __aeabi_dsub                   
000026eb  __aeabi_dadd                   
00002897  move_forward                   
0000292b  turn_ccw                       
00002967  turn_cw                        
0000299f  move_backward                  
000029e5  stop                           
000029f1  timer_waitMillis               
00002a25  timer_waitMicros               
00002a4f  timer_startTimer               
00002a9f  timer_stopTimer                
00002ab5  timer_startClock               
00002b01  timer_getClock                 
00002b07  timer_stopClock                
00002b49  __aeabi_ddiv                   
00002c7f  __aeabi_dmul                   
00002d7b  _system_post_cinit             
00002d7d  ldexp                          
00002d7d  ldexpl                         
00002d7d  scalbn                         
00002d7d  scalbnl                        
00002e79  checkAnyCliff                  
00002edb  checkBoundary                  
00002f3d  __aeabi_memcpy                 
00002f3d  __aeabi_memcpy4                
00002f3d  __aeabi_memcpy8                
00002f3d  memcpy                         
00002fd9  vsnprintf                      
00003061  __aeabi_cdcmpeq                
00003061  __aeabi_cdcmple                
000030e7  __aeabi_cdrcmple               
0000316d  __aeabi_memclr                 
0000316d  __aeabi_memclr4                
0000316d  __aeabi_memclr8                
0000316f  __aeabi_memset                 
0000316f  __aeabi_memset4                
0000316f  __aeabi_memset8                
00003175  memset                         
000031e9  __TI_auto_init                 
00003259  __TI_decompress_lzss           
000032c1  frexp                          
000032c1  frexpl                         
00003325  main                           
00003385  _c_int00                       
000033d9  C$$EXIT                        
000033dd  abort                          
000033e5  exit                           
0000342d  ltoa                           
00003481  atoi                           
000034cd  copy_in                        
00003519  __aeabi_d2iz                   
00003561  IntRegister                    
00003595  __aeabi_i2d                    
000035c3  memccpy                        
000035df  oi_parseInt                    
000035f9  _args_main                     
00003611  strcmp                         
00003629  strchr                         
00003641  _register_unlock               
00003647  _register_lock                 
0000364f  _nop                           
00003655  copysign                       
00003655  copysignl                      
00003669  strcpy                         
0000367d  strlen                         
00003691  IntMasterEnable                
000036a1  lcd_clear                      
000036b1  __TI_decompress_none           
000036bf  CPUcpsie                       
000036cb  __TI_zero_init                 
000036d7  ResetISR                       
000036e3  _system_pre_init               
000036e6  _ctypes_                       
0000381c  __TI_Handler_Table_Base        
00003828  __TI_Handler_Table_Limit       
00003838  __TI_CINIT_Base                
00003850  __TI_CINIT_Limit               
20000000  g_pfnRAMVectors                
2000026c  __stack                        
2000046c  __STACK_TOP                    
20000a6c  __STACK_END                    
20000a70  _sys_memory                    
20000eec  __TI_cleanup_ptr               
20000ef0  __TI_dtors_ptr                 
20000ef4  __TI_enable_exit_profile_output
20000f04  _lock                          
20000f08  _unlock                        
20000f0c  errno                          
20000f10  main_func_sp                   
ffffffff  __TI_pprof_out_hndl            
ffffffff  __TI_prof_data_size            
ffffffff  __TI_prof_data_start           
ffffffff  __binit__                      
ffffffff  __c_args__                     
ffffffff  binit                          
UNDEFED   SHT$$INIT_ARRAY$$Base          
UNDEFED   SHT$$INIT_ARRAY$$Limit         

[139 symbols]
