******************************************************************************
                  TI ARM Linker PC v16.9.4                     
******************************************************************************
>> Linked Thu Nov 30 12:56:10 2017

OUTPUT FILE NAME:   <Lab 2.out>
ENTRY POINT SYMBOL: "_c_int00"  address: 00004d05


MEMORY CONFIGURATION

         name            origin    length      used     unused   attr    fill
----------------------  --------  ---------  --------  --------  ----  --------
  FLASH                 00000000   00040000  0000529d  0003ad63  R  X
  SRAM                  20000000   00008000  00000f52  000070ae  RW X


SEGMENT ALLOCATION MAP

run origin  load origin   length   init length attrs members
----------  ----------- ---------- ----------- ----- -------
00000000    00000000    000052a0   000052a0    r-x
  00000000    00000000    0000026c   0000026c    r-- .intvecs
  0000026c    0000026c    00004e7a   00004e7a    r-x .text
  000050e8    000050e8    0000015f   0000015f    r-- .const
  00005248    00005248    00000058   00000058    r-- .cinit
20000000    20000000    00000f56   00000000    rw-
  20000000    20000000    0000026c   00000000    rw- .vtable
  2000026c    2000026c    00000800   00000000    rw- .stack
  20000a70    20000a70    00000400   00000000    rw- .sysmem
  20000e70    20000e70    00000078   00000000    rw- .data
  20000ee8    20000ee8    0000006e   00000000    rw- .bss


SECTION ALLOCATION MAP

 output                                  attributes/
section   page    origin      length       input sections
--------  ----  ----------  ----------   ----------------
.intvecs   0    00000000    0000026c     
                  00000000    0000026c     tm4c123gh6pm_startup_ccs.obj (.intvecs)

.text      0    0000026c    00004e7a     
                  0000026c    0000113e     rtsv7M4_T_le_v4SPD16_eabi.lib : _printfi.obj (.text)
                  000013aa    00000002                                   : mpu_init.obj (.text)
                  000013ac    00000a84     open_interface.obj (.text)
                  00001e30    000009ac     rtsv7M4_T_le_v4SPD16_eabi.lib : e_pow.obj (.text)
                  000027dc    0000051c     scanner.obj (.text)
                  00002cf8    000003d0     rtsv7M4_T_le_v4SPD16_eabi.lib : memory.obj (.text)
                  000030c8    000002ec     lcd.obj (.text)
                  000033b4    000001f4     rtsv7M4_T_le_v4SPD16_eabi.lib : ull_div_t2.obj (.text)
                  000035a8    000001e2     movement.obj (.text)
                  0000378a    000001b6     rtsv7M4_T_le_v4SPD16_eabi.lib : fd_add_t2.obj (.text)
                  00003940    00000170                                   : e_sqrt.obj (.text)
                  00003ab0    0000016c     init.obj (.text)
                  00003c1c    00000158     timer.obj (.text)
                  00003d74    00000136     rtsv7M4_T_le_v4SPD16_eabi.lib : fd_div_t2.obj (.text)
                  00003eaa    00000002                                   : startup.obj (.text)
                  00003eac    0000012c     sonar.obj (.text)
                  00003fd8    0000010c     wifi.obj (.text)
                  000040e4    00000100     uart.obj (.text)
                  000041e4    000000fc     main.obj (.text)
                  000042e0    000000fc     rtsv7M4_T_le_v4SPD16_eabi.lib : fd_mul_t2.obj (.text)
                  000043dc    000000fc                                   : s_scalbn.obj (.text)
                  000044d8    000000e0     servo.obj (.text)
                  000045b8    000000c4     cliffSensor.obj (.text)
                  0000467c    000000c0     adc.obj (.text)
                  0000473c    000000a4     rtsv7M4_T_le_v4SPD16_eabi.lib : s_sinf.obj (.text)
                  000047e0    0000009c                                   : memcpy_t2.obj (.text)
                  0000487c    00000088                                   : vsnprintf.obj (.text)
                  00004904    00000086                                   : fd_cmp_t2.obj (.text:__aeabi_cdcmple)
                  0000498a    00000086                                   : fd_cmp_t2.obj (.text:__aeabi_cdrcmple)
                  00004a10    0000007a                                   : memset_t2.obj (.text)
                  00004a8a    00000002     --HOLE-- [fill = 0]
                  00004a8c    00000070                                   : autoinit.obj (.text)
                  00004afc    0000006e                                   : fd_tos_t2.obj (.text)
                  00004b6a    0000006c     control.obj (.text)
                  00004bd6    00000068     rtsv7M4_T_le_v4SPD16_eabi.lib : copy_decompress_lzss.obj (.text:decompress:lzss)
                  00004c3e    00000002     --HOLE-- [fill = 0]
                  00004c40    00000064                                   : s_frexp.obj (.text)
                  00004ca4    00000060                                   : sprintf.obj (.text)
                  00004d04    00000054                                   : boot.obj (.text)
                  00004d58    00000054                                   : exit.obj (.text)
                  00004dac    00000054                                   : ltoa.obj (.text)
                  00004e00    0000004c                                   : atoi.obj (.text)
                  00004e4c    0000004c                                   : cpy_tbl.obj (.text)
                  00004e98    00000048     music.obj (.text)
                  00004ee0    00000048     rtsv7M4_T_le_v4SPD16_eabi.lib : fd_toi_t2.obj (.text)
                  00004f28    00000038                                   : fs_tod_t2.obj (.text)
                  00004f60    00000034     driverlib.lib : interrupt.obj (.text:IntRegister)
                  00004f94    0000002e     rtsv7M4_T_le_v4SPD16_eabi.lib : i_tofd_t2.obj (.text)
                  00004fc2    0000001c                                   : memccpy.obj (.text)
                  00004fde    00000018     open_interface.obj (.text:oi_parseInt)
                  00004ff6    00000002     --HOLE-- [fill = 0]
                  00004ff8    00000018     rtsv7M4_T_le_v4SPD16_eabi.lib : args_main.obj (.text)
                  00005010    00000018                                   : strcmp.obj (.text)
                  00005028    00000016                                   : strchr.obj (.text)
                  0000503e    00000002     --HOLE-- [fill = 0]
                  00005040    00000014                                   : _lock.obj (.text)
                  00005054    00000014                                   : s_copysign.obj (.text)
                  00005068    00000014                                   : strcpy.obj (.text)
                  0000507c    00000014                                   : strlen.obj (.text)
                  00005090    00000010     driverlib.lib : interrupt.obj (.text:IntMasterEnable)
                  000050a0    00000010     lcd.obj (.text:lcd_clear)
                  000050b0    0000000e     rtsv7M4_T_le_v4SPD16_eabi.lib : copy_decompress_none.obj (.text:decompress:none)
                  000050be    0000000c     driverlib.lib : cpu.obj (.text:CPUcpsie)
                  000050ca    0000000c     rtsv7M4_T_le_v4SPD16_eabi.lib : copy_zero_init.obj (.text:decompress:ZI)
                  000050d6    0000000c     tm4c123gh6pm_startup_ccs.obj (.text)
                  000050e2    00000004     rtsv7M4_T_le_v4SPD16_eabi.lib : pre_init.obj (.text)

.const     0    000050e8    0000015f     
                  000050e8    00000101     rtsv7M4_T_le_v4SPD16_eabi.lib : ctype.obj (.const:.string:_ctypes_)
                  000051e9    00000004     lcd.obj (.const:.string:lineAddress$1)
                  000051ed    00000003     --HOLE-- [fill = 0]
                  000051f0    00000030     rtsv7M4_T_le_v4SPD16_eabi.lib : e_pow.obj (.const:$O1$$)
                  00005220    0000000f     open_interface.obj (.const:.string:$P$T0$3)
                  0000522f    0000000a     music.obj (.const:.string:$P$T0$1)
                  00005239    0000000a     music.obj (.const:.string:$P$T1$2)
                  00005243    00000004     lcd.obj (.const:.string:lineAddresses$2)

.cinit     0    00005248    00000058     
                  00005248    00000020     (.cinit..data.load) [load image, compression = lzss]
                  00005268    0000000c     (__TI_handler_table)
                  00005274    00000004     --HOLE-- [fill = 0]
                  00005278    00000008     (.cinit..bss.load) [load image, compression = zero_init]
                  00005280    00000008     (.cinit..vtable.load) [load image, compression = zero_init]
                  00005288    00000018     (__TI_cinit_table)

.init_array 
*          0    00000000    00000000     UNINITIALIZED

.vtable    0    20000000    0000026c     UNINITIALIZED
                  20000000    0000026c     driverlib.lib : interrupt.obj (.vtable)

.stack     0    2000026c    00000800     UNINITIALIZED
                  2000026c    00000800     --HOLE--

.sysmem    0    20000a70    00000400     UNINITIALIZED
                  20000a70    00000008     rtsv7M4_T_le_v4SPD16_eabi.lib : memory.obj (.sysmem)
                  20000a78    000003f8     --HOLE--

.data      0    20000e70    00000078     UNINITIALIZED
                  20000e70    0000002d     scanner.obj (.data)
                  20000e9d    00000003     --HOLE--
                  20000ea0    00000010     open_interface.obj (.data)
                  20000eb0    00000010     sonar.obj (.data)
                  20000ec0    0000000c     rtsv7M4_T_le_v4SPD16_eabi.lib : exit.obj (.data:$O1$$)
                  20000ecc    0000000c                                   : memory.obj (.data:$O1$$)
                  20000ed8    00000008                                   : _lock.obj (.data:$O1$$)
                  20000ee0    00000004                                   : errno.obj (.data)
                  20000ee4    00000004                                   : stkdepth_vars.obj (.data)

.bss       0    20000ee8    0000006e     UNINITIALIZED
                  20000ee8    00000054     lcd.obj (.bss:lastbuffer$3)
                  20000f3c    00000018     open_interface.obj (.bss:firmware$2)
                  20000f54    00000001     (.common:cycle)
                  20000f55    00000001     (.common:feedback)

MODULE SUMMARY

       Module                         code    ro data   rw data
       ------                         ----    -------   -------
    .\
       open_interface.obj             2716    15        40     
       scanner.obj                    1308    0         45     
       lcd.obj                        764     8         84     
       tm4c123gh6pm_startup_ccs.obj   12      620       0      
       movement.obj                   482     0         0      
       init.obj                       364     0         0      
       timer.obj                      344     0         0      
       sonar.obj                      300     0         17     
       wifi.obj                       268     0         0      
       uart.obj                       256     0         0      
       main.obj                       252     0         1      
       servo.obj                      224     0         0      
       cliffSensor.obj                196     0         0      
       adc.obj                        192     0         0      
       control.obj                    108     0         0      
       music.obj                      72      20        0      
    +--+------------------------------+-------+---------+---------+
       Total:                         7858    663       187    
                                                               
    C:/ti/TivaWare_C_Series-2.1.2.111/driverlib/ccs/Debug/driverlib.lib
       interrupt.obj                  68      0         620    
       cpu.obj                        12      0         0      
    +--+------------------------------+-------+---------+---------+
       Total:                         80      0         620    
                                                               
    C:\ti\ccsv7\tools\compiler\ti-cgt-arm_16.9.4.LTS\lib\rtsv7M4_T_le_v4SPD16_eabi.lib
       _printfi.obj                   4414    0         0      
       e_pow.obj                      2476    48        0      
       memory.obj                     976     0         12     
       ull_div_t2.obj                 500     0         0      
       fd_add_t2.obj                  438     0         0      
       e_sqrt.obj                     368     0         0      
       fd_div_t2.obj                  310     0         0      
       fd_cmp_t2.obj                  268     0         0      
       ctype.obj                      0       257       0      
       fd_mul_t2.obj                  252     0         0      
       s_scalbn.obj                   252     0         0      
       s_sinf.obj                     164     0         0      
       memcpy_t2.obj                  156     0         0      
       vsnprintf.obj                  136     0         0      
       memset_t2.obj                  122     0         0      
       autoinit.obj                   112     0         0      
       fd_tos_t2.obj                  110     0         0      
       copy_decompress_lzss.obj       104     0         0      
       s_frexp.obj                    100     0         0      
       exit.obj                       84      0         12     
       sprintf.obj                    96      0         0      
       boot.obj                       84      0         0      
       ltoa.obj                       84      0         0      
       atoi.obj                       76      0         0      
       cpy_tbl.obj                    76      0         0      
       fd_toi_t2.obj                  72      0         0      
       fs_tod_t2.obj                  56      0         0      
       i_tofd_t2.obj                  46      0         0      
       _lock.obj                      20      0         8      
       memccpy.obj                    28      0         0      
       args_main.obj                  24      0         0      
       strcmp.obj                     24      0         0      
       strchr.obj                     22      0         0      
       s_copysign.obj                 20      0         0      
       strcpy.obj                     20      0         0      
       strlen.obj                     20      0         0      
       copy_decompress_none.obj       14      0         0      
       copy_zero_init.obj             12      0         0      
       errno.obj                      0       0         4      
       pre_init.obj                   4       0         0      
       stkdepth_vars.obj              0       0         4      
       mpu_init.obj                   2       0         0      
       startup.obj                    2       0         0      
    +--+------------------------------+-------+---------+---------+
       Total:                         12144   305       40     
                                                               
       Heap:                          0       0         1024   
       Stack:                         0       0         2048   
       Linker Generated:              0       84        0      
    +--+------------------------------+-------+---------+---------+
       Grand Total:                   20082   1052      3919   


LINKER GENERATED COPY TABLES

__TI_cinit_table @ 00005288 records: 3, size/record: 8, table size: 24
	.data: load addr=00005248, load size=00000020 bytes, run addr=20000e70, run size=00000078 bytes, compression=lzss
	.bss: load addr=00005278, load size=00000008 bytes, run addr=20000ee8, run size=0000006e bytes, compression=zero_init
	.vtable: load addr=00005280, load size=00000008 bytes, run addr=20000000, run size=0000026c bytes, compression=zero_init


LINKER GENERATED HANDLER TABLE

__TI_handler_table @ 00005268 records: 3, size/record: 4, table size: 12
	index: 0, handler: __TI_zero_init
	index: 1, handler: __TI_decompress_lzss
	index: 2, handler: __TI_decompress_none


GLOBAL SYMBOLS: SORTED ALPHABETICALLY BY Name 

address   name                           
-------   ----                           
00004d59  C$$EXIT                        
000050bf  CPUcpsie                       
00001ca3  GPIOF_Handler                  
00005091  IntMasterEnable                
00004f61  IntRegister                    
000050d7  ResetISR                       
UNDEFED   SHT$$INIT_ARRAY$$Base          
UNDEFED   SHT$$INIT_ARRAY$$Limit         
20000e9c  STATE                          
00003ead  TIMER3B_Handler                
0000403f  WiFi_Check                     
00003fd9  WiFi_start                     
00004031  WiFi_stop                      
20000a6c  __STACK_END                    
00000800  __STACK_SIZE                   
2000046c  __STACK_TOP                    
00000400  __SYSMEM_SIZE                  
00005288  __TI_CINIT_Base                
000052a0  __TI_CINIT_Limit               
00005268  __TI_Handler_Table_Base        
00005274  __TI_Handler_Table_Limit       
00004a8d  __TI_auto_init                 
20000ec0  __TI_cleanup_ptr               
00004bd7  __TI_decompress_lzss           
000050b1  __TI_decompress_none           
20000ec4  __TI_dtors_ptr                 
20000ec8  __TI_enable_exit_profile_output
ffffffff  __TI_pprof_out_hndl            
00000ab1  __TI_printfi                   
ffffffff  __TI_prof_data_size            
ffffffff  __TI_prof_data_start           
00000000  __TI_static_base__             
000050cb  __TI_zero_init                 
00004905  __aeabi_cdcmpeq                
00004905  __aeabi_cdcmple                
0000498b  __aeabi_cdrcmple               
00004afd  __aeabi_d2f                    
00004ee1  __aeabi_d2iz                   
00003795  __aeabi_dadd                   
00003d75  __aeabi_ddiv                   
000042e1  __aeabi_dmul                   
0000378b  __aeabi_dsub                   
00004f29  __aeabi_f2d                    
00004f95  __aeabi_i2d                    
00004a11  __aeabi_memclr                 
00004a11  __aeabi_memclr4                
00004a11  __aeabi_memclr8                
000047e1  __aeabi_memcpy                 
000047e1  __aeabi_memcpy4                
000047e1  __aeabi_memcpy8                
00004a13  __aeabi_memset                 
00004a13  __aeabi_memset4                
00004a13  __aeabi_memset8                
000033b5  __aeabi_uldivmod               
ffffffff  __binit__                      
ffffffff  __c_args__                     
000013ab  __mpu_init                     
2000026c  __stack                        
00004ff9  _args_main                     
00004d05  _c_int00                       
000050e8  _ctypes_                       
20000ed8  _lock                          
0000504f  _nop                           
00005047  _register_lock                 
00005041  _register_unlock               
00004057  _sendCommand                   
20000a70  _sys_memory                    
00003eab  _system_post_cinit             
000050e3  _system_pre_init               
20000edc  _unlock                        
00004d5d  abort                          
0000467d  adc_Read                       
00004691  adc_init                       
20000e74  angle1                         
20000e78  angle2                         
00004e01  atoi                           
ffffffff  binit                          
00002a05  calculateLinearWidth           
00003099  calloc                         
0000365f  checkAll                       
000045b9  checkAnyCliff                  
0000461b  checkBoundary                  
00002a75  collectData                    
00004b6b  controller_input               
00004e4d  copy_in                        
00005055  copysign                       
00005055  copysignl                      
20000f54  cycle                          
20000e94  cyclesDetected                 
20000eb8  difference                     
20000ee0  errno                          
00004d65  exit                           
20000eb4  falling_time                   
20000f55  feedback                       
20000e88  firstDistance                  
00002de3  free                           
00004c41  frexp                          
00004c41  frexpl                         
20000000  g_pfnRAMVectors                
00000000  g_pfnVectors                   
00002a99  getAverage                     
00001cc5  getDegrees                     
00002b01  getIRtoDis                     
00001a51  go_charge                      
00003ab1  init_PortB                     
00003ae5  init_timers                    
0000426f  initialize                     
20000e84  irDis                          
000050a1  lcd_clear                      
00003261  lcd_gotoLine                   
000030c9  lcd_init                       
000032c7  lcd_printf                     
00003189  lcd_putc                       
000031c1  lcd_puts                       
000031df  lcd_sendCommand                
0000321d  lcd_sendNibble                 
00003289  lcd_setCursorPos               
000043dd  ldexp                          
000043dd  ldexpl                         
20000e98  linearWidth                    
00004dad  ltoa                           
000041e5  main                           
20000ee4  main_func_sp                   
00002d79  malloc                         
00002fad  memalign                       
00004fc3  memccpy                        
000047e1  memcpy                         
00004a19  memset                         
00002cf9  minit                          
00003733  move_backward                  
000035a9  move_forward                   
000044d9  move_servo                     
00004507  move_servo2                    
20000e70  numObjects                     
000013ad  oi_alloc                       
00001b7b  oi_checkFirmware               
00001403  oi_close                       
000013b9  oi_free                        
000013ed  oi_init                        
000013c9  oi_init_noupdate               
000019e7  oi_loadSong                    
00004fdf  oi_parseInt                    
00001467  oi_parsePacket                 
00001a3d  oi_play_song                   
00001961  oi_setLeds                     
000019a5  oi_setWheels                   
00001c31  oi_shutoff_init                
00001a5f  oi_uartInit                    
00001b03  oi_uartReceive                 
00001b49  oi_uartSendBuff                
00001ae7  oi_uartSendChar                
00001b2b  oi_uartSendStr                 
00001415  oi_update                      
20000ebc  overflow                       
00003f2b  ping_read                      
00004e99  play_songs                     
00003bc9  portB_init                     
00001e31  pow                            
0000429d  power_flash                    
00001e31  powl                           
20000e90  pulse_period                   
00002ea5  realloc                        
000029a9  reset                          
00002b6f  resetTempVars                  
20000eb0  rising_time                    
000043dd  scalbn                         
000043dd  scalbnl                        
000027dd  scan                           
00002b99  sendData                       
00002c1d  sendHeader                     
00003ee5  send_pulse                     
0000453b  setPeriod                      
0000473d  sinf                           
20000e80  sonarDis                       
00004ca5  sprintf                        
00003941  sqrt                           
00003941  sqrtl                          
0000377f  stop                           
00005029  strchr                         
00005011  strcmp                         
00005069  strcpy                         
0000507d  strlen                         
00003d2d  timer_getClock                 
00003ce1  timer_startClock               
00003c7b  timer_startTimer               
00003d33  timer_stopClock                
00003ccb  timer_stopTimer                
00003c51  timer_waitMicros               
00003c1d  timer_waitMillis               
20000e7c  totalAngle                     
20000e8c  totalDis                       
000036b3  turn_ccw                       
000036f5  turn_cw                        
000040e5  uart_init                      
0000416d  uart_receive                   
00004193  uart_sendChar                  
0000487d  vsnprintf                      
00004283  wifiStart                      


GLOBAL SYMBOLS: SORTED BY Symbol Address 

address   name                           
-------   ----                           
00000000  __TI_static_base__             
00000000  g_pfnVectors                   
00000400  __SYSMEM_SIZE                  
00000800  __STACK_SIZE                   
00000ab1  __TI_printfi                   
000013ab  __mpu_init                     
000013ad  oi_alloc                       
000013b9  oi_free                        
000013c9  oi_init_noupdate               
000013ed  oi_init                        
00001403  oi_close                       
00001415  oi_update                      
00001467  oi_parsePacket                 
00001961  oi_setLeds                     
000019a5  oi_setWheels                   
000019e7  oi_loadSong                    
00001a3d  oi_play_song                   
00001a51  go_charge                      
00001a5f  oi_uartInit                    
00001ae7  oi_uartSendChar                
00001b03  oi_uartReceive                 
00001b2b  oi_uartSendStr                 
00001b49  oi_uartSendBuff                
00001b7b  oi_checkFirmware               
00001c31  oi_shutoff_init                
00001ca3  GPIOF_Handler                  
00001cc5  getDegrees                     
00001e31  pow                            
00001e31  powl                           
000027dd  scan                           
000029a9  reset                          
00002a05  calculateLinearWidth           
00002a75  collectData                    
00002a99  getAverage                     
00002b01  getIRtoDis                     
00002b6f  resetTempVars                  
00002b99  sendData                       
00002c1d  sendHeader                     
00002cf9  minit                          
00002d79  malloc                         
00002de3  free                           
00002ea5  realloc                        
00002fad  memalign                       
00003099  calloc                         
000030c9  lcd_init                       
00003189  lcd_putc                       
000031c1  lcd_puts                       
000031df  lcd_sendCommand                
0000321d  lcd_sendNibble                 
00003261  lcd_gotoLine                   
00003289  lcd_setCursorPos               
000032c7  lcd_printf                     
000033b5  __aeabi_uldivmod               
000035a9  move_forward                   
0000365f  checkAll                       
000036b3  turn_ccw                       
000036f5  turn_cw                        
00003733  move_backward                  
0000377f  stop                           
0000378b  __aeabi_dsub                   
00003795  __aeabi_dadd                   
00003941  sqrt                           
00003941  sqrtl                          
00003ab1  init_PortB                     
00003ae5  init_timers                    
00003bc9  portB_init                     
00003c1d  timer_waitMillis               
00003c51  timer_waitMicros               
00003c7b  timer_startTimer               
00003ccb  timer_stopTimer                
00003ce1  timer_startClock               
00003d2d  timer_getClock                 
00003d33  timer_stopClock                
00003d75  __aeabi_ddiv                   
00003eab  _system_post_cinit             
00003ead  TIMER3B_Handler                
00003ee5  send_pulse                     
00003f2b  ping_read                      
00003fd9  WiFi_start                     
00004031  WiFi_stop                      
0000403f  WiFi_Check                     
00004057  _sendCommand                   
000040e5  uart_init                      
0000416d  uart_receive                   
00004193  uart_sendChar                  
000041e5  main                           
0000426f  initialize                     
00004283  wifiStart                      
0000429d  power_flash                    
000042e1  __aeabi_dmul                   
000043dd  ldexp                          
000043dd  ldexpl                         
000043dd  scalbn                         
000043dd  scalbnl                        
000044d9  move_servo                     
00004507  move_servo2                    
0000453b  setPeriod                      
000045b9  checkAnyCliff                  
0000461b  checkBoundary                  
0000467d  adc_Read                       
00004691  adc_init                       
0000473d  sinf                           
000047e1  __aeabi_memcpy                 
000047e1  __aeabi_memcpy4                
000047e1  __aeabi_memcpy8                
000047e1  memcpy                         
0000487d  vsnprintf                      
00004905  __aeabi_cdcmpeq                
00004905  __aeabi_cdcmple                
0000498b  __aeabi_cdrcmple               
00004a11  __aeabi_memclr                 
00004a11  __aeabi_memclr4                
00004a11  __aeabi_memclr8                
00004a13  __aeabi_memset                 
00004a13  __aeabi_memset4                
00004a13  __aeabi_memset8                
00004a19  memset                         
00004a8d  __TI_auto_init                 
00004afd  __aeabi_d2f                    
00004b6b  controller_input               
00004bd7  __TI_decompress_lzss           
00004c41  frexp                          
00004c41  frexpl                         
00004ca5  sprintf                        
00004d05  _c_int00                       
00004d59  C$$EXIT                        
00004d5d  abort                          
00004d65  exit                           
00004dad  ltoa                           
00004e01  atoi                           
00004e4d  copy_in                        
00004e99  play_songs                     
00004ee1  __aeabi_d2iz                   
00004f29  __aeabi_f2d                    
00004f61  IntRegister                    
00004f95  __aeabi_i2d                    
00004fc3  memccpy                        
00004fdf  oi_parseInt                    
00004ff9  _args_main                     
00005011  strcmp                         
00005029  strchr                         
00005041  _register_unlock               
00005047  _register_lock                 
0000504f  _nop                           
00005055  copysign                       
00005055  copysignl                      
00005069  strcpy                         
0000507d  strlen                         
00005091  IntMasterEnable                
000050a1  lcd_clear                      
000050b1  __TI_decompress_none           
000050bf  CPUcpsie                       
000050cb  __TI_zero_init                 
000050d7  ResetISR                       
000050e3  _system_pre_init               
000050e8  _ctypes_                       
00005268  __TI_Handler_Table_Base        
00005274  __TI_Handler_Table_Limit       
00005288  __TI_CINIT_Base                
000052a0  __TI_CINIT_Limit               
20000000  g_pfnRAMVectors                
2000026c  __stack                        
2000046c  __STACK_TOP                    
20000a6c  __STACK_END                    
20000a70  _sys_memory                    
20000e70  numObjects                     
20000e74  angle1                         
20000e78  angle2                         
20000e7c  totalAngle                     
20000e80  sonarDis                       
20000e84  irDis                          
20000e88  firstDistance                  
20000e8c  totalDis                       
20000e90  pulse_period                   
20000e94  cyclesDetected                 
20000e98  linearWidth                    
20000e9c  STATE                          
20000eb0  rising_time                    
20000eb4  falling_time                   
20000eb8  difference                     
20000ebc  overflow                       
20000ec0  __TI_cleanup_ptr               
20000ec4  __TI_dtors_ptr                 
20000ec8  __TI_enable_exit_profile_output
20000ed8  _lock                          
20000edc  _unlock                        
20000ee0  errno                          
20000ee4  main_func_sp                   
20000f54  cycle                          
20000f55  feedback                       
ffffffff  __TI_pprof_out_hndl            
ffffffff  __TI_prof_data_size            
ffffffff  __TI_prof_data_start           
ffffffff  __binit__                      
ffffffff  __c_args__                     
ffffffff  binit                          
UNDEFED   SHT$$INIT_ARRAY$$Base          
UNDEFED   SHT$$INIT_ARRAY$$Limit         

[198 symbols]
