******************************************************************************
                  TI ARM Linker PC v16.9.4                     
******************************************************************************
>> Linked Tue Nov 28 15:38:52 2017

OUTPUT FILE NAME:   <Lab 2.out>
ENTRY POINT SYMBOL: "_c_int00"  address: 00004ded


MEMORY CONFIGURATION

         name            origin    length      used     unused   attr    fill
----------------------  --------  ---------  --------  --------  ----  --------
  FLASH                 00000000   00040000  0000538f  0003ac71  R  X
  SRAM                  20000000   00008000  00000f65  0000709b  RW X


SEGMENT ALLOCATION MAP

run origin  load origin   length   init length attrs members
----------  ----------- ---------- ----------- ----- -------
00000000    00000000    00005398   00005398    r-x
  00000000    00000000    0000026c   0000026c    r-- .intvecs
  0000026c    0000026c    00004f62   00004f62    r-x .text
  000051d0    000051d0    00000169   00000169    r-- .const
  00005340    00005340    00000058   00000058    r-- .cinit
20000000    20000000    00000f6c   00000000    rw-
  20000000    20000000    0000026c   00000000    rw- .vtable
  2000026c    2000026c    00000800   00000000    rw- .stack
  20000a70    20000a70    00000400   00000000    rw- .sysmem
  20000e70    20000e70    00000085   00000000    rw- .bss
  20000ef8    20000ef8    00000074   00000000    rw- .data


SECTION ALLOCATION MAP

 output                                  attributes/
section   page    origin      length       input sections
--------  ----  ----------  ----------   ----------------
.intvecs   0    00000000    0000026c     
                  00000000    0000026c     tm4c123gh6pm_startup_ccs.obj (.intvecs)

.text      0    0000026c    00004f62     
                  0000026c    0000113e     rtsv7M4_T_le_v4SPD16_eabi.lib : _printfi.obj (.text)
                  000013aa    00000002                                   : mpu_init.obj (.text)
                  000013ac    00000a84     open_interface.obj (.text)
                  00001e30    000009ac     rtsv7M4_T_le_v4SPD16_eabi.lib : e_pow.obj (.text)
                  000027dc    00000664     scanner.obj (.text)
                  00002e40    000003d0     rtsv7M4_T_le_v4SPD16_eabi.lib : memory.obj (.text)
                  00003210    000002ec     lcd.obj (.text)
                  000034fc    000001f4     rtsv7M4_T_le_v4SPD16_eabi.lib : ull_div_t2.obj (.text)
                  000036f0    000001b6                                   : fd_add_t2.obj (.text)
                  000038a6    00000002                                   : startup.obj (.text)
                  000038a8    0000018c     main.obj (.text)
                  00003a34    00000170     rtsv7M4_T_le_v4SPD16_eabi.lib : e_sqrt.obj (.text)
                  00003ba4    0000016c     init.obj (.text)
                  00003d10    0000015a     movement.obj (.text)
                  00003e6a    00000002     --HOLE-- [fill = 0]
                  00003e6c    00000158     timer.obj (.text)
                  00003fc4    00000136     rtsv7M4_T_le_v4SPD16_eabi.lib : fd_div_t2.obj (.text)
                  000040fa    00000002     --HOLE-- [fill = 0]
                  000040fc    0000012c     sonar.obj (.text)
                  00004228    0000010c     wifi.obj (.text)
                  00004334    00000100     uart.obj (.text)
                  00004434    000000fc     rtsv7M4_T_le_v4SPD16_eabi.lib : fd_mul_t2.obj (.text)
                  00004530    000000fc                                   : s_scalbn.obj (.text)
                  0000462c    000000e0     servo.obj (.text)
                  0000470c    000000c4     cliffSensor.obj (.text)
                  000047d0    000000c0     adc.obj (.text)
                  00004890    000000a4     rtsv7M4_T_le_v4SPD16_eabi.lib : s_sinf.obj (.text)
                  00004934    0000009c                                   : memcpy_t2.obj (.text)
                  000049d0    00000088                                   : vsnprintf.obj (.text)
                  00004a58    00000086                                   : fd_cmp_t2.obj (.text:__aeabi_cdcmple)
                  00004ade    00000086                                   : fd_cmp_t2.obj (.text:__aeabi_cdrcmple)
                  00004b64    0000007a                                   : memset_t2.obj (.text)
                  00004bde    00000002     --HOLE-- [fill = 0]
                  00004be0    00000070                                   : autoinit.obj (.text)
                  00004c50    0000006e                                   : fd_tos_t2.obj (.text)
                  00004cbe    00000068                                   : copy_decompress_lzss.obj (.text:decompress:lzss)
                  00004d26    00000002     --HOLE-- [fill = 0]
                  00004d28    00000064                                   : s_frexp.obj (.text)
                  00004d8c    00000060                                   : sprintf.obj (.text)
                  00004dec    00000054                                   : boot.obj (.text)
                  00004e40    00000054                                   : exit.obj (.text)
                  00004e94    00000054                                   : ltoa.obj (.text)
                  00004ee8    0000004c                                   : atoi.obj (.text)
                  00004f34    0000004c                                   : cpy_tbl.obj (.text)
                  00004f80    00000048     music.obj (.text)
                  00004fc8    00000048     rtsv7M4_T_le_v4SPD16_eabi.lib : fd_toi_t2.obj (.text)
                  00005010    00000038                                   : fs_tod_t2.obj (.text)
                  00005048    00000034     driverlib.lib : interrupt.obj (.text:IntRegister)
                  0000507c    0000002e     rtsv7M4_T_le_v4SPD16_eabi.lib : i_tofd_t2.obj (.text)
                  000050aa    0000001c                                   : memccpy.obj (.text)
                  000050c6    00000018     open_interface.obj (.text:oi_parseInt)
                  000050de    00000002     --HOLE-- [fill = 0]
                  000050e0    00000018     rtsv7M4_T_le_v4SPD16_eabi.lib : args_main.obj (.text)
                  000050f8    00000018                                   : strcmp.obj (.text)
                  00005110    00000016                                   : strchr.obj (.text)
                  00005126    00000002     --HOLE-- [fill = 0]
                  00005128    00000014                                   : _lock.obj (.text)
                  0000513c    00000014                                   : s_copysign.obj (.text)
                  00005150    00000014                                   : strcpy.obj (.text)
                  00005164    00000014                                   : strlen.obj (.text)
                  00005178    00000010     driverlib.lib : interrupt.obj (.text:IntMasterEnable)
                  00005188    00000010     lcd.obj (.text:lcd_clear)
                  00005198    0000000e     rtsv7M4_T_le_v4SPD16_eabi.lib : copy_decompress_none.obj (.text:decompress:none)
                  000051a6    0000000c     driverlib.lib : cpu.obj (.text:CPUcpsie)
                  000051b2    0000000c     rtsv7M4_T_le_v4SPD16_eabi.lib : copy_zero_init.obj (.text:decompress:ZI)
                  000051be    0000000c     tm4c123gh6pm_startup_ccs.obj (.text)
                  000051ca    00000004     rtsv7M4_T_le_v4SPD16_eabi.lib : pre_init.obj (.text)

.const     0    000051d0    00000169     
                  000051d0    00000101     rtsv7M4_T_le_v4SPD16_eabi.lib : ctype.obj (.const:.string:_ctypes_)
                  000052d1    00000004     lcd.obj (.const:.string:lineAddress$1)
                  000052d5    00000003     --HOLE-- [fill = 0]
                  000052d8    00000030     rtsv7M4_T_le_v4SPD16_eabi.lib : e_pow.obj (.const:$O1$$)
                  00005308    0000000f     open_interface.obj (.const:.string:$P$T0$3)
                  00005317    0000000a     main.obj (.const:.string:$P$T0$1)
                  00005321    0000000a     music.obj (.const:.string:$P$T0$1)
                  0000532b    0000000a     music.obj (.const:.string:$P$T1$2)
                  00005335    00000004     lcd.obj (.const:.string:lineAddresses$2)

.cinit     0    00005340    00000058     
                  00005340    00000020     (.cinit..data.load) [load image, compression = lzss]
                  00005360    0000000c     (__TI_handler_table)
                  0000536c    00000004     --HOLE-- [fill = 0]
                  00005370    00000008     (.cinit..bss.load) [load image, compression = zero_init]
                  00005378    00000008     (.cinit..vtable.load) [load image, compression = zero_init]
                  00005380    00000018     (__TI_cinit_table)

.init_array 
*          0    00000000    00000000     UNINITIALIZED

.vtable    0    20000000    0000026c     UNINITIALIZED
                  20000000    0000026c     driverlib.lib : interrupt.obj (.vtable)

.stack     0    2000026c    00000800     UNINITIALIZED
                  2000026c    00000800     --HOLE--

.sysmem    0    20000a70    00000400     UNINITIALIZED
                  20000a70    00000008     rtsv7M4_T_le_v4SPD16_eabi.lib : memory.obj (.sysmem)
                  20000a78    000003f8     --HOLE--

.bss       0    20000e70    00000085     UNINITIALIZED
                  20000e70    00000054     lcd.obj (.bss:lastbuffer$3)
                  20000ec4    00000018     open_interface.obj (.bss:firmware$2)
                  20000edc    00000018     (.common:Comparator)
                  20000ef4    00000001     (.common:cycle)

.data      0    20000ef8    00000074     UNINITIALIZED
                  20000ef8    00000029     scanner.obj (.data)
                  20000f21    00000002     main.obj (.data)
                  20000f23    00000001     --HOLE--
                  20000f24    00000010     open_interface.obj (.data)
                  20000f34    00000010     sonar.obj (.data)
                  20000f44    0000000c     rtsv7M4_T_le_v4SPD16_eabi.lib : exit.obj (.data:$O1$$)
                  20000f50    0000000c                                   : memory.obj (.data:$O1$$)
                  20000f5c    00000008                                   : _lock.obj (.data:$O1$$)
                  20000f64    00000004                                   : errno.obj (.data)
                  20000f68    00000004                                   : stkdepth_vars.obj (.data)

MODULE SUMMARY

       Module                         code    ro data   rw data
       ------                         ----    -------   -------
    .\
       open_interface.obj             2716    15        40     
       scanner.obj                    1636    0         65     
       lcd.obj                        764     8         84     
       tm4c123gh6pm_startup_ccs.obj   12      620       0      
       main.obj                       396     10        2      
       init.obj                       364     0         0      
       movement.obj                   346     0         0      
       timer.obj                      344     0         0      
       sonar.obj                      300     0         17     
       wifi.obj                       268     0         0      
       uart.obj                       256     0         0      
       servo.obj                      224     0         0      
       cliffSensor.obj                196     0         0      
       adc.obj                        192     0         0      
       music.obj                      72      20        0      
    +--+------------------------------+-------+---------+---------+
       Total:                         8086    673       208    
                                                               
    C:/ti/TivaWare_C_Series-2.1.2.111/driverlib/ccs/Debug/driverlib.lib
       interrupt.obj                  68      0         620    
       cpu.obj                        12      0         0      
    +--+------------------------------+-------+---------+---------+
       Total:                         80      0         620    
                                                               
    C:\ti\ccsv7\tools\compiler\ti-cgt-arm_16.9.4.LTS\lib\rtsv7M4_T_le_v4SPD16_eabi.lib
       _printfi.obj                   4414    0         0      
       e_pow.obj                      2476    48        0      
       memory.obj                     976     0         12     
       ull_div_t2.obj                 500     0         0      
       fd_add_t2.obj                  438     0         0      
       e_sqrt.obj                     368     0         0      
       fd_div_t2.obj                  310     0         0      
       fd_cmp_t2.obj                  268     0         0      
       ctype.obj                      0       257       0      
       fd_mul_t2.obj                  252     0         0      
       s_scalbn.obj                   252     0         0      
       s_sinf.obj                     164     0         0      
       memcpy_t2.obj                  156     0         0      
       vsnprintf.obj                  136     0         0      
       memset_t2.obj                  122     0         0      
       autoinit.obj                   112     0         0      
       fd_tos_t2.obj                  110     0         0      
       copy_decompress_lzss.obj       104     0         0      
       s_frexp.obj                    100     0         0      
       exit.obj                       84      0         12     
       sprintf.obj                    96      0         0      
       boot.obj                       84      0         0      
       ltoa.obj                       84      0         0      
       atoi.obj                       76      0         0      
       cpy_tbl.obj                    76      0         0      
       fd_toi_t2.obj                  72      0         0      
       fs_tod_t2.obj                  56      0         0      
       i_tofd_t2.obj                  46      0         0      
       _lock.obj                      20      0         8      
       memccpy.obj                    28      0         0      
       args_main.obj                  24      0         0      
       strcmp.obj                     24      0         0      
       strchr.obj                     22      0         0      
       s_copysign.obj                 20      0         0      
       strcpy.obj                     20      0         0      
       strlen.obj                     20      0         0      
       copy_decompress_none.obj       14      0         0      
       copy_zero_init.obj             12      0         0      
       errno.obj                      0       0         4      
       pre_init.obj                   4       0         0      
       stkdepth_vars.obj              0       0         4      
       mpu_init.obj                   2       0         0      
       startup.obj                    2       0         0      
    +--+------------------------------+-------+---------+---------+
       Total:                         12144   305       40     
                                                               
       Heap:                          0       0         1024   
       Stack:                         0       0         2048   
       Linker Generated:              0       84        0      
    +--+------------------------------+-------+---------+---------+
       Grand Total:                   20310   1062      3940   


LINKER GENERATED COPY TABLES

__TI_cinit_table @ 00005380 records: 3, size/record: 8, table size: 24
	.data: load addr=00005340, load size=00000020 bytes, run addr=20000ef8, run size=00000074 bytes, compression=lzss
	.bss: load addr=00005370, load size=00000008 bytes, run addr=20000e70, run size=00000085 bytes, compression=zero_init
	.vtable: load addr=00005378, load size=00000008 bytes, run addr=20000000, run size=0000026c bytes, compression=zero_init


LINKER GENERATED HANDLER TABLE

__TI_handler_table @ 00005360 records: 3, size/record: 4, table size: 12
	index: 0, handler: __TI_zero_init
	index: 1, handler: __TI_decompress_lzss
	index: 2, handler: __TI_decompress_none


GLOBAL SYMBOLS: SORTED ALPHABETICALLY BY Name 

address   name                           
-------   ----                           
00004e41  C$$EXIT                        
000051a7  CPUcpsie                       
20000edc  Comparator                     
00001ca3  GPIOF_Handler                  
00005179  IntMasterEnable                
00005049  IntRegister                    
000051bf  ResetISR                       
UNDEFED   SHT$$INIT_ARRAY$$Base          
UNDEFED   SHT$$INIT_ARRAY$$Limit         
20000f20  STATE                          
000040fd  TIMER3B_Handler                
0000428f  WiFi_Check                     
00004229  WiFi_start                     
00004281  WiFi_stop                      
20000a6c  __STACK_END                    
00000800  __STACK_SIZE                   
2000046c  __STACK_TOP                    
00000400  __SYSMEM_SIZE                  
00005380  __TI_CINIT_Base                
00005398  __TI_CINIT_Limit               
00005360  __TI_Handler_Table_Base        
0000536c  __TI_Handler_Table_Limit       
00004be1  __TI_auto_init                 
20000f44  __TI_cleanup_ptr               
00004cbf  __TI_decompress_lzss           
00005199  __TI_decompress_none           
20000f48  __TI_dtors_ptr                 
20000f4c  __TI_enable_exit_profile_output
ffffffff  __TI_pprof_out_hndl            
00000ab1  __TI_printfi                   
ffffffff  __TI_prof_data_size            
ffffffff  __TI_prof_data_start           
00000000  __TI_static_base__             
000051b3  __TI_zero_init                 
00004a59  __aeabi_cdcmpeq                
00004a59  __aeabi_cdcmple                
00004adf  __aeabi_cdrcmple               
00004c51  __aeabi_d2f                    
00004fc9  __aeabi_d2iz                   
000036fb  __aeabi_dadd                   
00003fc5  __aeabi_ddiv                   
00004435  __aeabi_dmul                   
000036f1  __aeabi_dsub                   
00005011  __aeabi_f2d                    
0000507d  __aeabi_i2d                    
00004b65  __aeabi_memclr                 
00004b65  __aeabi_memclr4                
00004b65  __aeabi_memclr8                
00004935  __aeabi_memcpy                 
00004935  __aeabi_memcpy4                
00004935  __aeabi_memcpy8                
00004b67  __aeabi_memset                 
00004b67  __aeabi_memset4                
00004b67  __aeabi_memset8                
000034fd  __aeabi_uldivmod               
ffffffff  __binit__                      
ffffffff  __c_args__                     
000013ab  __mpu_init                     
2000026c  __stack                        
000050e1  _args_main                     
00004ded  _c_int00                       
000051d0  _ctypes_                       
20000f5c  _lock                          
00005137  _nop                           
0000512f  _register_lock                 
00005129  _register_unlock               
000042a7  _sendCommand                   
20000a70  _sys_memory                    
000038a7  _system_post_cinit             
000051cb  _system_pre_init               
20000f60  _unlock                        
00004e45  abort                          
000047d1  adc_Read                       
000047e5  adc_init                       
20000efc  angle1                         
20000f00  angle2                         
00004ee9  atoi                           
ffffffff  binit                          
00002b11  calculateLinearWidth           
000031e1  calloc                         
0000470d  checkAnyCliff                  
0000476f  checkBoundary                  
00002b81  collectData                    
20000f22  command                        
00003963  controller_input               
00004f35  copy_in                        
0000513d  copysign                       
0000513d  copysignl                      
20000ef4  cycle                          
20000f1c  cyclesDetected                 
20000f3c  difference                     
20000f21  done                           
20000f64  errno                          
00004e4d  exit                           
20000f38  falling_time                   
20000f10  firstDistance                  
00002f2b  free                           
00004d29  frexp                          
00004d29  frexpl                         
20000000  g_pfnRAMVectors                
00000000  g_pfnVectors                   
00002ba5  getAverage                     
00001cc5  getDegrees                     
00002c01  getIRtoDis                     
00001a51  go_charge                      
00003ba5  init_PortB                     
00003bd9  init_timers                    
000039d7  initialize                     
20000f0c  irDis                          
00005189  lcd_clear                      
000033a9  lcd_gotoLine                   
00003211  lcd_init                       
0000340f  lcd_printf                     
000032d1  lcd_putc                       
00003309  lcd_puts                       
00003327  lcd_sendCommand                
00003365  lcd_sendNibble                 
000033d1  lcd_setCursorPos               
00004531  ldexp                          
00004531  ldexpl                         
00004e95  ltoa                           
000038a9  main                           
20000f68  main_func_sp                   
00002ec1  malloc                         
000030f5  memalign                       
000050ab  memccpy                        
00004935  memcpy                         
00004b6d  memset                         
00002e41  minit                          
00003e19  move_backward                  
00003d11  move_forward                   
0000462d  move_servo                     
0000465b  move_servo2                    
20000ef8  numObjects                     
000013ad  oi_alloc                       
00001b7b  oi_checkFirmware               
00001403  oi_close                       
000013b9  oi_free                        
000013ed  oi_init                        
000013c9  oi_init_noupdate               
000019e7  oi_loadSong                    
000050c7  oi_parseInt                    
00001467  oi_parsePacket                 
00001a3d  oi_play_song                   
00001961  oi_setLeds                     
000019a5  oi_setWheels                   
00001c31  oi_shutoff_init                
00001a5f  oi_uartInit                    
00001b03  oi_uartReceive                 
00001b49  oi_uartSendBuff                
00001ae7  oi_uartSendChar                
00001b2b  oi_uartSendStr                 
00001415  oi_update                      
20000f40  overflow                       
0000417b  ping_read                      
00004f81  play_songs                     
00003cbd  portB_init                     
00001e31  pow                            
00003a05  power_flash                    
00001e31  powl                           
20000f18  pulse_period                   
00002fed  realloc                        
00002a83  reset                          
00002c75  resetTempVars                  
20000f34  rising_time                    
00004531  scalbn                         
00004531  scalbnl                        
000027dd  scan                           
00002c95  sendData                       
00002d5d  sendHeader                     
00004135  send_pulse                     
0000468f  setPeriod                      
00004891  sinf                           
20000f08  sonarDis                       
00004d8d  sprintf                        
00003a35  sqrt                           
00003a35  sqrtl                          
00003e5f  stop                           
00005111  strchr                         
000050f9  strcmp                         
00005151  strcpy                         
00005165  strlen                         
00003f7d  timer_getClock                 
00003f31  timer_startClock               
00003ecb  timer_startTimer               
00003f83  timer_stopClock                
00003f1b  timer_stopTimer                
00003ea1  timer_waitMicros               
00003e6d  timer_waitMillis               
20000f04  totalAngle                     
20000f14  totalDis                       
00003da5  turn_ccw                       
00003de1  turn_cw                        
00004335  uart_init                      
000043bd  uart_receive                   
000043e3  uart_sendChar                  
000049d1  vsnprintf                      
000039eb  wifiStart                      


GLOBAL SYMBOLS: SORTED BY Symbol Address 

address   name                           
-------   ----                           
00000000  __TI_static_base__             
00000000  g_pfnVectors                   
00000400  __SYSMEM_SIZE                  
00000800  __STACK_SIZE                   
00000ab1  __TI_printfi                   
000013ab  __mpu_init                     
000013ad  oi_alloc                       
000013b9  oi_free                        
000013c9  oi_init_noupdate               
000013ed  oi_init                        
00001403  oi_close                       
00001415  oi_update                      
00001467  oi_parsePacket                 
00001961  oi_setLeds                     
000019a5  oi_setWheels                   
000019e7  oi_loadSong                    
00001a3d  oi_play_song                   
00001a51  go_charge                      
00001a5f  oi_uartInit                    
00001ae7  oi_uartSendChar                
00001b03  oi_uartReceive                 
00001b2b  oi_uartSendStr                 
00001b49  oi_uartSendBuff                
00001b7b  oi_checkFirmware               
00001c31  oi_shutoff_init                
00001ca3  GPIOF_Handler                  
00001cc5  getDegrees                     
00001e31  pow                            
00001e31  powl                           
000027dd  scan                           
00002a83  reset                          
00002b11  calculateLinearWidth           
00002b81  collectData                    
00002ba5  getAverage                     
00002c01  getIRtoDis                     
00002c75  resetTempVars                  
00002c95  sendData                       
00002d5d  sendHeader                     
00002e41  minit                          
00002ec1  malloc                         
00002f2b  free                           
00002fed  realloc                        
000030f5  memalign                       
000031e1  calloc                         
00003211  lcd_init                       
000032d1  lcd_putc                       
00003309  lcd_puts                       
00003327  lcd_sendCommand                
00003365  lcd_sendNibble                 
000033a9  lcd_gotoLine                   
000033d1  lcd_setCursorPos               
0000340f  lcd_printf                     
000034fd  __aeabi_uldivmod               
000036f1  __aeabi_dsub                   
000036fb  __aeabi_dadd                   
000038a7  _system_post_cinit             
000038a9  main                           
00003963  controller_input               
000039d7  initialize                     
000039eb  wifiStart                      
00003a05  power_flash                    
00003a35  sqrt                           
00003a35  sqrtl                          
00003ba5  init_PortB                     
00003bd9  init_timers                    
00003cbd  portB_init                     
00003d11  move_forward                   
00003da5  turn_ccw                       
00003de1  turn_cw                        
00003e19  move_backward                  
00003e5f  stop                           
00003e6d  timer_waitMillis               
00003ea1  timer_waitMicros               
00003ecb  timer_startTimer               
00003f1b  timer_stopTimer                
00003f31  timer_startClock               
00003f7d  timer_getClock                 
00003f83  timer_stopClock                
00003fc5  __aeabi_ddiv                   
000040fd  TIMER3B_Handler                
00004135  send_pulse                     
0000417b  ping_read                      
00004229  WiFi_start                     
00004281  WiFi_stop                      
0000428f  WiFi_Check                     
000042a7  _sendCommand                   
00004335  uart_init                      
000043bd  uart_receive                   
000043e3  uart_sendChar                  
00004435  __aeabi_dmul                   
00004531  ldexp                          
00004531  ldexpl                         
00004531  scalbn                         
00004531  scalbnl                        
0000462d  move_servo                     
0000465b  move_servo2                    
0000468f  setPeriod                      
0000470d  checkAnyCliff                  
0000476f  checkBoundary                  
000047d1  adc_Read                       
000047e5  adc_init                       
00004891  sinf                           
00004935  __aeabi_memcpy                 
00004935  __aeabi_memcpy4                
00004935  __aeabi_memcpy8                
00004935  memcpy                         
000049d1  vsnprintf                      
00004a59  __aeabi_cdcmpeq                
00004a59  __aeabi_cdcmple                
00004adf  __aeabi_cdrcmple               
00004b65  __aeabi_memclr                 
00004b65  __aeabi_memclr4                
00004b65  __aeabi_memclr8                
00004b67  __aeabi_memset                 
00004b67  __aeabi_memset4                
00004b67  __aeabi_memset8                
00004b6d  memset                         
00004be1  __TI_auto_init                 
00004c51  __aeabi_d2f                    
00004cbf  __TI_decompress_lzss           
00004d29  frexp                          
00004d29  frexpl                         
00004d8d  sprintf                        
00004ded  _c_int00                       
00004e41  C$$EXIT                        
00004e45  abort                          
00004e4d  exit                           
00004e95  ltoa                           
00004ee9  atoi                           
00004f35  copy_in                        
00004f81  play_songs                     
00004fc9  __aeabi_d2iz                   
00005011  __aeabi_f2d                    
00005049  IntRegister                    
0000507d  __aeabi_i2d                    
000050ab  memccpy                        
000050c7  oi_parseInt                    
000050e1  _args_main                     
000050f9  strcmp                         
00005111  strchr                         
00005129  _register_unlock               
0000512f  _register_lock                 
00005137  _nop                           
0000513d  copysign                       
0000513d  copysignl                      
00005151  strcpy                         
00005165  strlen                         
00005179  IntMasterEnable                
00005189  lcd_clear                      
00005199  __TI_decompress_none           
000051a7  CPUcpsie                       
000051b3  __TI_zero_init                 
000051bf  ResetISR                       
000051cb  _system_pre_init               
000051d0  _ctypes_                       
00005360  __TI_Handler_Table_Base        
0000536c  __TI_Handler_Table_Limit       
00005380  __TI_CINIT_Base                
00005398  __TI_CINIT_Limit               
20000000  g_pfnRAMVectors                
2000026c  __stack                        
2000046c  __STACK_TOP                    
20000a6c  __STACK_END                    
20000a70  _sys_memory                    
20000edc  Comparator                     
20000ef4  cycle                          
20000ef8  numObjects                     
20000efc  angle1                         
20000f00  angle2                         
20000f04  totalAngle                     
20000f08  sonarDis                       
20000f0c  irDis                          
20000f10  firstDistance                  
20000f14  totalDis                       
20000f18  pulse_period                   
20000f1c  cyclesDetected                 
20000f20  STATE                          
20000f21  done                           
20000f22  command                        
20000f34  rising_time                    
20000f38  falling_time                   
20000f3c  difference                     
20000f40  overflow                       
20000f44  __TI_cleanup_ptr               
20000f48  __TI_dtors_ptr                 
20000f4c  __TI_enable_exit_profile_output
20000f5c  _lock                          
20000f60  _unlock                        
20000f64  errno                          
20000f68  main_func_sp                   
ffffffff  __TI_pprof_out_hndl            
ffffffff  __TI_prof_data_size            
ffffffff  __TI_prof_data_start           
ffffffff  __binit__                      
ffffffff  __c_args__                     
ffffffff  binit                          
UNDEFED   SHT$$INIT_ARRAY$$Base          
UNDEFED   SHT$$INIT_ARRAY$$Limit         

[198 symbols]
