******************************************************************************
                  TI ARM Linker PC v16.9.4                     
******************************************************************************
>> Linked Thu Nov 30 15:02:01 2017

OUTPUT FILE NAME:   <Lab 2.out>
ENTRY POINT SYMBOL: "_c_int00"  address: 00004d11


MEMORY CONFIGURATION

         name            origin    length      used     unused   attr    fill
----------------------  --------  ---------  --------  --------  ----  --------
  FLASH                 00000000   00040000  000052a9  0003ad57  R  X
  SRAM                  20000000   00008000  00000f51  000070af  RW X


SEGMENT ALLOCATION MAP

run origin  load origin   length   init length attrs members
----------  ----------- ---------- ----------- ----- -------
00000000    00000000    000052b0   000052b0    r-x
  00000000    00000000    0000026c   0000026c    r-- .intvecs
  0000026c    0000026c    00004e86   00004e86    r-x .text
  000050f8    000050f8    0000015f   0000015f    r-- .const
  00005258    00005258    00000058   00000058    r-- .cinit
20000000    20000000    00000f55   00000000    rw-
  20000000    20000000    0000026c   00000000    rw- .vtable
  2000026c    2000026c    00000800   00000000    rw- .stack
  20000a70    20000a70    00000400   00000000    rw- .sysmem
  20000e70    20000e70    00000078   00000000    rw- .data
  20000ee8    20000ee8    0000006d   00000000    rw- .bss


SECTION ALLOCATION MAP

 output                                  attributes/
section   page    origin      length       input sections
--------  ----  ----------  ----------   ----------------
.intvecs   0    00000000    0000026c     
                  00000000    0000026c     tm4c123gh6pm_startup_ccs.obj (.intvecs)

.text      0    0000026c    00004e86     
                  0000026c    0000113e     rtsv7M4_T_le_v4SPD16_eabi.lib : _printfi.obj (.text)
                  000013aa    00000002                                   : mpu_init.obj (.text)
                  000013ac    00000a84     open_interface.obj (.text)
                  00001e30    000009ac     rtsv7M4_T_le_v4SPD16_eabi.lib : e_pow.obj (.text)
                  000027dc    00000500     scanner.obj (.text)
                  00002cdc    000003d0     rtsv7M4_T_le_v4SPD16_eabi.lib : memory.obj (.text)
                  000030ac    000002ec     lcd.obj (.text)
                  00003398    00000200     movement.obj (.text)
                  00003598    000001f4     rtsv7M4_T_le_v4SPD16_eabi.lib : ull_div_t2.obj (.text)
                  0000378c    000001b6                                   : fd_add_t2.obj (.text)
                  00003942    00000002                                   : startup.obj (.text)
                  00003944    00000170                                   : e_sqrt.obj (.text)
                  00003ab4    0000016c     init.obj (.text)
                  00003c20    00000158     timer.obj (.text)
                  00003d78    00000136     rtsv7M4_T_le_v4SPD16_eabi.lib : fd_div_t2.obj (.text)
                  00003eae    00000002     --HOLE-- [fill = 0]
                  00003eb0    0000012c     sonar.obj (.text)
                  00003fdc    0000010c     wifi.obj (.text)
                  000040e8    00000100     main.obj (.text)
                  000041e8    00000100     uart.obj (.text)
                  000042e8    000000fc     rtsv7M4_T_le_v4SPD16_eabi.lib : fd_mul_t2.obj (.text)
                  000043e4    000000fc                                   : s_scalbn.obj (.text)
                  000044e0    000000e0     servo.obj (.text)
                  000045c0    000000c4     cliffSensor.obj (.text)
                  00004684    000000c0     adc.obj (.text)
                  00004744    000000a4     rtsv7M4_T_le_v4SPD16_eabi.lib : s_sinf.obj (.text)
                  000047e8    0000009c                                   : memcpy_t2.obj (.text)
                  00004884    00000088                                   : vsnprintf.obj (.text)
                  0000490c    00000086                                   : fd_cmp_t2.obj (.text:__aeabi_cdcmple)
                  00004992    00000086                                   : fd_cmp_t2.obj (.text:__aeabi_cdrcmple)
                  00004a18    0000007a                                   : memset_t2.obj (.text)
                  00004a92    00000070     control.obj (.text)
                  00004b02    00000002     --HOLE-- [fill = 0]
                  00004b04    00000070     rtsv7M4_T_le_v4SPD16_eabi.lib : autoinit.obj (.text)
                  00004b74    0000006e                                   : fd_tos_t2.obj (.text)
                  00004be2    00000068                                   : copy_decompress_lzss.obj (.text:decompress:lzss)
                  00004c4a    00000002     --HOLE-- [fill = 0]
                  00004c4c    00000064                                   : s_frexp.obj (.text)
                  00004cb0    00000060                                   : sprintf.obj (.text)
                  00004d10    00000054                                   : boot.obj (.text)
                  00004d64    00000054                                   : exit.obj (.text)
                  00004db8    00000054                                   : ltoa.obj (.text)
                  00004e0c    0000004c                                   : atoi.obj (.text)
                  00004e58    0000004c                                   : cpy_tbl.obj (.text)
                  00004ea4    00000048     music.obj (.text)
                  00004eec    00000048     rtsv7M4_T_le_v4SPD16_eabi.lib : fd_toi_t2.obj (.text)
                  00004f34    00000038                                   : fs_tod_t2.obj (.text)
                  00004f6c    00000034     driverlib.lib : interrupt.obj (.text:IntRegister)
                  00004fa0    0000002e     rtsv7M4_T_le_v4SPD16_eabi.lib : i_tofd_t2.obj (.text)
                  00004fce    0000001c                                   : memccpy.obj (.text)
                  00004fea    00000018     open_interface.obj (.text:oi_parseInt)
                  00005002    00000002     --HOLE-- [fill = 0]
                  00005004    00000018     rtsv7M4_T_le_v4SPD16_eabi.lib : args_main.obj (.text)
                  0000501c    00000018                                   : strcmp.obj (.text)
                  00005034    00000016                                   : strchr.obj (.text)
                  0000504a    00000002     --HOLE-- [fill = 0]
                  0000504c    00000014                                   : _lock.obj (.text)
                  00005060    00000014                                   : s_copysign.obj (.text)
                  00005074    00000014                                   : strcpy.obj (.text)
                  00005088    00000014                                   : strlen.obj (.text)
                  0000509c    00000010     driverlib.lib : interrupt.obj (.text:IntMasterEnable)
                  000050ac    00000010     lcd.obj (.text:lcd_clear)
                  000050bc    0000000e     rtsv7M4_T_le_v4SPD16_eabi.lib : copy_decompress_none.obj (.text:decompress:none)
                  000050ca    0000000c     driverlib.lib : cpu.obj (.text:CPUcpsie)
                  000050d6    0000000c     rtsv7M4_T_le_v4SPD16_eabi.lib : copy_zero_init.obj (.text:decompress:ZI)
                  000050e2    0000000c     tm4c123gh6pm_startup_ccs.obj (.text)
                  000050ee    00000004     rtsv7M4_T_le_v4SPD16_eabi.lib : pre_init.obj (.text)

.const     0    000050f8    0000015f     
                  000050f8    00000101     rtsv7M4_T_le_v4SPD16_eabi.lib : ctype.obj (.const:.string:_ctypes_)
                  000051f9    00000004     lcd.obj (.const:.string:lineAddress$1)
                  000051fd    00000003     --HOLE-- [fill = 0]
                  00005200    00000030     rtsv7M4_T_le_v4SPD16_eabi.lib : e_pow.obj (.const:$O1$$)
                  00005230    0000000f     open_interface.obj (.const:.string:$P$T0$3)
                  0000523f    0000000a     music.obj (.const:.string:$P$T0$1)
                  00005249    0000000a     music.obj (.const:.string:$P$T1$2)
                  00005253    00000004     lcd.obj (.const:.string:lineAddresses$2)

.cinit     0    00005258    00000058     
                  00005258    00000020     (.cinit..data.load) [load image, compression = lzss]
                  00005278    0000000c     (__TI_handler_table)
                  00005284    00000004     --HOLE-- [fill = 0]
                  00005288    00000008     (.cinit..bss.load) [load image, compression = zero_init]
                  00005290    00000008     (.cinit..vtable.load) [load image, compression = zero_init]
                  00005298    00000018     (__TI_cinit_table)

.init_array 
*          0    00000000    00000000     UNINITIALIZED

.vtable    0    20000000    0000026c     UNINITIALIZED
                  20000000    0000026c     driverlib.lib : interrupt.obj (.vtable)

.stack     0    2000026c    00000800     UNINITIALIZED
                  2000026c    00000800     --HOLE--

.sysmem    0    20000a70    00000400     UNINITIALIZED
                  20000a70    00000008     rtsv7M4_T_le_v4SPD16_eabi.lib : memory.obj (.sysmem)
                  20000a78    000003f8     --HOLE--

.data      0    20000e70    00000078     UNINITIALIZED
                  20000e70    0000002d     scanner.obj (.data)
                  20000e9d    00000002     main.obj (.data)
                  20000e9f    00000001     --HOLE--
                  20000ea0    00000010     open_interface.obj (.data)
                  20000eb0    00000010     sonar.obj (.data)
                  20000ec0    0000000c     rtsv7M4_T_le_v4SPD16_eabi.lib : exit.obj (.data:$O1$$)
                  20000ecc    0000000c                                   : memory.obj (.data:$O1$$)
                  20000ed8    00000008                                   : _lock.obj (.data:$O1$$)
                  20000ee0    00000004                                   : errno.obj (.data)
                  20000ee4    00000004                                   : stkdepth_vars.obj (.data)

.bss       0    20000ee8    0000006d     UNINITIALIZED
                  20000ee8    00000054     lcd.obj (.bss:lastbuffer$3)
                  20000f3c    00000018     open_interface.obj (.bss:firmware$2)
                  20000f54    00000001     (.common:cycle)

MODULE SUMMARY

       Module                         code    ro data   rw data
       ------                         ----    -------   -------
    .\
       open_interface.obj             2716    15        40     
       scanner.obj                    1280    0         45     
       lcd.obj                        764     8         84     
       tm4c123gh6pm_startup_ccs.obj   12      620       0      
       movement.obj                   512     0         0      
       init.obj                       364     0         0      
       timer.obj                      344     0         0      
       sonar.obj                      300     0         17     
       wifi.obj                       268     0         0      
       main.obj                       256     0         2      
       uart.obj                       256     0         0      
       servo.obj                      224     0         0      
       cliffSensor.obj                196     0         0      
       adc.obj                        192     0         0      
       control.obj                    112     0         0      
       music.obj                      72      20        0      
    +--+------------------------------+-------+---------+---------+
       Total:                         7868    663       188    
                                                               
    C:/ti/TivaWare_C_Series-2.1.2.111/driverlib/ccs/Debug/driverlib.lib
       interrupt.obj                  68      0         620    
       cpu.obj                        12      0         0      
    +--+------------------------------+-------+---------+---------+
       Total:                         80      0         620    
                                                               
    C:\ti\ccsv7\tools\compiler\ti-cgt-arm_16.9.4.LTS\lib\rtsv7M4_T_le_v4SPD16_eabi.lib
       _printfi.obj                   4414    0         0      
       e_pow.obj                      2476    48        0      
       memory.obj                     976     0         12     
       ull_div_t2.obj                 500     0         0      
       fd_add_t2.obj                  438     0         0      
       e_sqrt.obj                     368     0         0      
       fd_div_t2.obj                  310     0         0      
       fd_cmp_t2.obj                  268     0         0      
       ctype.obj                      0       257       0      
       fd_mul_t2.obj                  252     0         0      
       s_scalbn.obj                   252     0         0      
       s_sinf.obj                     164     0         0      
       memcpy_t2.obj                  156     0         0      
       vsnprintf.obj                  136     0         0      
       memset_t2.obj                  122     0         0      
       autoinit.obj                   112     0         0      
       fd_tos_t2.obj                  110     0         0      
       copy_decompress_lzss.obj       104     0         0      
       s_frexp.obj                    100     0         0      
       exit.obj                       84      0         12     
       sprintf.obj                    96      0         0      
       boot.obj                       84      0         0      
       ltoa.obj                       84      0         0      
       atoi.obj                       76      0         0      
       cpy_tbl.obj                    76      0         0      
       fd_toi_t2.obj                  72      0         0      
       fs_tod_t2.obj                  56      0         0      
       i_tofd_t2.obj                  46      0         0      
       _lock.obj                      20      0         8      
       memccpy.obj                    28      0         0      
       args_main.obj                  24      0         0      
       strcmp.obj                     24      0         0      
       strchr.obj                     22      0         0      
       s_copysign.obj                 20      0         0      
       strcpy.obj                     20      0         0      
       strlen.obj                     20      0         0      
       copy_decompress_none.obj       14      0         0      
       copy_zero_init.obj             12      0         0      
       errno.obj                      0       0         4      
       pre_init.obj                   4       0         0      
       stkdepth_vars.obj              0       0         4      
       mpu_init.obj                   2       0         0      
       startup.obj                    2       0         0      
    +--+------------------------------+-------+---------+---------+
       Total:                         12144   305       40     
                                                               
       Heap:                          0       0         1024   
       Stack:                         0       0         2048   
       Linker Generated:              0       84        0      
    +--+------------------------------+-------+---------+---------+
       Grand Total:                   20092   1052      3920   


LINKER GENERATED COPY TABLES

__TI_cinit_table @ 00005298 records: 3, size/record: 8, table size: 24
	.data: load addr=00005258, load size=00000020 bytes, run addr=20000e70, run size=00000078 bytes, compression=lzss
	.bss: load addr=00005288, load size=00000008 bytes, run addr=20000ee8, run size=0000006d bytes, compression=zero_init
	.vtable: load addr=00005290, load size=00000008 bytes, run addr=20000000, run size=0000026c bytes, compression=zero_init


LINKER GENERATED HANDLER TABLE

__TI_handler_table @ 00005278 records: 3, size/record: 4, table size: 12
	index: 0, handler: __TI_zero_init
	index: 1, handler: __TI_decompress_lzss
	index: 2, handler: __TI_decompress_none


GLOBAL SYMBOLS: SORTED ALPHABETICALLY BY Name 

address   name                           
-------   ----                           
00004d65  C$$EXIT                        
000050cb  CPUcpsie                       
00001ca3  GPIOF_Handler                  
0000509d  IntMasterEnable                
00004f6d  IntRegister                    
000050e3  ResetISR                       
UNDEFED   SHT$$INIT_ARRAY$$Base          
UNDEFED   SHT$$INIT_ARRAY$$Limit         
20000e9c  STATE                          
00003eb1  TIMER3B_Handler                
00004043  WiFi_Check                     
00003fdd  WiFi_start                     
00004035  WiFi_stop                      
20000a6c  __STACK_END                    
00000800  __STACK_SIZE                   
2000046c  __STACK_TOP                    
00000400  __SYSMEM_SIZE                  
00005298  __TI_CINIT_Base                
000052b0  __TI_CINIT_Limit               
00005278  __TI_Handler_Table_Base        
00005284  __TI_Handler_Table_Limit       
00004b05  __TI_auto_init                 
20000ec0  __TI_cleanup_ptr               
00004be3  __TI_decompress_lzss           
000050bd  __TI_decompress_none           
20000ec4  __TI_dtors_ptr                 
20000ec8  __TI_enable_exit_profile_output
ffffffff  __TI_pprof_out_hndl            
00000ab1  __TI_printfi                   
ffffffff  __TI_prof_data_size            
ffffffff  __TI_prof_data_start           
00000000  __TI_static_base__             
000050d7  __TI_zero_init                 
0000490d  __aeabi_cdcmpeq                
0000490d  __aeabi_cdcmple                
00004993  __aeabi_cdrcmple               
00004b75  __aeabi_d2f                    
00004eed  __aeabi_d2iz                   
00003797  __aeabi_dadd                   
00003d79  __aeabi_ddiv                   
000042e9  __aeabi_dmul                   
0000378d  __aeabi_dsub                   
00004f35  __aeabi_f2d                    
00004fa1  __aeabi_i2d                    
00004a19  __aeabi_memclr                 
00004a19  __aeabi_memclr4                
00004a19  __aeabi_memclr8                
000047e9  __aeabi_memcpy                 
000047e9  __aeabi_memcpy4                
000047e9  __aeabi_memcpy8                
00004a1b  __aeabi_memset                 
00004a1b  __aeabi_memset4                
00004a1b  __aeabi_memset8                
00003599  __aeabi_uldivmod               
ffffffff  __binit__                      
ffffffff  __c_args__                     
000013ab  __mpu_init                     
2000026c  __stack                        
00005005  _args_main                     
00004d11  _c_int00                       
000050f8  _ctypes_                       
20000ed8  _lock                          
0000505b  _nop                           
00005053  _register_lock                 
0000504d  _register_unlock               
0000405b  _sendCommand                   
20000a70  _sys_memory                    
00003943  _system_post_cinit             
000050ef  _system_pre_init               
20000edc  _unlock                        
00004d69  abort                          
00004685  adc_Read                       
00004699  adc_init                       
20000e74  angle1                         
20000e78  angle2                         
00004e0d  atoi                           
ffffffff  binit                          
00002a09  calculateLinearWidth           
0000307d  calloc                         
0000344f  checkAll                       
000045c1  checkAnyCliff                  
00004623  checkBoundary                  
00002a79  collectData                    
20000e9d  command                        
00004a93  controller_input               
00004e59  copy_in                        
00005061  copysign                       
00005061  copysignl                      
20000f54  cycle                          
20000e94  cyclesDetected                 
20000eb8  difference                     
20000ee0  errno                          
00004d71  exit                           
20000eb4  falling_time                   
20000e9e  feedback                       
20000e88  firstDistance                  
00002dc7  free                           
00004c4d  frexp                          
00004c4d  frexpl                         
20000000  g_pfnRAMVectors                
00000000  g_pfnVectors                   
00002a9d  getAverage                     
00001cc5  getDegrees                     
00002b05  getIRtoDis                     
00001a51  go_charge                      
00003ab5  init_PortB                     
00003ae9  init_timers                    
00004177  initialize                     
20000e84  irDis                          
000050ad  lcd_clear                      
00003245  lcd_gotoLine                   
000030ad  lcd_init                       
000032ab  lcd_printf                     
0000316d  lcd_putc                       
000031a5  lcd_puts                       
000031c3  lcd_sendCommand                
00003201  lcd_sendNibble                 
0000326d  lcd_setCursorPos               
000043e5  ldexp                          
000043e5  ldexpl                         
20000e98  linearWidth                    
00004db9  ltoa                           
000040e9  main                           
20000ee4  main_func_sp                   
00002d5d  malloc                         
00002f91  memalign                       
00004fcf  memccpy                        
000047e9  memcpy                         
00004a21  memset                         
00002cdd  minit                          
0000353b  move_backward                  
00003399  move_forward                   
000044e1  move_servo                     
0000450f  move_servo2                    
20000e70  numObjects                     
000013ad  oi_alloc                       
00001b7b  oi_checkFirmware               
00001403  oi_close                       
000013b9  oi_free                        
000013ed  oi_init                        
000013c9  oi_init_noupdate               
000019e7  oi_loadSong                    
00004feb  oi_parseInt                    
00001467  oi_parsePacket                 
00001a3d  oi_play_song                   
00001961  oi_setLeds                     
000019a5  oi_setWheels                   
00001c31  oi_shutoff_init                
00001a5f  oi_uartInit                    
00001b03  oi_uartReceive                 
00001b49  oi_uartSendBuff                
00001ae7  oi_uartSendChar                
00001b2b  oi_uartSendStr                 
00001415  oi_update                      
20000ebc  overflow                       
00003f2f  ping_read                      
00004ea5  play_songs                     
00003bcd  portB_init                     
00001e31  pow                            
000041a5  power_flash                    
00001e31  powl                           
20000e90  pulse_period                   
00002e89  realloc                        
000029ad  reset                          
00002b73  resetTempVars                  
20000eb0  rising_time                    
000043e5  scalbn                         
000043e5  scalbnl                        
000027dd  scan                           
00002b99  sendData                       
00002c0d  sendHeader                     
00003ee9  send_pulse                     
00004543  setPeriod                      
00004745  sinf                           
20000e80  sonarDis                       
00004cb1  sprintf                        
00003945  sqrt                           
00003945  sqrtl                          
0000358d  stop                           
00005035  strchr                         
0000501d  strcmp                         
00005075  strcpy                         
00005089  strlen                         
00003d31  timer_getClock                 
00003ce5  timer_startClock               
00003c7f  timer_startTimer               
00003d37  timer_stopClock                
00003ccf  timer_stopTimer                
00003c55  timer_waitMicros               
00003c21  timer_waitMillis               
20000e7c  totalAngle                     
20000e8c  totalDis                       
000034a3  turn_ccw                       
000034f1  turn_cw                        
000041e9  uart_init                      
00004271  uart_receive                   
00004297  uart_sendChar                  
00004885  vsnprintf                      
0000418b  wifiStart                      


GLOBAL SYMBOLS: SORTED BY Symbol Address 

address   name                           
-------   ----                           
00000000  __TI_static_base__             
00000000  g_pfnVectors                   
00000400  __SYSMEM_SIZE                  
00000800  __STACK_SIZE                   
00000ab1  __TI_printfi                   
000013ab  __mpu_init                     
000013ad  oi_alloc                       
000013b9  oi_free                        
000013c9  oi_init_noupdate               
000013ed  oi_init                        
00001403  oi_close                       
00001415  oi_update                      
00001467  oi_parsePacket                 
00001961  oi_setLeds                     
000019a5  oi_setWheels                   
000019e7  oi_loadSong                    
00001a3d  oi_play_song                   
00001a51  go_charge                      
00001a5f  oi_uartInit                    
00001ae7  oi_uartSendChar                
00001b03  oi_uartReceive                 
00001b2b  oi_uartSendStr                 
00001b49  oi_uartSendBuff                
00001b7b  oi_checkFirmware               
00001c31  oi_shutoff_init                
00001ca3  GPIOF_Handler                  
00001cc5  getDegrees                     
00001e31  pow                            
00001e31  powl                           
000027dd  scan                           
000029ad  reset                          
00002a09  calculateLinearWidth           
00002a79  collectData                    
00002a9d  getAverage                     
00002b05  getIRtoDis                     
00002b73  resetTempVars                  
00002b99  sendData                       
00002c0d  sendHeader                     
00002cdd  minit                          
00002d5d  malloc                         
00002dc7  free                           
00002e89  realloc                        
00002f91  memalign                       
0000307d  calloc                         
000030ad  lcd_init                       
0000316d  lcd_putc                       
000031a5  lcd_puts                       
000031c3  lcd_sendCommand                
00003201  lcd_sendNibble                 
00003245  lcd_gotoLine                   
0000326d  lcd_setCursorPos               
000032ab  lcd_printf                     
00003399  move_forward                   
0000344f  checkAll                       
000034a3  turn_ccw                       
000034f1  turn_cw                        
0000353b  move_backward                  
0000358d  stop                           
00003599  __aeabi_uldivmod               
0000378d  __aeabi_dsub                   
00003797  __aeabi_dadd                   
00003943  _system_post_cinit             
00003945  sqrt                           
00003945  sqrtl                          
00003ab5  init_PortB                     
00003ae9  init_timers                    
00003bcd  portB_init                     
00003c21  timer_waitMillis               
00003c55  timer_waitMicros               
00003c7f  timer_startTimer               
00003ccf  timer_stopTimer                
00003ce5  timer_startClock               
00003d31  timer_getClock                 
00003d37  timer_stopClock                
00003d79  __aeabi_ddiv                   
00003eb1  TIMER3B_Handler                
00003ee9  send_pulse                     
00003f2f  ping_read                      
00003fdd  WiFi_start                     
00004035  WiFi_stop                      
00004043  WiFi_Check                     
0000405b  _sendCommand                   
000040e9  main                           
00004177  initialize                     
0000418b  wifiStart                      
000041a5  power_flash                    
000041e9  uart_init                      
00004271  uart_receive                   
00004297  uart_sendChar                  
000042e9  __aeabi_dmul                   
000043e5  ldexp                          
000043e5  ldexpl                         
000043e5  scalbn                         
000043e5  scalbnl                        
000044e1  move_servo                     
0000450f  move_servo2                    
00004543  setPeriod                      
000045c1  checkAnyCliff                  
00004623  checkBoundary                  
00004685  adc_Read                       
00004699  adc_init                       
00004745  sinf                           
000047e9  __aeabi_memcpy                 
000047e9  __aeabi_memcpy4                
000047e9  __aeabi_memcpy8                
000047e9  memcpy                         
00004885  vsnprintf                      
0000490d  __aeabi_cdcmpeq                
0000490d  __aeabi_cdcmple                
00004993  __aeabi_cdrcmple               
00004a19  __aeabi_memclr                 
00004a19  __aeabi_memclr4                
00004a19  __aeabi_memclr8                
00004a1b  __aeabi_memset                 
00004a1b  __aeabi_memset4                
00004a1b  __aeabi_memset8                
00004a21  memset                         
00004a93  controller_input               
00004b05  __TI_auto_init                 
00004b75  __aeabi_d2f                    
00004be3  __TI_decompress_lzss           
00004c4d  frexp                          
00004c4d  frexpl                         
00004cb1  sprintf                        
00004d11  _c_int00                       
00004d65  C$$EXIT                        
00004d69  abort                          
00004d71  exit                           
00004db9  ltoa                           
00004e0d  atoi                           
00004e59  copy_in                        
00004ea5  play_songs                     
00004eed  __aeabi_d2iz                   
00004f35  __aeabi_f2d                    
00004f6d  IntRegister                    
00004fa1  __aeabi_i2d                    
00004fcf  memccpy                        
00004feb  oi_parseInt                    
00005005  _args_main                     
0000501d  strcmp                         
00005035  strchr                         
0000504d  _register_unlock               
00005053  _register_lock                 
0000505b  _nop                           
00005061  copysign                       
00005061  copysignl                      
00005075  strcpy                         
00005089  strlen                         
0000509d  IntMasterEnable                
000050ad  lcd_clear                      
000050bd  __TI_decompress_none           
000050cb  CPUcpsie                       
000050d7  __TI_zero_init                 
000050e3  ResetISR                       
000050ef  _system_pre_init               
000050f8  _ctypes_                       
00005278  __TI_Handler_Table_Base        
00005284  __TI_Handler_Table_Limit       
00005298  __TI_CINIT_Base                
000052b0  __TI_CINIT_Limit               
20000000  g_pfnRAMVectors                
2000026c  __stack                        
2000046c  __STACK_TOP                    
20000a6c  __STACK_END                    
20000a70  _sys_memory                    
20000e70  numObjects                     
20000e74  angle1                         
20000e78  angle2                         
20000e7c  totalAngle                     
20000e80  sonarDis                       
20000e84  irDis                          
20000e88  firstDistance                  
20000e8c  totalDis                       
20000e90  pulse_period                   
20000e94  cyclesDetected                 
20000e98  linearWidth                    
20000e9c  STATE                          
20000e9d  command                        
20000e9e  feedback                       
20000eb0  rising_time                    
20000eb4  falling_time                   
20000eb8  difference                     
20000ebc  overflow                       
20000ec0  __TI_cleanup_ptr               
20000ec4  __TI_dtors_ptr                 
20000ec8  __TI_enable_exit_profile_output
20000ed8  _lock                          
20000edc  _unlock                        
20000ee0  errno                          
20000ee4  main_func_sp                   
20000f54  cycle                          
ffffffff  __TI_pprof_out_hndl            
ffffffff  __TI_prof_data_size            
ffffffff  __TI_prof_data_start           
ffffffff  __binit__                      
ffffffff  __c_args__                     
ffffffff  binit                          
UNDEFED   SHT$$INIT_ARRAY$$Base          
UNDEFED   SHT$$INIT_ARRAY$$Limit         

[199 symbols]
