******************************************************************************
                  TI ARM Linker PC v16.9.4                     
******************************************************************************
>> Linked Mon Nov 27 18:00:21 2017

OUTPUT FILE NAME:   <Lab 2.out>
ENTRY POINT SYMBOL: "_c_int00"  address: 00002979


MEMORY CONFIGURATION

         name            origin    length      used     unused   attr    fill
----------------------  --------  ---------  --------  --------  ----  --------
  FLASH                 00000000   00040000  00002e13  0003d1ed  R  X
  SRAM                  20000000   00008000  00000eed  00007113  RW X


SEGMENT ALLOCATION MAP

run origin  load origin   length   init length attrs members
----------  ----------- ---------- ----------- ----- -------
00000000    00000000    00002e18   00002e18    r-x
  00000000    00000000    0000026c   0000026c    r-- .intvecs
  0000026c    0000026c    00002a56   00002a56    r-x .text
  00002cc2    00002cc2    00000109   00000109    r-- .const
  00002dd0    00002dd0    00000048   00000048    r-- .cinit
20000000    20000000    00000ef4   00000000    rw-
  20000000    20000000    0000026c   00000000    rw- .vtable
  2000026c    2000026c    00000800   00000000    rw- .stack
  20000a70    20000a70    00000400   00000000    rw- .sysmem
  20000e70    20000e70    00000055   00000000    rw- .bss
  20000ec8    20000ec8    0000002c   00000000    rw- .data


SECTION ALLOCATION MAP

 output                                  attributes/
section   page    origin      length       input sections
--------  ----  ----------  ----------   ----------------
.intvecs   0    00000000    0000026c     
                  00000000    0000026c     tm4c123gh6pm_startup_ccs.obj (.intvecs)

.text      0    0000026c    00002a56     
                  0000026c    0000113e     rtsv7M4_T_le_v4SPD16_eabi.lib : _printfi.obj (.text)
                  000013aa    00000002                                   : mpu_init.obj (.text)
                  000013ac    000002ec     lcd.obj (.text)
                  00001698    000001f4     rtsv7M4_T_le_v4SPD16_eabi.lib : ull_div_t2.obj (.text)
                  0000188c    000001b6                                   : fd_add_t2.obj (.text)
                  00001a42    00000002                                   : startup.obj (.text)
                  00001a44    0000016c     init.obj (.text)
                  00001bb0    00000158     timer.obj (.text)
                  00001d08    00000136     rtsv7M4_T_le_v4SPD16_eabi.lib : fd_div_t2.obj (.text)
                  00001e3e    00000002     --HOLE-- [fill = 0]
                  00001e40    0000012c     sonar.obj (.text)
                  00001f6c    00000108     wifi.obj (.text)
                  00002074    00000100     uart.obj (.text)
                  00002174    000000fc     rtsv7M4_T_le_v4SPD16_eabi.lib : fd_mul_t2.obj (.text)
                  00002270    000000fc                                   : s_scalbn.obj (.text)
                  0000236c    000000f4     main.obj (.text)
                  00002460    000000c0     adc.obj (.text)
                  00002520    0000009c     rtsv7M4_T_le_v4SPD16_eabi.lib : memcpy_t2.obj (.text)
                  000025bc    00000088                                   : vsnprintf.obj (.text)
                  00002644    00000086                                   : fd_cmp_t2.obj (.text:__aeabi_cdcmple)
                  000026ca    00000086                                   : fd_cmp_t2.obj (.text:__aeabi_cdrcmple)
                  00002750    0000007a                                   : memset_t2.obj (.text)
                  000027ca    00000002     --HOLE-- [fill = 0]
                  000027cc    00000070                                   : autoinit.obj (.text)
                  0000283c    0000006e                                   : fd_tos_t2.obj (.text)
                  000028aa    00000068                                   : copy_decompress_lzss.obj (.text:decompress:lzss)
                  00002912    00000002     --HOLE-- [fill = 0]
                  00002914    00000064                                   : s_frexp.obj (.text)
                  00002978    00000054                                   : boot.obj (.text)
                  000029cc    00000054                                   : exit.obj (.text)
                  00002a20    00000054                                   : ltoa.obj (.text)
                  00002a74    0000004c                                   : atoi.obj (.text)
                  00002ac0    0000004c                                   : cpy_tbl.obj (.text)
                  00002b0c    00000048                                   : fd_toi_t2.obj (.text)
                  00002b54    00000034     driverlib.lib : interrupt.obj (.text:IntRegister)
                  00002b88    0000002e     rtsv7M4_T_le_v4SPD16_eabi.lib : i_tofd_t2.obj (.text)
                  00002bb6    0000001c                                   : memccpy.obj (.text)
                  00002bd2    00000002     --HOLE-- [fill = 0]
                  00002bd4    00000018                                   : args_main.obj (.text)
                  00002bec    00000018                                   : strcmp.obj (.text)
                  00002c04    00000016                                   : strchr.obj (.text)
                  00002c1a    00000002     --HOLE-- [fill = 0]
                  00002c1c    00000014                                   : _lock.obj (.text)
                  00002c30    00000014                                   : s_copysign.obj (.text)
                  00002c44    00000014                                   : strcpy.obj (.text)
                  00002c58    00000014                                   : strlen.obj (.text)
                  00002c6c    00000010     driverlib.lib : interrupt.obj (.text:IntMasterEnable)
                  00002c7c    00000010     lcd.obj (.text:lcd_clear)
                  00002c8c    0000000e     rtsv7M4_T_le_v4SPD16_eabi.lib : copy_decompress_none.obj (.text:decompress:none)
                  00002c9a    0000000c     driverlib.lib : cpu.obj (.text:CPUcpsie)
                  00002ca6    0000000c     rtsv7M4_T_le_v4SPD16_eabi.lib : copy_zero_init.obj (.text:decompress:ZI)
                  00002cb2    0000000c     tm4c123gh6pm_startup_ccs.obj (.text)
                  00002cbe    00000004     rtsv7M4_T_le_v4SPD16_eabi.lib : pre_init.obj (.text)

.const     0    00002cc2    00000109     
                  00002cc2    00000101     rtsv7M4_T_le_v4SPD16_eabi.lib : ctype.obj (.const:.string:_ctypes_)
                  00002dc3    00000004     lcd.obj (.const:.string:lineAddress$1)
                  00002dc7    00000004     lcd.obj (.const:.string:lineAddresses$2)

.cinit     0    00002dd0    00000048     
                  00002dd0    00000012     (.cinit..data.load) [load image, compression = lzss]
                  00002de2    00000002     --HOLE-- [fill = 0]
                  00002de4    0000000c     (__TI_handler_table)
                  00002df0    00000008     (.cinit..bss.load) [load image, compression = zero_init]
                  00002df8    00000008     (.cinit..vtable.load) [load image, compression = zero_init]
                  00002e00    00000018     (__TI_cinit_table)

.init_array 
*          0    00000000    00000000     UNINITIALIZED

.vtable    0    20000000    0000026c     UNINITIALIZED
                  20000000    0000026c     driverlib.lib : interrupt.obj (.vtable)

.stack     0    2000026c    00000800     UNINITIALIZED
                  2000026c    00000800     --HOLE--

.sysmem    0    20000a70    00000400     UNINITIALIZED
                  20000a70    00000008     rtsv7M4_T_le_v4SPD16_eabi.lib : memory.obj (.sysmem)
                  20000a78    000003f8     --HOLE--

.bss       0    20000e70    00000055     UNINITIALIZED
                  20000e70    00000054     lcd.obj (.bss:lastbuffer$3)
                  20000ec4    00000001     (.common:cycle)

.data      0    20000ec8    0000002c     UNINITIALIZED
                  20000ec8    00000010     sonar.obj (.data)
                  20000ed8    0000000c     rtsv7M4_T_le_v4SPD16_eabi.lib : exit.obj (.data:$O1$$)
                  20000ee4    00000008                                   : _lock.obj (.data:$O1$$)
                  20000eec    00000004                                   : errno.obj (.data)
                  20000ef0    00000004                                   : stkdepth_vars.obj (.data)

MODULE SUMMARY

       Module                         code    ro data   rw data
       ------                         ----    -------   -------
    .\
       lcd.obj                        764     8         84     
       tm4c123gh6pm_startup_ccs.obj   12      620       0      
       init.obj                       364     0         0      
       timer.obj                      344     0         0      
       sonar.obj                      300     0         17     
       wifi.obj                       264     0         0      
       uart.obj                       256     0         0      
       main.obj                       244     0         0      
       adc.obj                        192     0         0      
    +--+------------------------------+-------+---------+---------+
       Total:                         2740    628       101    
                                                               
    C:/ti/TivaWare_C_Series-2.1.2.111/driverlib/ccs/Debug/driverlib.lib
       interrupt.obj                  68      0         620    
       cpu.obj                        12      0         0      
    +--+------------------------------+-------+---------+---------+
       Total:                         80      0         620    
                                                               
    C:\ti\ccsv7\tools\compiler\ti-cgt-arm_16.9.4.LTS\lib\rtsv7M4_T_le_v4SPD16_eabi.lib
       _printfi.obj                   4414    0         0      
       ull_div_t2.obj                 500     0         0      
       fd_add_t2.obj                  438     0         0      
       fd_div_t2.obj                  310     0         0      
       fd_cmp_t2.obj                  268     0         0      
       ctype.obj                      0       257       0      
       fd_mul_t2.obj                  252     0         0      
       s_scalbn.obj                   252     0         0      
       memcpy_t2.obj                  156     0         0      
       vsnprintf.obj                  136     0         0      
       memset_t2.obj                  122     0         0      
       autoinit.obj                   112     0         0      
       fd_tos_t2.obj                  110     0         0      
       copy_decompress_lzss.obj       104     0         0      
       s_frexp.obj                    100     0         0      
       exit.obj                       84      0         12     
       boot.obj                       84      0         0      
       ltoa.obj                       84      0         0      
       atoi.obj                       76      0         0      
       cpy_tbl.obj                    76      0         0      
       fd_toi_t2.obj                  72      0         0      
       i_tofd_t2.obj                  46      0         0      
       _lock.obj                      20      0         8      
       memccpy.obj                    28      0         0      
       args_main.obj                  24      0         0      
       strcmp.obj                     24      0         0      
       strchr.obj                     22      0         0      
       s_copysign.obj                 20      0         0      
       strcpy.obj                     20      0         0      
       strlen.obj                     20      0         0      
       copy_decompress_none.obj       14      0         0      
       copy_zero_init.obj             12      0         0      
       errno.obj                      0       0         4      
       pre_init.obj                   4       0         0      
       stkdepth_vars.obj              0       0         4      
       mpu_init.obj                   2       0         0      
       startup.obj                    2       0         0      
    +--+------------------------------+-------+---------+---------+
       Total:                         8008    257       28     
                                                               
       Heap:                          0       0         1024   
       Stack:                         0       0         2048   
       Linker Generated:              0       70        0      
    +--+------------------------------+-------+---------+---------+
       Grand Total:                   10828   955       3821   


LINKER GENERATED COPY TABLES

__TI_cinit_table @ 00002e00 records: 3, size/record: 8, table size: 24
	.data: load addr=00002dd0, load size=00000012 bytes, run addr=20000ec8, run size=0000002c bytes, compression=lzss
	.bss: load addr=00002df0, load size=00000008 bytes, run addr=20000e70, run size=00000055 bytes, compression=zero_init
	.vtable: load addr=00002df8, load size=00000008 bytes, run addr=20000000, run size=0000026c bytes, compression=zero_init


LINKER GENERATED HANDLER TABLE

__TI_handler_table @ 00002de4 records: 3, size/record: 4, table size: 12
	index: 0, handler: __TI_zero_init
	index: 1, handler: __TI_decompress_lzss
	index: 2, handler: __TI_decompress_none


GLOBAL SYMBOLS: SORTED ALPHABETICALLY BY Name 

address   name                           
-------   ----                           
000029cd  C$$EXIT                        
00002c9b  CPUcpsie                       
00002c6d  IntMasterEnable                
00002b55  IntRegister                    
00002cb3  ResetISR                       
UNDEFED   SHT$$INIT_ARRAY$$Base          
UNDEFED   SHT$$INIT_ARRAY$$Limit         
00001e41  TIMER3B_Handler                
00001fc9  WiFi_Check                     
00001f6d  WiFi_start                     
00001fbb  WiFi_stop                      
20000a6c  __STACK_END                    
00000800  __STACK_SIZE                   
2000046c  __STACK_TOP                    
00000400  __SYSMEM_SIZE                  
00002e00  __TI_CINIT_Base                
00002e18  __TI_CINIT_Limit               
00002de4  __TI_Handler_Table_Base        
00002df0  __TI_Handler_Table_Limit       
000027cd  __TI_auto_init                 
20000ed8  __TI_cleanup_ptr               
000028ab  __TI_decompress_lzss           
00002c8d  __TI_decompress_none           
20000edc  __TI_dtors_ptr                 
20000ee0  __TI_enable_exit_profile_output
ffffffff  __TI_pprof_out_hndl            
00000ab1  __TI_printfi                   
ffffffff  __TI_prof_data_size            
ffffffff  __TI_prof_data_start           
00000000  __TI_static_base__             
00002ca7  __TI_zero_init                 
00002645  __aeabi_cdcmpeq                
00002645  __aeabi_cdcmple                
000026cb  __aeabi_cdrcmple               
0000283d  __aeabi_d2f                    
00002b0d  __aeabi_d2iz                   
00001897  __aeabi_dadd                   
00001d09  __aeabi_ddiv                   
00002175  __aeabi_dmul                   
0000188d  __aeabi_dsub                   
00002b89  __aeabi_i2d                    
00002751  __aeabi_memclr                 
00002751  __aeabi_memclr4                
00002751  __aeabi_memclr8                
00002521  __aeabi_memcpy                 
00002521  __aeabi_memcpy4                
00002521  __aeabi_memcpy8                
00002753  __aeabi_memset                 
00002753  __aeabi_memset4                
00002753  __aeabi_memset8                
00001699  __aeabi_uldivmod               
ffffffff  __binit__                      
ffffffff  __c_args__                     
000013ab  __mpu_init                     
2000026c  __stack                        
00002bd5  _args_main                     
00002979  _c_int00                       
00002cc2  _ctypes_                       
20000ee4  _lock                          
00002c2b  _nop                           
00002c23  _register_lock                 
00002c1d  _register_unlock               
00001fe1  _sendCommand                   
20000a70  _sys_memory                    
00001a43  _system_post_cinit             
00002cbf  _system_pre_init               
20000ee8  _unlock                        
000029d1  abort                          
00002461  adc_Read                       
00002475  adc_init                       
00002a75  atoi                           
ffffffff  binit                          
00002ac1  copy_in                        
00002c31  copysign                       
00002c31  copysignl                      
20000ec4  cycle                          
20000ed0  difference                     
20000eec  errno                          
000029d9  exit                           
20000ecc  falling_time                   
00002915  frexp                          
00002915  frexpl                         
20000000  g_pfnRAMVectors                
00000000  g_pfnVectors                   
00001a45  init_PortB                     
00001a79  init_timers                    
00002375  initialize                     
00002c7d  lcd_clear                      
00001545  lcd_gotoLine                   
000013ad  lcd_init                       
000015ab  lcd_printf                     
0000146d  lcd_putc                       
000014a5  lcd_puts                       
000014c3  lcd_sendCommand                
00001501  lcd_sendNibble                 
0000156d  lcd_setCursorPos               
00002271  ldexp                          
00002271  ldexpl                         
00002a21  ltoa                           
0000236d  main                           
20000ef0  main_func_sp                   
00002bb7  memccpy                        
00002521  memcpy                         
00002759  memset                         
20000ed4  overflow                       
00001ebf  ping_read                      
00001b5d  portB_init                     
20000ec8  rising_time                    
00002271  scalbn                         
00002271  scalbnl                        
0000239f  sendData                       
000023dd  sendHeader                     
00001e79  send_pulse                     
00002c05  strchr                         
00002bed  strcmp                         
00002c45  strcpy                         
00002c59  strlen                         
00001cc1  timer_getClock                 
00001c75  timer_startClock               
00001c0f  timer_startTimer               
00001cc7  timer_stopClock                
00001c5f  timer_stopTimer                
00001be5  timer_waitMicros               
00001bb1  timer_waitMillis               
00002075  uart_init                      
000020fd  uart_receive                   
00002123  uart_sendChar                  
000025bd  vsnprintf                      


GLOBAL SYMBOLS: SORTED BY Symbol Address 

address   name                           
-------   ----                           
00000000  __TI_static_base__             
00000000  g_pfnVectors                   
00000400  __SYSMEM_SIZE                  
00000800  __STACK_SIZE                   
00000ab1  __TI_printfi                   
000013ab  __mpu_init                     
000013ad  lcd_init                       
0000146d  lcd_putc                       
000014a5  lcd_puts                       
000014c3  lcd_sendCommand                
00001501  lcd_sendNibble                 
00001545  lcd_gotoLine                   
0000156d  lcd_setCursorPos               
000015ab  lcd_printf                     
00001699  __aeabi_uldivmod               
0000188d  __aeabi_dsub                   
00001897  __aeabi_dadd                   
00001a43  _system_post_cinit             
00001a45  init_PortB                     
00001a79  init_timers                    
00001b5d  portB_init                     
00001bb1  timer_waitMillis               
00001be5  timer_waitMicros               
00001c0f  timer_startTimer               
00001c5f  timer_stopTimer                
00001c75  timer_startClock               
00001cc1  timer_getClock                 
00001cc7  timer_stopClock                
00001d09  __aeabi_ddiv                   
00001e41  TIMER3B_Handler                
00001e79  send_pulse                     
00001ebf  ping_read                      
00001f6d  WiFi_start                     
00001fbb  WiFi_stop                      
00001fc9  WiFi_Check                     
00001fe1  _sendCommand                   
00002075  uart_init                      
000020fd  uart_receive                   
00002123  uart_sendChar                  
00002175  __aeabi_dmul                   
00002271  ldexp                          
00002271  ldexpl                         
00002271  scalbn                         
00002271  scalbnl                        
0000236d  main                           
00002375  initialize                     
0000239f  sendData                       
000023dd  sendHeader                     
00002461  adc_Read                       
00002475  adc_init                       
00002521  __aeabi_memcpy                 
00002521  __aeabi_memcpy4                
00002521  __aeabi_memcpy8                
00002521  memcpy                         
000025bd  vsnprintf                      
00002645  __aeabi_cdcmpeq                
00002645  __aeabi_cdcmple                
000026cb  __aeabi_cdrcmple               
00002751  __aeabi_memclr                 
00002751  __aeabi_memclr4                
00002751  __aeabi_memclr8                
00002753  __aeabi_memset                 
00002753  __aeabi_memset4                
00002753  __aeabi_memset8                
00002759  memset                         
000027cd  __TI_auto_init                 
0000283d  __aeabi_d2f                    
000028ab  __TI_decompress_lzss           
00002915  frexp                          
00002915  frexpl                         
00002979  _c_int00                       
000029cd  C$$EXIT                        
000029d1  abort                          
000029d9  exit                           
00002a21  ltoa                           
00002a75  atoi                           
00002ac1  copy_in                        
00002b0d  __aeabi_d2iz                   
00002b55  IntRegister                    
00002b89  __aeabi_i2d                    
00002bb7  memccpy                        
00002bd5  _args_main                     
00002bed  strcmp                         
00002c05  strchr                         
00002c1d  _register_unlock               
00002c23  _register_lock                 
00002c2b  _nop                           
00002c31  copysign                       
00002c31  copysignl                      
00002c45  strcpy                         
00002c59  strlen                         
00002c6d  IntMasterEnable                
00002c7d  lcd_clear                      
00002c8d  __TI_decompress_none           
00002c9b  CPUcpsie                       
00002ca7  __TI_zero_init                 
00002cb3  ResetISR                       
00002cbf  _system_pre_init               
00002cc2  _ctypes_                       
00002de4  __TI_Handler_Table_Base        
00002df0  __TI_Handler_Table_Limit       
00002e00  __TI_CINIT_Base                
00002e18  __TI_CINIT_Limit               
20000000  g_pfnRAMVectors                
2000026c  __stack                        
2000046c  __STACK_TOP                    
20000a6c  __STACK_END                    
20000a70  _sys_memory                    
20000ec4  cycle                          
20000ec8  rising_time                    
20000ecc  falling_time                   
20000ed0  difference                     
20000ed4  overflow                       
20000ed8  __TI_cleanup_ptr               
20000edc  __TI_dtors_ptr                 
20000ee0  __TI_enable_exit_profile_output
20000ee4  _lock                          
20000ee8  _unlock                        
20000eec  errno                          
20000ef0  main_func_sp                   
ffffffff  __TI_pprof_out_hndl            
ffffffff  __TI_prof_data_size            
ffffffff  __TI_prof_data_start           
ffffffff  __binit__                      
ffffffff  __c_args__                     
ffffffff  binit                          
UNDEFED   SHT$$INIT_ARRAY$$Base          
UNDEFED   SHT$$INIT_ARRAY$$Limit         

[128 symbols]
