******************************************************************************
                  TI ARM Linker PC v16.9.4                     
******************************************************************************
>> Linked Mon Nov 27 18:11:05 2017

OUTPUT FILE NAME:   <Lab 2.out>
ENTRY POINT SYMBOL: "_c_int00"  address: 00003bed


MEMORY CONFIGURATION

         name            origin    length      used     unused   attr    fill
----------------------  --------  ---------  --------  --------  ----  --------
  FLASH                 00000000   00040000  00004142  0003bebe  R  X
  SRAM                  20000000   00008000  00000f31  000070cf  RW X


SEGMENT ALLOCATION MAP

run origin  load origin   length   init length attrs members
----------  ----------- ---------- ----------- ----- -------
00000000    00000000    00004148   00004148    r-x
  00000000    00000000    0000026c   0000026c    r-- .intvecs
  0000026c    0000026c    00003d4a   00003d4a    r-x .text
  00003fb8    00003fb8    0000013c   0000013c    r-- .const
  000040f8    000040f8    00000050   00000050    r-- .cinit
20000000    20000000    00000f38   00000000    rw-
  20000000    20000000    0000026c   00000000    rw- .vtable
  2000026c    2000026c    00000800   00000000    rw- .stack
  20000a70    20000a70    00000400   00000000    rw- .sysmem
  20000e70    20000e70    0000006d   00000000    rw- .bss
  20000ee0    20000ee0    00000058   00000000    rw- .data


SECTION ALLOCATION MAP

 output                                  attributes/
section   page    origin      length       input sections
--------  ----  ----------  ----------   ----------------
.intvecs   0    00000000    0000026c     
                  00000000    0000026c     tm4c123gh6pm_startup_ccs.obj (.intvecs)

.text      0    0000026c    00003d4a     
                  0000026c    0000113e     rtsv7M4_T_le_v4SPD16_eabi.lib : _printfi.obj (.text)
                  000013aa    00000002                                   : mpu_init.obj (.text)
                  000013ac    000009ac                                   : e_pow.obj (.text)
                  00001d58    00000664     scanner.obj (.text)
                  000023bc    000002ec     lcd.obj (.text)
                  000026a8    000001f4     rtsv7M4_T_le_v4SPD16_eabi.lib : ull_div_t2.obj (.text)
                  0000289c    000001b6                                   : fd_add_t2.obj (.text)
                  00002a52    00000002                                   : startup.obj (.text)
                  00002a54    00000170                                   : e_sqrt.obj (.text)
                  00002bc4    0000016c     init.obj (.text)
                  00002d30    00000158     timer.obj (.text)
                  00002e88    00000136     rtsv7M4_T_le_v4SPD16_eabi.lib : fd_div_t2.obj (.text)
                  00002fbe    00000002     --HOLE-- [fill = 0]
                  00002fc0    0000012c     sonar.obj (.text)
                  000030ec    0000010c     wifi.obj (.text)
                  000031f8    00000100     uart.obj (.text)
                  000032f8    000000fc     rtsv7M4_T_le_v4SPD16_eabi.lib : fd_mul_t2.obj (.text)
                  000033f4    000000fc                                   : s_scalbn.obj (.text)
                  000034f0    000000e0     servo.obj (.text)
                  000035d0    000000c0     adc.obj (.text)
                  00003690    000000a4     rtsv7M4_T_le_v4SPD16_eabi.lib : s_sinf.obj (.text)
                  00003734    0000009c                                   : memcpy_t2.obj (.text)
                  000037d0    00000088                                   : vsnprintf.obj (.text)
                  00003858    00000086                                   : fd_cmp_t2.obj (.text:__aeabi_cdcmple)
                  000038de    00000086                                   : fd_cmp_t2.obj (.text:__aeabi_cdrcmple)
                  00003964    0000007a                                   : memset_t2.obj (.text)
                  000039de    00000002     --HOLE-- [fill = 0]
                  000039e0    00000070                                   : autoinit.obj (.text)
                  00003a50    0000006e                                   : fd_tos_t2.obj (.text)
                  00003abe    00000068                                   : copy_decompress_lzss.obj (.text:decompress:lzss)
                  00003b26    00000002     --HOLE-- [fill = 0]
                  00003b28    00000064                                   : s_frexp.obj (.text)
                  00003b8c    00000060                                   : sprintf.obj (.text)
                  00003bec    00000054                                   : boot.obj (.text)
                  00003c40    00000054                                   : exit.obj (.text)
                  00003c94    00000054                                   : ltoa.obj (.text)
                  00003ce8    0000004c                                   : atoi.obj (.text)
                  00003d34    0000004c                                   : cpy_tbl.obj (.text)
                  00003d80    00000048                                   : fd_toi_t2.obj (.text)
                  00003dc8    00000046     main.obj (.text)
                  00003e0e    00000038     rtsv7M4_T_le_v4SPD16_eabi.lib : fs_tod_t2.obj (.text)
                  00003e46    00000002     --HOLE-- [fill = 0]
                  00003e48    00000034     driverlib.lib : interrupt.obj (.text:IntRegister)
                  00003e7c    0000002e     rtsv7M4_T_le_v4SPD16_eabi.lib : i_tofd_t2.obj (.text)
                  00003eaa    0000001c                                   : memccpy.obj (.text)
                  00003ec6    00000002     --HOLE-- [fill = 0]
                  00003ec8    00000018                                   : args_main.obj (.text)
                  00003ee0    00000018                                   : strcmp.obj (.text)
                  00003ef8    00000016                                   : strchr.obj (.text)
                  00003f0e    00000002     --HOLE-- [fill = 0]
                  00003f10    00000014                                   : _lock.obj (.text)
                  00003f24    00000014                                   : s_copysign.obj (.text)
                  00003f38    00000014                                   : strcpy.obj (.text)
                  00003f4c    00000014                                   : strlen.obj (.text)
                  00003f60    00000010     driverlib.lib : interrupt.obj (.text:IntMasterEnable)
                  00003f70    00000010     lcd.obj (.text:lcd_clear)
                  00003f80    0000000e     rtsv7M4_T_le_v4SPD16_eabi.lib : copy_decompress_none.obj (.text:decompress:none)
                  00003f8e    0000000c     driverlib.lib : cpu.obj (.text:CPUcpsie)
                  00003f9a    0000000c     rtsv7M4_T_le_v4SPD16_eabi.lib : copy_zero_init.obj (.text:decompress:ZI)
                  00003fa6    0000000c     tm4c123gh6pm_startup_ccs.obj (.text)
                  00003fb2    00000004     rtsv7M4_T_le_v4SPD16_eabi.lib : pre_init.obj (.text)

.const     0    00003fb8    0000013c     
                  00003fb8    00000101     rtsv7M4_T_le_v4SPD16_eabi.lib : ctype.obj (.const:.string:_ctypes_)
                  000040b9    00000004     lcd.obj (.const:.string:lineAddress$1)
                  000040bd    00000003     --HOLE-- [fill = 0]
                  000040c0    00000030     rtsv7M4_T_le_v4SPD16_eabi.lib : e_pow.obj (.const:$O1$$)
                  000040f0    00000004     lcd.obj (.const:.string:lineAddresses$2)

.cinit     0    000040f8    00000050     
                  000040f8    00000016     (.cinit..data.load) [load image, compression = lzss]
                  0000410e    00000002     --HOLE-- [fill = 0]
                  00004110    0000000c     (__TI_handler_table)
                  0000411c    00000004     --HOLE-- [fill = 0]
                  00004120    00000008     (.cinit..bss.load) [load image, compression = zero_init]
                  00004128    00000008     (.cinit..vtable.load) [load image, compression = zero_init]
                  00004130    00000018     (__TI_cinit_table)

.init_array 
*          0    00000000    00000000     UNINITIALIZED

.vtable    0    20000000    0000026c     UNINITIALIZED
                  20000000    0000026c     driverlib.lib : interrupt.obj (.vtable)

.stack     0    2000026c    00000800     UNINITIALIZED
                  2000026c    00000800     --HOLE--

.sysmem    0    20000a70    00000400     UNINITIALIZED
                  20000a70    00000008     rtsv7M4_T_le_v4SPD16_eabi.lib : memory.obj (.sysmem)
                  20000a78    000003f8     --HOLE--

.bss       0    20000e70    0000006d     UNINITIALIZED
                  20000e70    00000054     lcd.obj (.bss:lastbuffer$3)
                  20000ec4    00000018     (.common:Comparator)
                  20000edc    00000001     (.common:cycle)

.data      0    20000ee0    00000058     UNINITIALIZED
                  20000ee0    00000029     scanner.obj (.data)
                  20000f09    00000003     --HOLE--
                  20000f0c    00000010     sonar.obj (.data)
                  20000f1c    0000000c     rtsv7M4_T_le_v4SPD16_eabi.lib : exit.obj (.data:$O1$$)
                  20000f28    00000008                                   : _lock.obj (.data:$O1$$)
                  20000f30    00000004                                   : errno.obj (.data)
                  20000f34    00000004                                   : stkdepth_vars.obj (.data)

MODULE SUMMARY

       Module                         code    ro data   rw data
       ------                         ----    -------   -------
    .\
       scanner.obj                    1636    0         65     
       lcd.obj                        764     8         84     
       tm4c123gh6pm_startup_ccs.obj   12      620       0      
       init.obj                       364     0         0      
       timer.obj                      344     0         0      
       sonar.obj                      300     0         17     
       wifi.obj                       268     0         0      
       uart.obj                       256     0         0      
       servo.obj                      224     0         0      
       adc.obj                        192     0         0      
       main.obj                       70      0         0      
    +--+------------------------------+-------+---------+---------+
       Total:                         4430    628       166    
                                                               
    C:/ti/TivaWare_C_Series-2.1.2.111/driverlib/ccs/Debug/driverlib.lib
       interrupt.obj                  68      0         620    
       cpu.obj                        12      0         0      
    +--+------------------------------+-------+---------+---------+
       Total:                         80      0         620    
                                                               
    C:\ti\ccsv7\tools\compiler\ti-cgt-arm_16.9.4.LTS\lib\rtsv7M4_T_le_v4SPD16_eabi.lib
       _printfi.obj                   4414    0         0      
       e_pow.obj                      2476    48        0      
       ull_div_t2.obj                 500     0         0      
       fd_add_t2.obj                  438     0         0      
       e_sqrt.obj                     368     0         0      
       fd_div_t2.obj                  310     0         0      
       fd_cmp_t2.obj                  268     0         0      
       ctype.obj                      0       257       0      
       fd_mul_t2.obj                  252     0         0      
       s_scalbn.obj                   252     0         0      
       s_sinf.obj                     164     0         0      
       memcpy_t2.obj                  156     0         0      
       vsnprintf.obj                  136     0         0      
       memset_t2.obj                  122     0         0      
       autoinit.obj                   112     0         0      
       fd_tos_t2.obj                  110     0         0      
       copy_decompress_lzss.obj       104     0         0      
       s_frexp.obj                    100     0         0      
       exit.obj                       84      0         12     
       sprintf.obj                    96      0         0      
       boot.obj                       84      0         0      
       ltoa.obj                       84      0         0      
       atoi.obj                       76      0         0      
       cpy_tbl.obj                    76      0         0      
       fd_toi_t2.obj                  72      0         0      
       fs_tod_t2.obj                  56      0         0      
       i_tofd_t2.obj                  46      0         0      
       _lock.obj                      20      0         8      
       memccpy.obj                    28      0         0      
       args_main.obj                  24      0         0      
       strcmp.obj                     24      0         0      
       strchr.obj                     22      0         0      
       s_copysign.obj                 20      0         0      
       strcpy.obj                     20      0         0      
       strlen.obj                     20      0         0      
       copy_decompress_none.obj       14      0         0      
       copy_zero_init.obj             12      0         0      
       errno.obj                      0       0         4      
       pre_init.obj                   4       0         0      
       stkdepth_vars.obj              0       0         4      
       mpu_init.obj                   2       0         0      
       startup.obj                    2       0         0      
    +--+------------------------------+-------+---------+---------+
       Total:                         11168   305       28     
                                                               
       Heap:                          0       0         1024   
       Stack:                         0       0         2048   
       Linker Generated:              0       74        0      
    +--+------------------------------+-------+---------+---------+
       Grand Total:                   15678   1007      3886   


LINKER GENERATED COPY TABLES

__TI_cinit_table @ 00004130 records: 3, size/record: 8, table size: 24
	.data: load addr=000040f8, load size=00000016 bytes, run addr=20000ee0, run size=00000058 bytes, compression=lzss
	.bss: load addr=00004120, load size=00000008 bytes, run addr=20000e70, run size=0000006d bytes, compression=zero_init
	.vtable: load addr=00004128, load size=00000008 bytes, run addr=20000000, run size=0000026c bytes, compression=zero_init


LINKER GENERATED HANDLER TABLE

__TI_handler_table @ 00004110 records: 3, size/record: 4, table size: 12
	index: 0, handler: __TI_zero_init
	index: 1, handler: __TI_decompress_lzss
	index: 2, handler: __TI_decompress_none


GLOBAL SYMBOLS: SORTED ALPHABETICALLY BY Name 

address   name                           
-------   ----                           
00003c41  C$$EXIT                        
00003f8f  CPUcpsie                       
20000ec4  Comparator                     
00003f61  IntMasterEnable                
00003e49  IntRegister                    
00003fa7  ResetISR                       
UNDEFED   SHT$$INIT_ARRAY$$Base          
UNDEFED   SHT$$INIT_ARRAY$$Limit         
20000f08  STATE                          
00002fc1  TIMER3B_Handler                
00003153  WiFi_Check                     
000030ed  WiFi_start                     
00003145  WiFi_stop                      
20000a6c  __STACK_END                    
00000800  __STACK_SIZE                   
2000046c  __STACK_TOP                    
00000400  __SYSMEM_SIZE                  
00004130  __TI_CINIT_Base                
00004148  __TI_CINIT_Limit               
00004110  __TI_Handler_Table_Base        
0000411c  __TI_Handler_Table_Limit       
000039e1  __TI_auto_init                 
20000f1c  __TI_cleanup_ptr               
00003abf  __TI_decompress_lzss           
00003f81  __TI_decompress_none           
20000f20  __TI_dtors_ptr                 
20000f24  __TI_enable_exit_profile_output
ffffffff  __TI_pprof_out_hndl            
00000ab1  __TI_printfi                   
ffffffff  __TI_prof_data_size            
ffffffff  __TI_prof_data_start           
00000000  __TI_static_base__             
00003f9b  __TI_zero_init                 
00003859  __aeabi_cdcmpeq                
00003859  __aeabi_cdcmple                
000038df  __aeabi_cdrcmple               
00003a51  __aeabi_d2f                    
00003d81  __aeabi_d2iz                   
000028a7  __aeabi_dadd                   
00002e89  __aeabi_ddiv                   
000032f9  __aeabi_dmul                   
0000289d  __aeabi_dsub                   
00003e0f  __aeabi_f2d                    
00003e7d  __aeabi_i2d                    
00003965  __aeabi_memclr                 
00003965  __aeabi_memclr4                
00003965  __aeabi_memclr8                
00003735  __aeabi_memcpy                 
00003735  __aeabi_memcpy4                
00003735  __aeabi_memcpy8                
00003967  __aeabi_memset                 
00003967  __aeabi_memset4                
00003967  __aeabi_memset8                
000026a9  __aeabi_uldivmod               
ffffffff  __binit__                      
ffffffff  __c_args__                     
000013ab  __mpu_init                     
2000026c  __stack                        
00003ec9  _args_main                     
00003bed  _c_int00                       
00003fb8  _ctypes_                       
20000f28  _lock                          
00003f1f  _nop                           
00003f17  _register_lock                 
00003f11  _register_unlock               
0000316b  _sendCommand                   
20000a70  _sys_memory                    
00002a53  _system_post_cinit             
00003fb3  _system_pre_init               
20000f2c  _unlock                        
00003c45  abort                          
000035d1  adc_Read                       
000035e5  adc_init                       
20000ee4  angle1                         
20000ee8  angle2                         
00003ce9  atoi                           
ffffffff  binit                          
0000208d  calculateLinearWidth           
000020fd  collectData                    
00003d35  copy_in                        
00003f25  copysign                       
00003f25  copysignl                      
20000edc  cycle                          
20000f04  cyclesDetected                 
20000f14  difference                     
20000f30  errno                          
00003c4d  exit                           
20000f10  falling_time                   
20000ef8  firstDistance                  
00003b29  frexp                          
00003b29  frexpl                         
20000000  g_pfnRAMVectors                
00000000  g_pfnVectors                   
00002121  getAverage                     
0000217d  getIRtoDis                     
00002bc5  init_PortB                     
00002bf9  init_timers                    
00003dd5  initialize                     
20000ef4  irDis                          
00003f71  lcd_clear                      
00002555  lcd_gotoLine                   
000023bd  lcd_init                       
000025bb  lcd_printf                     
0000247d  lcd_putc                       
000024b5  lcd_puts                       
000024d3  lcd_sendCommand                
00002511  lcd_sendNibble                 
0000257d  lcd_setCursorPos               
000033f5  ldexp                          
000033f5  ldexpl                         
00003c95  ltoa                           
00003dc9  main                           
20000f34  main_func_sp                   
00003eab  memccpy                        
00003735  memcpy                         
0000396d  memset                         
000034f1  move_servo                     
0000351f  move_servo2                    
20000ee0  numObjects                     
20000f18  overflow                       
0000303f  ping_read                      
00002cdd  portB_init                     
000013ad  pow                            
000013ad  powl                           
20000f00  pulse_period                   
00001fff  reset                          
000021f1  resetTempVars                  
20000f0c  rising_time                    
000033f5  scalbn                         
000033f5  scalbnl                        
00001d59  scan                           
00002211  sendData                       
000022d9  sendHeader                     
00002ff9  send_pulse                     
00003553  setPeriod                      
00003691  sinf                           
20000ef0  sonarDis                       
00003b8d  sprintf                        
00002a55  sqrt                           
00002a55  sqrtl                          
00003ef9  strchr                         
00003ee1  strcmp                         
00003f39  strcpy                         
00003f4d  strlen                         
00002e41  timer_getClock                 
00002df5  timer_startClock               
00002d8f  timer_startTimer               
00002e47  timer_stopClock                
00002ddf  timer_stopTimer                
00002d65  timer_waitMicros               
00002d31  timer_waitMillis               
20000eec  totalAngle                     
20000efc  totalDis                       
000031f9  uart_init                      
00003281  uart_receive                   
000032a7  uart_sendChar                  
000037d1  vsnprintf                      
00003de9  wifiStart                      


GLOBAL SYMBOLS: SORTED BY Symbol Address 

address   name                           
-------   ----                           
00000000  __TI_static_base__             
00000000  g_pfnVectors                   
00000400  __SYSMEM_SIZE                  
00000800  __STACK_SIZE                   
00000ab1  __TI_printfi                   
000013ab  __mpu_init                     
000013ad  pow                            
000013ad  powl                           
00001d59  scan                           
00001fff  reset                          
0000208d  calculateLinearWidth           
000020fd  collectData                    
00002121  getAverage                     
0000217d  getIRtoDis                     
000021f1  resetTempVars                  
00002211  sendData                       
000022d9  sendHeader                     
000023bd  lcd_init                       
0000247d  lcd_putc                       
000024b5  lcd_puts                       
000024d3  lcd_sendCommand                
00002511  lcd_sendNibble                 
00002555  lcd_gotoLine                   
0000257d  lcd_setCursorPos               
000025bb  lcd_printf                     
000026a9  __aeabi_uldivmod               
0000289d  __aeabi_dsub                   
000028a7  __aeabi_dadd                   
00002a53  _system_post_cinit             
00002a55  sqrt                           
00002a55  sqrtl                          
00002bc5  init_PortB                     
00002bf9  init_timers                    
00002cdd  portB_init                     
00002d31  timer_waitMillis               
00002d65  timer_waitMicros               
00002d8f  timer_startTimer               
00002ddf  timer_stopTimer                
00002df5  timer_startClock               
00002e41  timer_getClock                 
00002e47  timer_stopClock                
00002e89  __aeabi_ddiv                   
00002fc1  TIMER3B_Handler                
00002ff9  send_pulse                     
0000303f  ping_read                      
000030ed  WiFi_start                     
00003145  WiFi_stop                      
00003153  WiFi_Check                     
0000316b  _sendCommand                   
000031f9  uart_init                      
00003281  uart_receive                   
000032a7  uart_sendChar                  
000032f9  __aeabi_dmul                   
000033f5  ldexp                          
000033f5  ldexpl                         
000033f5  scalbn                         
000033f5  scalbnl                        
000034f1  move_servo                     
0000351f  move_servo2                    
00003553  setPeriod                      
000035d1  adc_Read                       
000035e5  adc_init                       
00003691  sinf                           
00003735  __aeabi_memcpy                 
00003735  __aeabi_memcpy4                
00003735  __aeabi_memcpy8                
00003735  memcpy                         
000037d1  vsnprintf                      
00003859  __aeabi_cdcmpeq                
00003859  __aeabi_cdcmple                
000038df  __aeabi_cdrcmple               
00003965  __aeabi_memclr                 
00003965  __aeabi_memclr4                
00003965  __aeabi_memclr8                
00003967  __aeabi_memset                 
00003967  __aeabi_memset4                
00003967  __aeabi_memset8                
0000396d  memset                         
000039e1  __TI_auto_init                 
00003a51  __aeabi_d2f                    
00003abf  __TI_decompress_lzss           
00003b29  frexp                          
00003b29  frexpl                         
00003b8d  sprintf                        
00003bed  _c_int00                       
00003c41  C$$EXIT                        
00003c45  abort                          
00003c4d  exit                           
00003c95  ltoa                           
00003ce9  atoi                           
00003d35  copy_in                        
00003d81  __aeabi_d2iz                   
00003dc9  main                           
00003dd5  initialize                     
00003de9  wifiStart                      
00003e0f  __aeabi_f2d                    
00003e49  IntRegister                    
00003e7d  __aeabi_i2d                    
00003eab  memccpy                        
00003ec9  _args_main                     
00003ee1  strcmp                         
00003ef9  strchr                         
00003f11  _register_unlock               
00003f17  _register_lock                 
00003f1f  _nop                           
00003f25  copysign                       
00003f25  copysignl                      
00003f39  strcpy                         
00003f4d  strlen                         
00003f61  IntMasterEnable                
00003f71  lcd_clear                      
00003f81  __TI_decompress_none           
00003f8f  CPUcpsie                       
00003f9b  __TI_zero_init                 
00003fa7  ResetISR                       
00003fb3  _system_pre_init               
00003fb8  _ctypes_                       
00004110  __TI_Handler_Table_Base        
0000411c  __TI_Handler_Table_Limit       
00004130  __TI_CINIT_Base                
00004148  __TI_CINIT_Limit               
20000000  g_pfnRAMVectors                
2000026c  __stack                        
2000046c  __STACK_TOP                    
20000a6c  __STACK_END                    
20000a70  _sys_memory                    
20000ec4  Comparator                     
20000edc  cycle                          
20000ee0  numObjects                     
20000ee4  angle1                         
20000ee8  angle2                         
20000eec  totalAngle                     
20000ef0  sonarDis                       
20000ef4  irDis                          
20000ef8  firstDistance                  
20000efc  totalDis                       
20000f00  pulse_period                   
20000f04  cyclesDetected                 
20000f08  STATE                          
20000f0c  rising_time                    
20000f10  falling_time                   
20000f14  difference                     
20000f18  overflow                       
20000f1c  __TI_cleanup_ptr               
20000f20  __TI_dtors_ptr                 
20000f24  __TI_enable_exit_profile_output
20000f28  _lock                          
20000f2c  _unlock                        
20000f30  errno                          
20000f34  main_func_sp                   
ffffffff  __TI_pprof_out_hndl            
ffffffff  __TI_prof_data_size            
ffffffff  __TI_prof_data_start           
ffffffff  __binit__                      
ffffffff  __c_args__                     
ffffffff  binit                          
UNDEFED   SHT$$INIT_ARRAY$$Base          
UNDEFED   SHT$$INIT_ARRAY$$Limit         

[158 symbols]
