<?xml version="1.0"?>
<link_info>
   <banner>TI ARM Linker PC v16.9.1.LTS</banner>
   <copyright>Copyright (c) 1996-2015 Texas Instruments Incorporated</copyright>
   <link_time>0x5a04ab40</link_time>
   <link_errors>0x0</link_errors>
   <output_file>Lab 2.out</output_file>
   <entry_point>
      <name>_c_int00</name>
      <address>0x3a85</address>
   </entry_point>
   <input_file_list>
      <input_file id="fl-2">
         <path>.\</path>
         <kind>object</kind>
         <file>adc.obj</file>
         <name>adc.obj</name>
      </input_file>
      <input_file id="fl-3">
         <path>.\</path>
         <kind>object</kind>
         <file>init.obj</file>
         <name>init.obj</name>
      </input_file>
      <input_file id="fl-4">
         <path>.\</path>
         <kind>object</kind>
         <file>lcd.obj</file>
         <name>lcd.obj</name>
      </input_file>
      <input_file id="fl-5">
         <path>.\</path>
         <kind>object</kind>
         <file>main.obj</file>
         <name>main.obj</name>
      </input_file>
      <input_file id="fl-6">
         <path>.\</path>
         <kind>object</kind>
         <file>servo.obj</file>
         <name>servo.obj</name>
      </input_file>
      <input_file id="fl-7">
         <path>.\</path>
         <kind>object</kind>
         <file>sonar.obj</file>
         <name>sonar.obj</name>
      </input_file>
      <input_file id="fl-8">
         <path>.\</path>
         <kind>object</kind>
         <file>timer.obj</file>
         <name>timer.obj</name>
      </input_file>
      <input_file id="fl-9">
         <path>.\</path>
         <kind>object</kind>
         <file>tm4c123gh6pm_startup_ccs.obj</file>
         <name>tm4c123gh6pm_startup_ccs.obj</name>
      </input_file>
      <input_file id="fl-a">
         <path>.\</path>
         <kind>object</kind>
         <file>uart.obj</file>
         <name>uart.obj</name>
      </input_file>
      <input_file id="fl-b">
         <path>.\</path>
         <kind>object</kind>
         <file>wifi.obj</file>
         <name>wifi.obj</name>
      </input_file>
      <input_file id="fl-c6">
         <path>C:\ti\ccsv7\tools\compiler\ti-cgt-arm_16.9.1.LTS\lib\</path>
         <kind>archive</kind>
         <file>rtsv7M4_T_le_v4SPD16_eabi.lib</file>
         <name>boot.obj</name>
      </input_file>
      <input_file id="fl-c7">
         <path>C:\ti\ccsv7\tools\compiler\ti-cgt-arm_16.9.1.LTS\lib\</path>
         <kind>archive</kind>
         <file>rtsv7M4_T_le_v4SPD16_eabi.lib</file>
         <name>copy_decompress_lzss.obj</name>
      </input_file>
      <input_file id="fl-c8">
         <path>C:\ti\ccsv7\tools\compiler\ti-cgt-arm_16.9.1.LTS\lib\</path>
         <kind>archive</kind>
         <file>rtsv7M4_T_le_v4SPD16_eabi.lib</file>
         <name>copy_decompress_none.obj</name>
      </input_file>
      <input_file id="fl-c9">
         <path>C:\ti\ccsv7\tools\compiler\ti-cgt-arm_16.9.1.LTS\lib\</path>
         <kind>archive</kind>
         <file>rtsv7M4_T_le_v4SPD16_eabi.lib</file>
         <name>copy_zero_init.obj</name>
      </input_file>
      <input_file id="fl-ca">
         <path>C:\ti\ccsv7\tools\compiler\ti-cgt-arm_16.9.1.LTS\lib\</path>
         <kind>archive</kind>
         <file>rtsv7M4_T_le_v4SPD16_eabi.lib</file>
         <name>e_pow.obj</name>
      </input_file>
      <input_file id="fl-cb">
         <path>C:\ti\ccsv7\tools\compiler\ti-cgt-arm_16.9.1.LTS\lib\</path>
         <kind>archive</kind>
         <file>rtsv7M4_T_le_v4SPD16_eabi.lib</file>
         <name>e_sqrt.obj</name>
      </input_file>
      <input_file id="fl-cc">
         <path>C:\ti\ccsv7\tools\compiler\ti-cgt-arm_16.9.1.LTS\lib\</path>
         <kind>archive</kind>
         <file>rtsv7M4_T_le_v4SPD16_eabi.lib</file>
         <name>errno.obj</name>
      </input_file>
      <input_file id="fl-cd">
         <path>C:\ti\ccsv7\tools\compiler\ti-cgt-arm_16.9.1.LTS\lib\</path>
         <kind>archive</kind>
         <file>rtsv7M4_T_le_v4SPD16_eabi.lib</file>
         <name>exit.obj</name>
      </input_file>
      <input_file id="fl-ce">
         <path>C:\ti\ccsv7\tools\compiler\ti-cgt-arm_16.9.1.LTS\lib\</path>
         <kind>archive</kind>
         <file>rtsv7M4_T_le_v4SPD16_eabi.lib</file>
         <name>fd_add_t2.obj</name>
      </input_file>
      <input_file id="fl-cf">
         <path>C:\ti\ccsv7\tools\compiler\ti-cgt-arm_16.9.1.LTS\lib\</path>
         <kind>archive</kind>
         <file>rtsv7M4_T_le_v4SPD16_eabi.lib</file>
         <name>fd_cmp_t2.obj</name>
      </input_file>
      <input_file id="fl-d0">
         <path>C:\ti\ccsv7\tools\compiler\ti-cgt-arm_16.9.1.LTS\lib\</path>
         <kind>archive</kind>
         <file>rtsv7M4_T_le_v4SPD16_eabi.lib</file>
         <name>fd_div_t2.obj</name>
      </input_file>
      <input_file id="fl-d1">
         <path>C:\ti\ccsv7\tools\compiler\ti-cgt-arm_16.9.1.LTS\lib\</path>
         <kind>archive</kind>
         <file>rtsv7M4_T_le_v4SPD16_eabi.lib</file>
         <name>fd_mul_t2.obj</name>
      </input_file>
      <input_file id="fl-d2">
         <path>C:\ti\ccsv7\tools\compiler\ti-cgt-arm_16.9.1.LTS\lib\</path>
         <kind>archive</kind>
         <file>rtsv7M4_T_le_v4SPD16_eabi.lib</file>
         <name>fd_tos_t2.obj</name>
      </input_file>
      <input_file id="fl-d3">
         <path>C:\ti\ccsv7\tools\compiler\ti-cgt-arm_16.9.1.LTS\lib\</path>
         <kind>archive</kind>
         <file>rtsv7M4_T_le_v4SPD16_eabi.lib</file>
         <name>fs_tod_t2.obj</name>
      </input_file>
      <input_file id="fl-d4">
         <path>C:\ti\ccsv7\tools\compiler\ti-cgt-arm_16.9.1.LTS\lib\</path>
         <kind>archive</kind>
         <file>rtsv7M4_T_le_v4SPD16_eabi.lib</file>
         <name>i_tofd_t2.obj</name>
      </input_file>
      <input_file id="fl-d5">
         <path>C:\ti\ccsv7\tools\compiler\ti-cgt-arm_16.9.1.LTS\lib\</path>
         <kind>archive</kind>
         <file>rtsv7M4_T_le_v4SPD16_eabi.lib</file>
         <name>memcpy_t2.obj</name>
      </input_file>
      <input_file id="fl-d6">
         <path>C:\ti\ccsv7\tools\compiler\ti-cgt-arm_16.9.1.LTS\lib\</path>
         <kind>archive</kind>
         <file>rtsv7M4_T_le_v4SPD16_eabi.lib</file>
         <name>memset_t2.obj</name>
      </input_file>
      <input_file id="fl-d7">
         <path>C:\ti\ccsv7\tools\compiler\ti-cgt-arm_16.9.1.LTS\lib\</path>
         <kind>archive</kind>
         <file>rtsv7M4_T_le_v4SPD16_eabi.lib</file>
         <name>mpu_init.obj</name>
      </input_file>
      <input_file id="fl-d8">
         <path>C:\ti\ccsv7\tools\compiler\ti-cgt-arm_16.9.1.LTS\lib\</path>
         <kind>archive</kind>
         <file>rtsv7M4_T_le_v4SPD16_eabi.lib</file>
         <name>pre_init.obj</name>
      </input_file>
      <input_file id="fl-d9">
         <path>C:\ti\ccsv7\tools\compiler\ti-cgt-arm_16.9.1.LTS\lib\</path>
         <kind>archive</kind>
         <file>rtsv7M4_T_le_v4SPD16_eabi.lib</file>
         <name>s_scalbn.obj</name>
      </input_file>
      <input_file id="fl-da">
         <path>C:\ti\ccsv7\tools\compiler\ti-cgt-arm_16.9.1.LTS\lib\</path>
         <kind>archive</kind>
         <file>rtsv7M4_T_le_v4SPD16_eabi.lib</file>
         <name>s_sinf.obj</name>
      </input_file>
      <input_file id="fl-db">
         <path>C:\ti\ccsv7\tools\compiler\ti-cgt-arm_16.9.1.LTS\lib\</path>
         <kind>archive</kind>
         <file>rtsv7M4_T_le_v4SPD16_eabi.lib</file>
         <name>sprintf.obj</name>
      </input_file>
      <input_file id="fl-dc">
         <path>C:\ti\ccsv7\tools\compiler\ti-cgt-arm_16.9.1.LTS\lib\</path>
         <kind>archive</kind>
         <file>rtsv7M4_T_le_v4SPD16_eabi.lib</file>
         <name>stkdepth_vars.obj</name>
      </input_file>
      <input_file id="fl-dd">
         <path>C:\ti\ccsv7\tools\compiler\ti-cgt-arm_16.9.1.LTS\lib\</path>
         <kind>archive</kind>
         <file>rtsv7M4_T_le_v4SPD16_eabi.lib</file>
         <name>strcmp.obj</name>
      </input_file>
      <input_file id="fl-de">
         <path>C:\ti\ccsv7\tools\compiler\ti-cgt-arm_16.9.1.LTS\lib\</path>
         <kind>archive</kind>
         <file>rtsv7M4_T_le_v4SPD16_eabi.lib</file>
         <name>strcpy.obj</name>
      </input_file>
      <input_file id="fl-df">
         <path>C:\ti\ccsv7\tools\compiler\ti-cgt-arm_16.9.1.LTS\lib\</path>
         <kind>archive</kind>
         <file>rtsv7M4_T_le_v4SPD16_eabi.lib</file>
         <name>strlen.obj</name>
      </input_file>
      <input_file id="fl-e0">
         <path>C:\ti\ccsv7\tools\compiler\ti-cgt-arm_16.9.1.LTS\lib\</path>
         <kind>archive</kind>
         <file>rtsv7M4_T_le_v4SPD16_eabi.lib</file>
         <name>vsnprintf.obj</name>
      </input_file>
      <input_file id="fl-e1">
         <path>C:\ti\ccsv7\tools\compiler\ti-cgt-arm_16.9.1.LTS\lib\</path>
         <kind>archive</kind>
         <file>rtsv7M4_T_le_v4SPD16_eabi.lib</file>
         <name>_lock.obj</name>
      </input_file>
      <input_file id="fl-e2">
         <path>C:\ti\ccsv7\tools\compiler\ti-cgt-arm_16.9.1.LTS\lib\</path>
         <kind>archive</kind>
         <file>rtsv7M4_T_le_v4SPD16_eabi.lib</file>
         <name>_printfi.obj</name>
      </input_file>
      <input_file id="fl-e3">
         <path>C:\ti\ccsv7\tools\compiler\ti-cgt-arm_16.9.1.LTS\lib\</path>
         <kind>archive</kind>
         <file>rtsv7M4_T_le_v4SPD16_eabi.lib</file>
         <name>args_main.obj</name>
      </input_file>
      <input_file id="fl-e4">
         <path>C:\ti\ccsv7\tools\compiler\ti-cgt-arm_16.9.1.LTS\lib\</path>
         <kind>archive</kind>
         <file>rtsv7M4_T_le_v4SPD16_eabi.lib</file>
         <name>atoi.obj</name>
      </input_file>
      <input_file id="fl-e5">
         <path>C:\ti\ccsv7\tools\compiler\ti-cgt-arm_16.9.1.LTS\lib\</path>
         <kind>archive</kind>
         <file>rtsv7M4_T_le_v4SPD16_eabi.lib</file>
         <name>autoinit.obj</name>
      </input_file>
      <input_file id="fl-e6">
         <path>C:\ti\ccsv7\tools\compiler\ti-cgt-arm_16.9.1.LTS\lib\</path>
         <kind>archive</kind>
         <file>rtsv7M4_T_le_v4SPD16_eabi.lib</file>
         <name>cpy_tbl.obj</name>
      </input_file>
      <input_file id="fl-e7">
         <path>C:\ti\ccsv7\tools\compiler\ti-cgt-arm_16.9.1.LTS\lib\</path>
         <kind>archive</kind>
         <file>rtsv7M4_T_le_v4SPD16_eabi.lib</file>
         <name>ctype.obj</name>
      </input_file>
      <input_file id="fl-e8">
         <path>C:\ti\ccsv7\tools\compiler\ti-cgt-arm_16.9.1.LTS\lib\</path>
         <kind>archive</kind>
         <file>rtsv7M4_T_le_v4SPD16_eabi.lib</file>
         <name>fd_toi_t2.obj</name>
      </input_file>
      <input_file id="fl-e9">
         <path>C:\ti\ccsv7\tools\compiler\ti-cgt-arm_16.9.1.LTS\lib\</path>
         <kind>archive</kind>
         <file>rtsv7M4_T_le_v4SPD16_eabi.lib</file>
         <name>ltoa.obj</name>
      </input_file>
      <input_file id="fl-ea">
         <path>C:\ti\ccsv7\tools\compiler\ti-cgt-arm_16.9.1.LTS\lib\</path>
         <kind>archive</kind>
         <file>rtsv7M4_T_le_v4SPD16_eabi.lib</file>
         <name>memccpy.obj</name>
      </input_file>
      <input_file id="fl-eb">
         <path>C:\ti\ccsv7\tools\compiler\ti-cgt-arm_16.9.1.LTS\lib\</path>
         <kind>archive</kind>
         <file>rtsv7M4_T_le_v4SPD16_eabi.lib</file>
         <name>s_copysign.obj</name>
      </input_file>
      <input_file id="fl-ec">
         <path>C:\ti\ccsv7\tools\compiler\ti-cgt-arm_16.9.1.LTS\lib\</path>
         <kind>archive</kind>
         <file>rtsv7M4_T_le_v4SPD16_eabi.lib</file>
         <name>s_frexp.obj</name>
      </input_file>
      <input_file id="fl-ed">
         <path>C:\ti\ccsv7\tools\compiler\ti-cgt-arm_16.9.1.LTS\lib\</path>
         <kind>archive</kind>
         <file>rtsv7M4_T_le_v4SPD16_eabi.lib</file>
         <name>startup.obj</name>
      </input_file>
      <input_file id="fl-ee">
         <path>C:\ti\ccsv7\tools\compiler\ti-cgt-arm_16.9.1.LTS\lib\</path>
         <kind>archive</kind>
         <file>rtsv7M4_T_le_v4SPD16_eabi.lib</file>
         <name>strchr.obj</name>
      </input_file>
      <input_file id="fl-ef">
         <path>C:\ti\ccsv7\tools\compiler\ti-cgt-arm_16.9.1.LTS\lib\</path>
         <kind>archive</kind>
         <file>rtsv7M4_T_le_v4SPD16_eabi.lib</file>
         <name>ull_div_t2.obj</name>
      </input_file>
      <input_file id="fl-f0">
         <path>C:\ti\TivaWare_C_Series-2.1.2.111\driverlib\ccs\Debug\</path>
         <kind>archive</kind>
         <file>driverlib.lib</file>
         <name>interrupt.obj</name>
      </input_file>
      <input_file id="fl-f1">
         <path>C:\ti\TivaWare_C_Series-2.1.2.111\driverlib\ccs\Debug\</path>
         <kind>archive</kind>
         <file>driverlib.lib</file>
         <name>cpu.obj</name>
      </input_file>
   </input_file_list>
   <object_component_list>
      <object_component id="oc-f">
         <name>.intvecs</name>
         <load_address>0x0</load_address>
         <run_address>0x0</run_address>
         <size>0x26c</size>
         <input_file_ref idref="fl-9"/>
      </object_component>
      <object_component id="oc-150">
         <name>.text</name>
         <load_address>0x26c</load_address>
         <run_address>0x26c</run_address>
         <size>0x113e</size>
         <input_file_ref idref="fl-e2"/>
      </object_component>
      <object_component id="oc-57">
         <name>.text</name>
         <load_address>0x13aa</load_address>
         <run_address>0x13aa</run_address>
         <size>0x2</size>
         <input_file_ref idref="fl-d7"/>
      </object_component>
      <object_component id="oc-103">
         <name>.text</name>
         <load_address>0x13ac</load_address>
         <run_address>0x13ac</run_address>
         <size>0x9ac</size>
         <input_file_ref idref="fl-ca"/>
      </object_component>
      <object_component id="oc-a7">
         <name>.text</name>
         <load_address>0x1d58</load_address>
         <run_address>0x1d58</run_address>
         <size>0x608</size>
         <input_file_ref idref="fl-5"/>
      </object_component>
      <object_component id="oc-123">
         <name>.text</name>
         <load_address>0x2360</load_address>
         <run_address>0x2360</run_address>
         <size>0x2ec</size>
         <input_file_ref idref="fl-4"/>
      </object_component>
      <object_component id="oc-1d8">
         <name>.text</name>
         <load_address>0x264c</load_address>
         <run_address>0x264c</run_address>
         <size>0x1f4</size>
         <input_file_ref idref="fl-ef"/>
      </object_component>
      <object_component id="oc-118">
         <name>.text</name>
         <load_address>0x2840</load_address>
         <run_address>0x2840</run_address>
         <size>0x1b6</size>
         <input_file_ref idref="fl-ce"/>
      </object_component>
      <object_component id="oc-9f">
         <name>.text</name>
         <load_address>0x29f6</load_address>
         <run_address>0x29f6</run_address>
         <size>0x2</size>
         <input_file_ref idref="fl-ed"/>
      </object_component>
      <object_component id="oc-17b">
         <name>.text</name>
         <load_address>0x29f8</load_address>
         <run_address>0x29f8</run_address>
         <size>0x170</size>
         <input_file_ref idref="fl-cb"/>
      </object_component>
      <object_component id="oc-11d">
         <name>.text</name>
         <load_address>0x2b68</load_address>
         <run_address>0x2b68</run_address>
         <size>0x16c</size>
         <input_file_ref idref="fl-3"/>
      </object_component>
      <object_component id="oc-e8">
         <name>.text</name>
         <load_address>0x2cd4</load_address>
         <run_address>0x2cd4</run_address>
         <size>0x158</size>
         <input_file_ref idref="fl-8"/>
      </object_component>
      <object_component id="oc-113">
         <name>.text</name>
         <load_address>0x2e2c</load_address>
         <run_address>0x2e2c</run_address>
         <size>0x136</size>
         <input_file_ref idref="fl-d0"/>
      </object_component>
      <object_component id="oc-f7">
         <name>.text</name>
         <load_address>0x2f64</load_address>
         <run_address>0x2f64</run_address>
         <size>0x12c</size>
         <input_file_ref idref="fl-7"/>
      </object_component>
      <object_component id="oc-dc">
         <name>.text</name>
         <load_address>0x3090</load_address>
         <run_address>0x3090</run_address>
         <size>0x100</size>
         <input_file_ref idref="fl-a"/>
      </object_component>
      <object_component id="oc-109">
         <name>.text</name>
         <load_address>0x3190</load_address>
         <run_address>0x3190</run_address>
         <size>0xfc</size>
         <input_file_ref idref="fl-d1"/>
      </object_component>
      <object_component id="oc-191">
         <name>.text</name>
         <load_address>0x328c</load_address>
         <run_address>0x328c</run_address>
         <size>0xfc</size>
         <input_file_ref idref="fl-d9"/>
      </object_component>
      <object_component id="oc-cb">
         <name>.text</name>
         <load_address>0x3388</load_address>
         <run_address>0x3388</run_address>
         <size>0xe0</size>
         <input_file_ref idref="fl-6"/>
      </object_component>
      <object_component id="oc-fd">
         <name>.text</name>
         <load_address>0x3468</load_address>
         <run_address>0x3468</run_address>
         <size>0xc0</size>
         <input_file_ref idref="fl-2"/>
      </object_component>
      <object_component id="oc-f1">
         <name>.text</name>
         <load_address>0x3528</load_address>
         <run_address>0x3528</run_address>
         <size>0xa4</size>
         <input_file_ref idref="fl-da"/>
      </object_component>
      <object_component id="oc-3f">
         <name>.text</name>
         <load_address>0x35cc</load_address>
         <run_address>0x35cc</run_address>
         <size>0x9c</size>
         <input_file_ref idref="fl-d5"/>
      </object_component>
      <object_component id="oc-1b7">
         <name>.text</name>
         <load_address>0x3668</load_address>
         <run_address>0x3668</run_address>
         <size>0x88</size>
         <input_file_ref idref="fl-e0"/>
      </object_component>
      <object_component id="oc-187">
         <name>.text:__aeabi_cdcmple</name>
         <load_address>0x36f0</load_address>
         <run_address>0x36f0</run_address>
         <size>0x86</size>
         <input_file_ref idref="fl-cf"/>
      </object_component>
      <object_component id="oc-18c">
         <name>.text:__aeabi_cdrcmple</name>
         <load_address>0x3776</load_address>
         <run_address>0x3776</run_address>
         <size>0x86</size>
         <input_file_ref idref="fl-cf"/>
      </object_component>
      <object_component id="oc-4b">
         <name>.text</name>
         <load_address>0x37fc</load_address>
         <run_address>0x37fc</run_address>
         <size>0x7a</size>
         <input_file_ref idref="fl-d6"/>
      </object_component>
      <object_component id="oc-63">
         <name>.text</name>
         <load_address>0x3878</load_address>
         <run_address>0x3878</run_address>
         <size>0x70</size>
         <input_file_ref idref="fl-e5"/>
      </object_component>
      <object_component id="oc-10e">
         <name>.text</name>
         <load_address>0x38e8</load_address>
         <run_address>0x38e8</run_address>
         <size>0x6e</size>
         <input_file_ref idref="fl-d2"/>
      </object_component>
      <object_component id="oc-12">
         <name>.text:decompress:lzss</name>
         <load_address>0x3956</load_address>
         <run_address>0x3956</run_address>
         <size>0x68</size>
         <input_file_ref idref="fl-c7"/>
      </object_component>
      <object_component id="oc-1e8">
         <name>.text</name>
         <load_address>0x39c0</load_address>
         <run_address>0x39c0</run_address>
         <size>0x64</size>
         <input_file_ref idref="fl-ec"/>
      </object_component>
      <object_component id="oc-d6">
         <name>.text</name>
         <load_address>0x3a24</load_address>
         <run_address>0x3a24</run_address>
         <size>0x60</size>
         <input_file_ref idref="fl-db"/>
      </object_component>
      <object_component id="oc-24">
         <name>.text</name>
         <load_address>0x3a84</load_address>
         <run_address>0x3a84</run_address>
         <size>0x54</size>
         <input_file_ref idref="fl-c6"/>
      </object_component>
      <object_component id="oc-6f">
         <name>.text</name>
         <load_address>0x3ad8</load_address>
         <run_address>0x3ad8</run_address>
         <size>0x54</size>
         <input_file_ref idref="fl-cd"/>
      </object_component>
      <object_component id="oc-1e2">
         <name>.text</name>
         <load_address>0x3b2c</load_address>
         <run_address>0x3b2c</run_address>
         <size>0x54</size>
         <input_file_ref idref="fl-e9"/>
      </object_component>
      <object_component id="oc-1f4">
         <name>.text</name>
         <load_address>0x3b80</load_address>
         <run_address>0x3b80</run_address>
         <size>0x4c</size>
         <input_file_ref idref="fl-e4"/>
      </object_component>
      <object_component id="oc-99">
         <name>.text</name>
         <load_address>0x3bcc</load_address>
         <run_address>0x3bcc</run_address>
         <size>0x4c</size>
         <input_file_ref idref="fl-e6"/>
      </object_component>
      <object_component id="oc-1dd">
         <name>.text</name>
         <load_address>0x3c18</load_address>
         <run_address>0x3c18</run_address>
         <size>0x48</size>
         <input_file_ref idref="fl-e8"/>
      </object_component>
      <object_component id="oc-d1">
         <name>.text</name>
         <load_address>0x3c60</load_address>
         <run_address>0x3c60</run_address>
         <size>0x38</size>
         <input_file_ref idref="fl-d3"/>
      </object_component>
      <object_component id="oc-1a3">
         <name>.text:IntRegister</name>
         <load_address>0x3c98</load_address>
         <run_address>0x3c98</run_address>
         <size>0x34</size>
         <input_file_ref idref="fl-f0"/>
      </object_component>
      <object_component id="oc-16e">
         <name>.text</name>
         <load_address>0x3ccc</load_address>
         <run_address>0x3ccc</run_address>
         <size>0x2e</size>
         <input_file_ref idref="fl-d4"/>
      </object_component>
      <object_component id="oc-1fa">
         <name>.text</name>
         <load_address>0x3cfa</load_address>
         <run_address>0x3cfa</run_address>
         <size>0x1c</size>
         <input_file_ref idref="fl-ea"/>
      </object_component>
      <object_component id="oc-69">
         <name>.text</name>
         <load_address>0x3d18</load_address>
         <run_address>0x3d18</run_address>
         <size>0x18</size>
         <input_file_ref idref="fl-e3"/>
      </object_component>
      <object_component id="oc-1bd">
         <name>.text</name>
         <load_address>0x3d30</load_address>
         <run_address>0x3d30</run_address>
         <size>0x18</size>
         <input_file_ref idref="fl-dd"/>
      </object_component>
      <object_component id="oc-1ee">
         <name>.text</name>
         <load_address>0x3d48</load_address>
         <run_address>0x3d48</run_address>
         <size>0x16</size>
         <input_file_ref idref="fl-ee"/>
      </object_component>
      <object_component id="oc-136">
         <name>.text</name>
         <load_address>0x3d60</load_address>
         <run_address>0x3d60</run_address>
         <size>0x14</size>
         <input_file_ref idref="fl-e1"/>
      </object_component>
      <object_component id="oc-227">
         <name>.text</name>
         <load_address>0x3d74</load_address>
         <run_address>0x3d74</run_address>
         <size>0x14</size>
         <input_file_ref idref="fl-eb"/>
      </object_component>
      <object_component id="oc-1c3">
         <name>.text</name>
         <load_address>0x3d88</load_address>
         <run_address>0x3d88</run_address>
         <size>0x14</size>
         <input_file_ref idref="fl-de"/>
      </object_component>
      <object_component id="oc-e2">
         <name>.text</name>
         <load_address>0x3d9c</load_address>
         <run_address>0x3d9c</run_address>
         <size>0x14</size>
         <input_file_ref idref="fl-df"/>
      </object_component>
      <object_component id="oc-1a9">
         <name>.text:IntMasterEnable</name>
         <load_address>0x3db0</load_address>
         <run_address>0x3db0</run_address>
         <size>0x10</size>
         <input_file_ref idref="fl-f0"/>
      </object_component>
      <object_component id="oc-1b0">
         <name>.text:lcd_clear</name>
         <load_address>0x3dc0</load_address>
         <run_address>0x3dc0</run_address>
         <size>0x10</size>
         <input_file_ref idref="fl-4"/>
      </object_component>
      <object_component id="oc-18">
         <name>.text:decompress:none</name>
         <load_address>0x3dd0</load_address>
         <run_address>0x3dd0</run_address>
         <size>0xe</size>
         <input_file_ref idref="fl-c8"/>
      </object_component>
      <object_component id="oc-23b">
         <name>.text:CPUcpsie</name>
         <load_address>0x3dde</load_address>
         <run_address>0x3dde</run_address>
         <size>0xc</size>
         <input_file_ref idref="fl-f1"/>
      </object_component>
      <object_component id="oc-1e">
         <name>.text:decompress:ZI</name>
         <load_address>0x3dea</load_address>
         <run_address>0x3dea</run_address>
         <size>0xc</size>
         <input_file_ref idref="fl-c9"/>
      </object_component>
      <object_component id="oc-2b">
         <name>.text</name>
         <load_address>0x3df6</load_address>
         <run_address>0x3df6</run_address>
         <size>0xc</size>
         <input_file_ref idref="fl-9"/>
      </object_component>
      <object_component id="oc-5d">
         <name>.text</name>
         <load_address>0x3e02</load_address>
         <run_address>0x3e02</run_address>
         <size>0x4</size>
         <input_file_ref idref="fl-d8"/>
      </object_component>
      <object_component id="oc-25c">
         <name>.const:.string:_ctypes_</name>
         <load_address>0x3e08</load_address>
         <run_address>0x3e08</run_address>
         <size>0x101</size>
         <input_file_ref idref="fl-e7"/>
      </object_component>
      <object_component id="oc-1c9">
         <name>.const:.string:lineAddress$1</name>
         <load_address>0x3f09</load_address>
         <run_address>0x3f09</run_address>
         <size>0x4</size>
         <input_file_ref idref="fl-4"/>
      </object_component>
      <object_component id="oc-184">
         <name>.const:$O1$$</name>
         <load_address>0x3f10</load_address>
         <run_address>0x3f10</run_address>
         <size>0x30</size>
         <input_file_ref idref="fl-ca"/>
      </object_component>
      <object_component id="oc-1ca">
         <name>.const:.string:lineAddresses$2</name>
         <load_address>0x3f40</load_address>
         <run_address>0x3f40</run_address>
         <size>0x4</size>
         <input_file_ref idref="fl-4"/>
      </object_component>
      <object_component id="oc-2ad">
         <name>.cinit..data.load</name>
         <load_address>0x3f48</load_address>
         <run_address>0x3f48</run_address>
         <size>0x16</size>
      </object_component>
      <object_component id="oc-2aa">
         <name>__TI_handler_table</name>
         <load_address>0x3f60</load_address>
         <run_address>0x3f60</run_address>
         <size>0xc</size>
      </object_component>
      <object_component id="oc-2ae">
         <name>.cinit..bss.load</name>
         <load_address>0x3f70</load_address>
         <run_address>0x3f70</run_address>
         <size>0x8</size>
      </object_component>
      <object_component id="oc-2ac">
         <name>.cinit..vtable.load</name>
         <load_address>0x3f78</load_address>
         <run_address>0x3f78</run_address>
         <size>0x8</size>
      </object_component>
      <object_component id="oc-2ab">
         <name>__TI_cinit_table</name>
         <load_address>0x3f80</load_address>
         <run_address>0x3f80</run_address>
         <size>0x18</size>
      </object_component>
      <object_component id="oc-236">
         <name>.vtable</name>
         <uninitialized>true</uninitialized>
         <run_address>0x20000000</run_address>
         <size>0x26c</size>
         <input_file_ref idref="fl-f0"/>
      </object_component>
      <object_component id="oc-ee">
         <name>.data</name>
         <load_address>0x200012dc</load_address>
         <run_address>0x200012dc</run_address>
         <size>0x29</size>
         <input_file_ref idref="fl-5"/>
      </object_component>
      <object_component id="oc-176">
         <name>.data</name>
         <load_address>0x20001308</load_address>
         <run_address>0x20001308</run_address>
         <size>0x10</size>
         <input_file_ref idref="fl-7"/>
      </object_component>
      <object_component id="oc-181">
         <name>.data</name>
         <load_address>0x2000132c</load_address>
         <run_address>0x2000132c</run_address>
         <size>0x4</size>
         <input_file_ref idref="fl-cc"/>
      </object_component>
      <object_component id="oc-af">
         <name>.data:$O1$$</name>
         <load_address>0x20001318</load_address>
         <run_address>0x20001318</run_address>
         <size>0xc</size>
         <input_file_ref idref="fl-cd"/>
      </object_component>
      <object_component id="oc-75">
         <name>.data</name>
         <load_address>0x20001330</load_address>
         <run_address>0x20001330</run_address>
         <size>0x4</size>
         <input_file_ref idref="fl-dc"/>
      </object_component>
      <object_component id="oc-b2">
         <name>.data:$O1$$</name>
         <load_address>0x20001324</load_address>
         <run_address>0x20001324</run_address>
         <size>0x8</size>
         <input_file_ref idref="fl-e1"/>
      </object_component>
      <object_component id="oc-1cb">
         <name>.bss:lastbuffer$3</name>
         <uninitialized>true</uninitialized>
         <run_address>0x2000126c</run_address>
         <size>0x54</size>
         <input_file_ref idref="fl-4"/>
      </object_component>
      <object_component id="oc-129">
         <name>.common:Comparator</name>
         <uninitialized>true</uninitialized>
         <run_address>0x200012c0</run_address>
         <size>0x18</size>
      </object_component>
      <object_component id="oc-173">
         <name>.common:cycle</name>
         <uninitialized>true</uninitialized>
         <run_address>0x200012d8</run_address>
         <size>0x1</size>
      </object_component>
      <object_component id="oc-2a">
         <name>.stack</name>
         <uninitialized>true</uninitialized>
         <run_address>0x2000026c</run_address>
         <size>0x0</size>
         <input_file_ref idref="fl-c6"/>
      </object_component>
      <object_component id="oc-2af">
         <name>.stack</name>
         <uninitialized>true</uninitialized>
         <run_address>0x2000026c</run_address>
         <size>0x0</size>
      </object_component>
      <object_component id="oc-213">
         <name>.debug_info</name>
         <load_address>0x0</load_address>
         <run_address>0x0</run_address>
         <size>0xa3</size>
         <input_file_ref idref="fl-2"/>
      </object_component>
      <object_component id="oc-fe">
         <name>.debug_info</name>
         <load_address>0xa3</load_address>
         <run_address>0xa3</run_address>
         <size>0x125</size>
         <input_file_ref idref="fl-2"/>
      </object_component>
      <object_component id="oc-1d0">
         <name>.debug_info</name>
         <load_address>0x1c8</load_address>
         <run_address>0x1c8</run_address>
         <size>0xc8</size>
         <input_file_ref idref="fl-2"/>
      </object_component>
      <object_component id="oc-3a">
         <name>.debug_info</name>
         <load_address>0x290</load_address>
         <run_address>0x290</run_address>
         <size>0x84</size>
         <input_file_ref idref="fl-2"/>
      </object_component>
      <object_component id="oc-7c">
         <name>.debug_info</name>
         <load_address>0x314</load_address>
         <run_address>0x314</run_address>
         <size>0x18b</size>
         <input_file_ref idref="fl-2"/>
      </object_component>
      <object_component id="oc-158">
         <name>.debug_info</name>
         <load_address>0x49f</load_address>
         <run_address>0x49f</run_address>
         <size>0x4e</size>
         <input_file_ref idref="fl-2"/>
      </object_component>
      <object_component id="oc-11e">
         <name>.debug_info</name>
         <load_address>0x4ed</load_address>
         <run_address>0x4ed</run_address>
         <size>0x1c2</size>
         <input_file_ref idref="fl-3"/>
      </object_component>
      <object_component id="oc-242">
         <name>.debug_info</name>
         <load_address>0x6af</load_address>
         <run_address>0x6af</run_address>
         <size>0x8b</size>
         <input_file_ref idref="fl-3"/>
      </object_component>
      <object_component id="oc-1cd">
         <name>.debug_info</name>
         <load_address>0x73a</load_address>
         <run_address>0x73a</run_address>
         <size>0x1c4</size>
         <input_file_ref idref="fl-4"/>
      </object_component>
      <object_component id="oc-1b2">
         <name>.debug_info</name>
         <load_address>0x8fe</load_address>
         <run_address>0x8fe</run_address>
         <size>0x10f</size>
         <input_file_ref idref="fl-4"/>
      </object_component>
      <object_component id="oc-126">
         <name>.debug_info</name>
         <load_address>0xa0d</load_address>
         <run_address>0xa0d</run_address>
         <size>0x82d</size>
         <input_file_ref idref="fl-4"/>
      </object_component>
      <object_component id="oc-12a">
         <name>.debug_info</name>
         <load_address>0x123a</load_address>
         <run_address>0x123a</run_address>
         <size>0x321</size>
         <input_file_ref idref="fl-5"/>
      </object_component>
      <object_component id="oc-ef">
         <name>.debug_info</name>
         <load_address>0x155b</load_address>
         <run_address>0x155b</run_address>
         <size>0x215</size>
         <input_file_ref idref="fl-5"/>
      </object_component>
      <object_component id="oc-aa">
         <name>.debug_info</name>
         <load_address>0x1770</load_address>
         <run_address>0x1770</run_address>
         <size>0x912</size>
         <input_file_ref idref="fl-5"/>
      </object_component>
      <object_component id="oc-168">
         <name>.debug_info</name>
         <load_address>0x2082</load_address>
         <run_address>0x2082</run_address>
         <size>0xce</size>
         <input_file_ref idref="fl-5"/>
      </object_component>
      <object_component id="oc-cc">
         <name>.debug_info</name>
         <load_address>0x2150</load_address>
         <run_address>0x2150</run_address>
         <size>0x268</size>
         <input_file_ref idref="fl-6"/>
      </object_component>
      <object_component id="oc-174">
         <name>.debug_info</name>
         <load_address>0x23b8</load_address>
         <run_address>0x23b8</run_address>
         <size>0x150</size>
         <input_file_ref idref="fl-7"/>
      </object_component>
      <object_component id="oc-177">
         <name>.debug_info</name>
         <load_address>0x2508</load_address>
         <run_address>0x2508</run_address>
         <size>0x12f</size>
         <input_file_ref idref="fl-7"/>
      </object_component>
      <object_component id="oc-fa">
         <name>.debug_info</name>
         <load_address>0x2637</load_address>
         <run_address>0x2637</run_address>
         <size>0x1fa</size>
         <input_file_ref idref="fl-7"/>
      </object_component>
      <object_component id="oc-219">
         <name>.debug_info</name>
         <load_address>0x2831</load_address>
         <run_address>0x2831</run_address>
         <size>0x44</size>
         <input_file_ref idref="fl-7"/>
      </object_component>
      <object_component id="oc-e9">
         <name>.debug_info</name>
         <load_address>0x2875</load_address>
         <run_address>0x2875</run_address>
         <size>0x3df</size>
         <input_file_ref idref="fl-8"/>
      </object_component>
      <object_component id="oc-161">
         <name>.debug_info</name>
         <load_address>0x2c54</load_address>
         <run_address>0x2c54</run_address>
         <size>0x2c</size>
         <input_file_ref idref="fl-8"/>
      </object_component>
      <object_component id="oc-33">
         <name>.debug_info</name>
         <load_address>0x2c80</load_address>
         <run_address>0x2c80</run_address>
         <size>0xea</size>
         <input_file_ref idref="fl-9"/>
      </object_component>
      <object_component id="oc-10">
         <name>.debug_info</name>
         <load_address>0x2d6a</load_address>
         <run_address>0x2d6a</run_address>
         <size>0xd5</size>
         <input_file_ref idref="fl-9"/>
      </object_component>
      <object_component id="oc-2e">
         <name>.debug_info</name>
         <load_address>0x2e3f</load_address>
         <run_address>0x2e3f</run_address>
         <size>0x251</size>
         <input_file_ref idref="fl-9"/>
      </object_component>
      <object_component id="oc-dd">
         <name>.debug_info</name>
         <load_address>0x3090</load_address>
         <run_address>0x3090</run_address>
         <size>0x1da</size>
         <input_file_ref idref="fl-a"/>
      </object_component>
      <object_component id="oc-90">
         <name>.debug_info</name>
         <load_address>0x326a</load_address>
         <run_address>0x326a</run_address>
         <size>0x2c</size>
         <input_file_ref idref="fl-b"/>
      </object_component>
      <object_component id="oc-27">
         <name>.debug_info</name>
         <load_address>0x3296</load_address>
         <run_address>0x3296</run_address>
         <size>0x160</size>
         <input_file_ref idref="fl-c6"/>
      </object_component>
      <object_component id="oc-86">
         <name>.debug_info</name>
         <load_address>0x33f6</load_address>
         <run_address>0x33f6</run_address>
         <size>0xf9</size>
         <input_file_ref idref="fl-c7"/>
      </object_component>
      <object_component id="oc-14">
         <name>.debug_info</name>
         <load_address>0x34ef</load_address>
         <run_address>0x34ef</run_address>
         <size>0x245</size>
         <input_file_ref idref="fl-c7"/>
      </object_component>
      <object_component id="oc-35">
         <name>.debug_info</name>
         <load_address>0x3734</load_address>
         <run_address>0x3734</run_address>
         <size>0x60</size>
         <input_file_ref idref="fl-c7"/>
      </object_component>
      <object_component id="oc-81">
         <name>.debug_info</name>
         <load_address>0x3794</load_address>
         <run_address>0x3794</run_address>
         <size>0x46</size>
         <input_file_ref idref="fl-c7"/>
      </object_component>
      <object_component id="oc-4a">
         <name>.debug_info</name>
         <load_address>0x37da</load_address>
         <run_address>0x37da</run_address>
         <size>0x140</size>
         <input_file_ref idref="fl-c8"/>
      </object_component>
      <object_component id="oc-1b">
         <name>.debug_info</name>
         <load_address>0x391a</load_address>
         <run_address>0x391a</run_address>
         <size>0x1df</size>
         <input_file_ref idref="fl-c8"/>
      </object_component>
      <object_component id="oc-45">
         <name>.debug_info</name>
         <load_address>0x3af9</load_address>
         <run_address>0x3af9</run_address>
         <size>0x46</size>
         <input_file_ref idref="fl-c8"/>
      </object_component>
      <object_component id="oc-88">
         <name>.debug_info</name>
         <load_address>0x3b3f</load_address>
         <run_address>0x3b3f</run_address>
         <size>0x2c</size>
         <input_file_ref idref="fl-c8"/>
      </object_component>
      <object_component id="oc-56">
         <name>.debug_info</name>
         <load_address>0x3b6b</load_address>
         <run_address>0x3b6b</run_address>
         <size>0x12f</size>
         <input_file_ref idref="fl-c9"/>
      </object_component>
      <object_component id="oc-21">
         <name>.debug_info</name>
         <load_address>0x3c9a</load_address>
         <run_address>0x3c9a</run_address>
         <size>0x1aa</size>
         <input_file_ref idref="fl-c9"/>
      </object_component>
      <object_component id="oc-51">
         <name>.debug_info</name>
         <load_address>0x3e44</load_address>
         <run_address>0x3e44</run_address>
         <size>0x46</size>
         <input_file_ref idref="fl-c9"/>
      </object_component>
      <object_component id="oc-19d">
         <name>.debug_info</name>
         <load_address>0x3e8a</load_address>
         <run_address>0x3e8a</run_address>
         <size>0x201</size>
         <input_file_ref idref="fl-ca"/>
      </object_component>
      <object_component id="oc-185">
         <name>.debug_info</name>
         <load_address>0x408b</load_address>
         <run_address>0x408b</run_address>
         <size>0x11d</size>
         <input_file_ref idref="fl-ca"/>
      </object_component>
      <object_component id="oc-106">
         <name>.debug_info</name>
         <load_address>0x41a8</load_address>
         <run_address>0x41a8</run_address>
         <size>0xb75</size>
         <input_file_ref idref="fl-ca"/>
      </object_component>
      <object_component id="oc-198">
         <name>.debug_info</name>
         <load_address>0x4d1d</load_address>
         <run_address>0x4d1d</run_address>
         <size>0x39</size>
         <input_file_ref idref="fl-ca"/>
      </object_component>
      <object_component id="oc-220">
         <name>.debug_info</name>
         <load_address>0x4d56</load_address>
         <run_address>0x4d56</run_address>
         <size>0x149</size>
         <input_file_ref idref="fl-cb"/>
      </object_component>
      <object_component id="oc-17e">
         <name>.debug_info</name>
         <load_address>0x4e9f</load_address>
         <run_address>0x4e9f</run_address>
         <size>0x240</size>
         <input_file_ref idref="fl-cb"/>
      </object_component>
      <object_component id="oc-182">
         <name>.debug_info</name>
         <load_address>0x50df</load_address>
         <run_address>0x50df</run_address>
         <size>0xf3</size>
         <input_file_ref idref="fl-cc"/>
      </object_component>
      <object_component id="oc-b6">
         <name>.debug_info</name>
         <load_address>0x51d2</load_address>
         <run_address>0x51d2</run_address>
         <size>0x234</size>
         <input_file_ref idref="fl-cd"/>
      </object_component>
      <object_component id="oc-b0">
         <name>.debug_info</name>
         <load_address>0x5406</load_address>
         <run_address>0x5406</run_address>
         <size>0x185</size>
         <input_file_ref idref="fl-cd"/>
      </object_component>
      <object_component id="oc-71">
         <name>.debug_info</name>
         <load_address>0x558b</load_address>
         <run_address>0x558b</run_address>
         <size>0x214</size>
         <input_file_ref idref="fl-cd"/>
      </object_component>
      <object_component id="oc-11a">
         <name>.debug_info</name>
         <load_address>0x579f</load_address>
         <run_address>0x579f</run_address>
         <size>0x144</size>
         <input_file_ref idref="fl-ce"/>
      </object_component>
      <object_component id="oc-188">
         <name>.debug_info</name>
         <load_address>0x58e3</load_address>
         <run_address>0x58e3</run_address>
         <size>0x120</size>
         <input_file_ref idref="fl-cf"/>
      </object_component>
      <object_component id="oc-18e">
         <name>.debug_info</name>
         <load_address>0x5a03</load_address>
         <run_address>0x5a03</run_address>
         <size>0x122</size>
         <input_file_ref idref="fl-cf"/>
      </object_component>
      <object_component id="oc-114">
         <name>.debug_info</name>
         <load_address>0x5b25</load_address>
         <run_address>0x5b25</run_address>
         <size>0x132</size>
         <input_file_ref idref="fl-d0"/>
      </object_component>
      <object_component id="oc-10c">
         <name>.debug_info</name>
         <load_address>0x5c57</load_address>
         <run_address>0x5c57</run_address>
         <size>0x132</size>
         <input_file_ref idref="fl-d1"/>
      </object_component>
      <object_component id="oc-110">
         <name>.debug_info</name>
         <load_address>0x5d89</load_address>
         <run_address>0x5d89</run_address>
         <size>0x136</size>
         <input_file_ref idref="fl-d2"/>
      </object_component>
      <object_component id="oc-d4">
         <name>.debug_info</name>
         <load_address>0x5ebf</load_address>
         <run_address>0x5ebf</run_address>
         <size>0x124</size>
         <input_file_ref idref="fl-d3"/>
      </object_component>
      <object_component id="oc-170">
         <name>.debug_info</name>
         <load_address>0x5fe3</load_address>
         <run_address>0x5fe3</run_address>
         <size>0x124</size>
         <input_file_ref idref="fl-d4"/>
      </object_component>
      <object_component id="oc-40">
         <name>.debug_info</name>
         <load_address>0x6107</load_address>
         <run_address>0x6107</run_address>
         <size>0x111</size>
         <input_file_ref idref="fl-d5"/>
      </object_component>
      <object_component id="oc-4c">
         <name>.debug_info</name>
         <load_address>0x6218</load_address>
         <run_address>0x6218</run_address>
         <size>0x13f</size>
         <input_file_ref idref="fl-d6"/>
      </object_component>
      <object_component id="oc-58">
         <name>.debug_info</name>
         <load_address>0x6357</load_address>
         <run_address>0x6357</run_address>
         <size>0x138</size>
         <input_file_ref idref="fl-d7"/>
      </object_component>
      <object_component id="oc-5e">
         <name>.debug_info</name>
         <load_address>0x648f</load_address>
         <run_address>0x648f</run_address>
         <size>0x148</size>
         <input_file_ref idref="fl-d8"/>
      </object_component>
      <object_component id="oc-22e">
         <name>.debug_info</name>
         <load_address>0x65d7</load_address>
         <run_address>0x65d7</run_address>
         <size>0x17c</size>
         <input_file_ref idref="fl-d9"/>
      </object_component>
      <object_component id="oc-192">
         <name>.debug_info</name>
         <load_address>0x6753</load_address>
         <run_address>0x6753</run_address>
         <size>0x1d5</size>
         <input_file_ref idref="fl-d9"/>
      </object_component>
      <object_component id="oc-22f">
         <name>.debug_info</name>
         <load_address>0x6928</load_address>
         <run_address>0x6928</run_address>
         <size>0x2c</size>
         <input_file_ref idref="fl-d9"/>
      </object_component>
      <object_component id="oc-f3">
         <name>.debug_info</name>
         <load_address>0x6954</load_address>
         <run_address>0x6954</run_address>
         <size>0x177</size>
         <input_file_ref idref="fl-da"/>
      </object_component>
      <object_component id="oc-157">
         <name>.debug_info</name>
         <load_address>0x6acb</load_address>
         <run_address>0x6acb</run_address>
         <size>0x1bb</size>
         <input_file_ref idref="fl-db"/>
      </object_component>
      <object_component id="oc-d7">
         <name>.debug_info</name>
         <load_address>0x6c86</load_address>
         <run_address>0x6c86</run_address>
         <size>0x2e4</size>
         <input_file_ref idref="fl-db"/>
      </object_component>
      <object_component id="oc-20c">
         <name>.debug_info</name>
         <load_address>0x6f6a</load_address>
         <run_address>0x6f6a</run_address>
         <size>0x2c</size>
         <input_file_ref idref="fl-db"/>
      </object_component>
      <object_component id="oc-76">
         <name>.debug_info</name>
         <load_address>0x6f96</load_address>
         <run_address>0x6f96</run_address>
         <size>0x109</size>
         <input_file_ref idref="fl-dc"/>
      </object_component>
      <object_component id="oc-24f">
         <name>.debug_info</name>
         <load_address>0x709f</load_address>
         <run_address>0x709f</run_address>
         <size>0xe5</size>
         <input_file_ref idref="fl-dd"/>
      </object_component>
      <object_component id="oc-1c1">
         <name>.debug_info</name>
         <load_address>0x7184</load_address>
         <run_address>0x7184</run_address>
         <size>0x258</size>
         <input_file_ref idref="fl-dd"/>
      </object_component>
      <object_component id="oc-251">
         <name>.debug_info</name>
         <load_address>0x73dc</load_address>
         <run_address>0x73dc</run_address>
         <size>0xf0</size>
         <input_file_ref idref="fl-de"/>
      </object_component>
      <object_component id="oc-1c4">
         <name>.debug_info</name>
         <load_address>0x74cc</load_address>
         <run_address>0x74cc</run_address>
         <size>0x231</size>
         <input_file_ref idref="fl-de"/>
      </object_component>
      <object_component id="oc-15f">
         <name>.debug_info</name>
         <load_address>0x76fd</load_address>
         <run_address>0x76fd</run_address>
         <size>0xea</size>
         <input_file_ref idref="fl-df"/>
      </object_component>
      <object_component id="oc-e3">
         <name>.debug_info</name>
         <load_address>0x77e7</load_address>
         <run_address>0x77e7</run_address>
         <size>0x22a</size>
         <input_file_ref idref="fl-df"/>
      </object_component>
      <object_component id="oc-248">
         <name>.debug_info</name>
         <load_address>0x7a11</load_address>
         <run_address>0x7a11</run_address>
         <size>0x1c8</size>
         <input_file_ref idref="fl-e0"/>
      </object_component>
      <object_component id="oc-1bb">
         <name>.debug_info</name>
         <load_address>0x7bd9</load_address>
         <run_address>0x7bd9</run_address>
         <size>0x35c</size>
         <input_file_ref idref="fl-e0"/>
      </object_component>
      <object_component id="oc-249">
         <name>.debug_info</name>
         <load_address>0x7f35</load_address>
         <run_address>0x7f35</run_address>
         <size>0x69</size>
         <input_file_ref idref="fl-e0"/>
      </object_component>
      <object_component id="oc-13e">
         <name>.debug_info</name>
         <load_address>0x7f9e</load_address>
         <run_address>0x7f9e</run_address>
         <size>0x124</size>
         <input_file_ref idref="fl-e1"/>
      </object_component>
      <object_component id="oc-b3">
         <name>.debug_info</name>
         <load_address>0x80c2</load_address>
         <run_address>0x80c2</run_address>
         <size>0x113</size>
         <input_file_ref idref="fl-e1"/>
      </object_component>
      <object_component id="oc-137">
         <name>.debug_info</name>
         <load_address>0x81d5</load_address>
         <run_address>0x81d5</run_address>
         <size>0x21f</size>
         <input_file_ref idref="fl-e1"/>
      </object_component>
      <object_component id="oc-201">
         <name>.debug_info</name>
         <load_address>0x83f4</load_address>
         <run_address>0x83f4</run_address>
         <size>0x385</size>
         <input_file_ref idref="fl-e2"/>
      </object_component>
      <object_component id="oc-153">
         <name>.debug_info</name>
         <load_address>0x8779</load_address>
         <run_address>0x8779</run_address>
         <size>0x1543</size>
         <input_file_ref idref="fl-e2"/>
      </object_component>
      <object_component id="oc-202">
         <name>.debug_info</name>
         <load_address>0x9cbc</load_address>
         <run_address>0x9cbc</run_address>
         <size>0x86</size>
         <input_file_ref idref="fl-e2"/>
      </object_component>
      <object_component id="oc-265">
         <name>.debug_info</name>
         <load_address>0x9d42</load_address>
         <run_address>0x9d42</run_address>
         <size>0x46</size>
         <input_file_ref idref="fl-e2"/>
      </object_component>
      <object_component id="oc-207">
         <name>.debug_info</name>
         <load_address>0x9d88</load_address>
         <run_address>0x9d88</run_address>
         <size>0x39</size>
         <input_file_ref idref="fl-e2"/>
      </object_component>
      <object_component id="oc-ae">
         <name>.debug_info</name>
         <load_address>0x9dc1</load_address>
         <run_address>0x9dc1</run_address>
         <size>0x166</size>
         <input_file_ref idref="fl-e3"/>
      </object_component>
      <object_component id="oc-6a">
         <name>.debug_info</name>
         <load_address>0x9f27</load_address>
         <run_address>0x9f27</run_address>
         <size>0x167</size>
         <input_file_ref idref="fl-e3"/>
      </object_component>
      <object_component id="oc-12f">
         <name>.debug_info</name>
         <load_address>0xa08e</load_address>
         <run_address>0xa08e</run_address>
         <size>0x5e</size>
         <input_file_ref idref="fl-e3"/>
      </object_component>
      <object_component id="oc-260">
         <name>.debug_info</name>
         <load_address>0xa0ec</load_address>
         <run_address>0xa0ec</run_address>
         <size>0x114</size>
         <input_file_ref idref="fl-e4"/>
      </object_component>
      <object_component id="oc-1f5">
         <name>.debug_info</name>
         <load_address>0xa200</load_address>
         <run_address>0xa200</run_address>
         <size>0x171</size>
         <input_file_ref idref="fl-e4"/>
      </object_component>
      <object_component id="oc-a6">
         <name>.debug_info</name>
         <load_address>0xa371</load_address>
         <run_address>0xa371</run_address>
         <size>0x2e9</size>
         <input_file_ref idref="fl-e5"/>
      </object_component>
      <object_component id="oc-66">
         <name>.debug_info</name>
         <load_address>0xa65a</load_address>
         <run_address>0xa65a</run_address>
         <size>0x190</size>
         <input_file_ref idref="fl-e5"/>
      </object_component>
      <object_component id="oc-c1">
         <name>.debug_info</name>
         <load_address>0xa7ea</load_address>
         <run_address>0xa7ea</run_address>
         <size>0x39</size>
         <input_file_ref idref="fl-e5"/>
      </object_component>
      <object_component id="oc-149">
         <name>.debug_info</name>
         <load_address>0xa823</load_address>
         <run_address>0xa823</run_address>
         <size>0x39</size>
         <input_file_ref idref="fl-e5"/>
      </object_component>
      <object_component id="oc-c6">
         <name>.debug_info</name>
         <load_address>0xa85c</load_address>
         <run_address>0xa85c</run_address>
         <size>0xcd</size>
         <input_file_ref idref="fl-e5"/>
      </object_component>
      <object_component id="oc-bd">
         <name>.debug_info</name>
         <load_address>0xa929</load_address>
         <run_address>0xa929</run_address>
         <size>0x1e0</size>
         <input_file_ref idref="fl-e6"/>
      </object_component>
      <object_component id="oc-9a">
         <name>.debug_info</name>
         <load_address>0xab09</load_address>
         <run_address>0xab09</run_address>
         <size>0x183</size>
         <input_file_ref idref="fl-e6"/>
      </object_component>
      <object_component id="oc-144">
         <name>.debug_info</name>
         <load_address>0xac8c</load_address>
         <run_address>0xac8c</run_address>
         <size>0x2c</size>
         <input_file_ref idref="fl-e6"/>
      </object_component>
      <object_component id="oc-284">
         <name>.debug_info</name>
         <load_address>0xacb8</load_address>
         <run_address>0xacb8</run_address>
         <size>0xee</size>
         <input_file_ref idref="fl-e7"/>
      </object_component>
      <object_component id="oc-25d">
         <name>.debug_info</name>
         <load_address>0xada6</load_address>
         <run_address>0xada6</run_address>
         <size>0xfa</size>
         <input_file_ref idref="fl-e7"/>
      </object_component>
      <object_component id="oc-1de">
         <name>.debug_info</name>
         <load_address>0xaea0</load_address>
         <run_address>0xaea0</run_address>
         <size>0x126</size>
         <input_file_ref idref="fl-e8"/>
      </object_component>
      <object_component id="oc-257">
         <name>.debug_info</name>
         <load_address>0xafc6</load_address>
         <run_address>0xafc6</run_address>
         <size>0x14c</size>
         <input_file_ref idref="fl-e9"/>
      </object_component>
      <object_component id="oc-1e3">
         <name>.debug_info</name>
         <load_address>0xb112</load_address>
         <run_address>0xb112</run_address>
         <size>0x1c2</size>
         <input_file_ref idref="fl-e9"/>
      </object_component>
      <object_component id="oc-262">
         <name>.debug_info</name>
         <load_address>0xb2d4</load_address>
         <run_address>0xb2d4</run_address>
         <size>0xf1</size>
         <input_file_ref idref="fl-ea"/>
      </object_component>
      <object_component id="oc-1fe">
         <name>.debug_info</name>
         <load_address>0xb3c5</load_address>
         <run_address>0xb3c5</run_address>
         <size>0x1ab</size>
         <input_file_ref idref="fl-ea"/>
      </object_component>
      <object_component id="oc-229">
         <name>.debug_info</name>
         <load_address>0xb570</load_address>
         <run_address>0xb570</run_address>
         <size>0x156</size>
         <input_file_ref idref="fl-eb"/>
      </object_component>
      <object_component id="oc-259">
         <name>.debug_info</name>
         <load_address>0xb6c6</load_address>
         <run_address>0xb6c6</run_address>
         <size>0x13f</size>
         <input_file_ref idref="fl-ec"/>
      </object_component>
      <object_component id="oc-1e9">
         <name>.debug_info</name>
         <load_address>0xb805</load_address>
         <run_address>0xb805</run_address>
         <size>0x18a</size>
         <input_file_ref idref="fl-ec"/>
      </object_component>
      <object_component id="oc-a0">
         <name>.debug_info</name>
         <load_address>0xb98f</load_address>
         <run_address>0xb98f</run_address>
         <size>0x145</size>
         <input_file_ref idref="fl-ed"/>
      </object_component>
      <object_component id="oc-25b">
         <name>.debug_info</name>
         <load_address>0xbad4</load_address>
         <run_address>0xbad4</run_address>
         <size>0xf5</size>
         <input_file_ref idref="fl-ee"/>
      </object_component>
      <object_component id="oc-1ef">
         <name>.debug_info</name>
         <load_address>0xbbc9</load_address>
         <run_address>0xbbc9</run_address>
         <size>0x244</size>
         <input_file_ref idref="fl-ee"/>
      </object_component>
      <object_component id="oc-1d9">
         <name>.debug_info</name>
         <load_address>0xbe0d</load_address>
         <run_address>0xbe0d</run_address>
         <size>0x17d</size>
         <input_file_ref idref="fl-ef"/>
      </object_component>
      <object_component id="oc-23a">
         <name>.debug_info</name>
         <load_address>0xbf8a</load_address>
         <run_address>0xbf8a</run_address>
         <size>0x20e</size>
         <input_file_ref idref="fl-f0"/>
      </object_component>
      <object_component id="oc-237">
         <name>.debug_info</name>
         <load_address>0xc198</load_address>
         <run_address>0xc198</run_address>
         <size>0x157</size>
         <input_file_ref idref="fl-f0"/>
      </object_component>
      <object_component id="oc-1a5">
         <name>.debug_info</name>
         <load_address>0xc2ef</load_address>
         <run_address>0xc2ef</run_address>
         <size>0x2c1</size>
         <input_file_ref idref="fl-f0"/>
      </object_component>
      <object_component id="oc-1aa">
         <name>.debug_info</name>
         <load_address>0xc5b0</load_address>
         <run_address>0xc5b0</run_address>
         <size>0x23e</size>
         <input_file_ref idref="fl-f0"/>
      </object_component>
      <object_component id="oc-23c">
         <name>.debug_info</name>
         <load_address>0xc7ee</load_address>
         <run_address>0xc7ee</run_address>
         <size>0x212</size>
         <input_file_ref idref="fl-f1"/>
      </object_component>
      <object_component id="oc-2b0">
         <name>.debug_info</name>
         <load_address>0xca00</load_address>
         <run_address>0xca00</run_address>
         <size>0x8b</size>
      </object_component>
      <object_component id="oc-26b">
         <name>.debug_line</name>
         <load_address>0x0</load_address>
         <run_address>0x0</run_address>
         <size>0x20</size>
         <input_file_ref idref="fl-2"/>
      </object_component>
      <object_component id="oc-101">
         <name>.debug_line</name>
         <load_address>0x20</load_address>
         <run_address>0x20</run_address>
         <size>0x6b</size>
         <input_file_ref idref="fl-2"/>
      </object_component>
      <object_component id="oc-1d3">
         <name>.debug_line</name>
         <load_address>0x8b</load_address>
         <run_address>0x8b</run_address>
         <size>0x64</size>
         <input_file_ref idref="fl-2"/>
      </object_component>
      <object_component id="oc-3d">
         <name>.debug_line</name>
         <load_address>0xef</load_address>
         <run_address>0xef</run_address>
         <size>0x20</size>
         <input_file_ref idref="fl-2"/>
      </object_component>
      <object_component id="oc-7f">
         <name>.debug_line</name>
         <load_address>0x10f</load_address>
         <run_address>0x10f</run_address>
         <size>0x65</size>
         <input_file_ref idref="fl-2"/>
      </object_component>
      <object_component id="oc-15b">
         <name>.debug_line</name>
         <load_address>0x174</load_address>
         <run_address>0x174</run_address>
         <size>0x65</size>
         <input_file_ref idref="fl-2"/>
      </object_component>
      <object_component id="oc-121">
         <name>.debug_line</name>
         <load_address>0x1d9</load_address>
         <run_address>0x1d9</run_address>
         <size>0x94</size>
         <input_file_ref idref="fl-3"/>
      </object_component>
      <object_component id="oc-245">
         <name>.debug_line</name>
         <load_address>0x26d</load_address>
         <run_address>0x26d</run_address>
         <size>0x20</size>
         <input_file_ref idref="fl-3"/>
      </object_component>
      <object_component id="oc-253">
         <name>.debug_line</name>
         <load_address>0x28d</load_address>
         <run_address>0x28d</run_address>
         <size>0xb7</size>
         <input_file_ref idref="fl-4"/>
      </object_component>
      <object_component id="oc-1b1">
         <name>.debug_line</name>
         <load_address>0x344</load_address>
         <run_address>0x344</run_address>
         <size>0x45</size>
         <input_file_ref idref="fl-4"/>
      </object_component>
      <object_component id="oc-124">
         <name>.debug_line</name>
         <load_address>0x389</load_address>
         <run_address>0x389</run_address>
         <size>0x192</size>
         <input_file_ref idref="fl-4"/>
      </object_component>
      <object_component id="oc-1cf">
         <name>.debug_line</name>
         <load_address>0x51b</load_address>
         <run_address>0x51b</run_address>
         <size>0x155</size>
         <input_file_ref idref="fl-5"/>
      </object_component>
      <object_component id="oc-167">
         <name>.debug_line</name>
         <load_address>0x670</load_address>
         <run_address>0x670</run_address>
         <size>0x2d</size>
         <input_file_ref idref="fl-5"/>
      </object_component>
      <object_component id="oc-a8">
         <name>.debug_line</name>
         <load_address>0x69d</load_address>
         <run_address>0x69d</run_address>
         <size>0x2a7</size>
         <input_file_ref idref="fl-5"/>
      </object_component>
      <object_component id="oc-16b">
         <name>.debug_line</name>
         <load_address>0x944</load_address>
         <run_address>0x944</run_address>
         <size>0x2d</size>
         <input_file_ref idref="fl-5"/>
      </object_component>
      <object_component id="oc-d0">
         <name>.debug_line</name>
         <load_address>0x971</load_address>
         <run_address>0x971</run_address>
         <size>0x97</size>
         <input_file_ref idref="fl-6"/>
      </object_component>
      <object_component id="oc-218">
         <name>.debug_line</name>
         <load_address>0xa08</load_address>
         <run_address>0xa08</run_address>
         <size>0x3c</size>
         <input_file_ref idref="fl-7"/>
      </object_component>
      <object_component id="oc-21e">
         <name>.debug_line</name>
         <load_address>0xa44</load_address>
         <run_address>0xa44</run_address>
         <size>0x2e</size>
         <input_file_ref idref="fl-7"/>
      </object_component>
      <object_component id="oc-f8">
         <name>.debug_line</name>
         <load_address>0xa72</load_address>
         <run_address>0xa72</run_address>
         <size>0xa3</size>
         <input_file_ref idref="fl-7"/>
      </object_component>
      <object_component id="oc-21b">
         <name>.debug_line</name>
         <load_address>0xb15</load_address>
         <run_address>0xb15</run_address>
         <size>0x2e</size>
         <input_file_ref idref="fl-7"/>
      </object_component>
      <object_component id="oc-ec">
         <name>.debug_line</name>
         <load_address>0xb43</load_address>
         <run_address>0xb43</run_address>
         <size>0x110</size>
         <input_file_ref idref="fl-8"/>
      </object_component>
      <object_component id="oc-164">
         <name>.debug_line</name>
         <load_address>0xc53</load_address>
         <run_address>0xc53</run_address>
         <size>0x2e</size>
         <input_file_ref idref="fl-8"/>
      </object_component>
      <object_component id="oc-7b">
         <name>.debug_line</name>
         <load_address>0xc81</load_address>
         <run_address>0xc81</run_address>
         <size>0x41</size>
         <input_file_ref idref="fl-9"/>
      </object_component>
      <object_component id="oc-32">
         <name>.debug_line</name>
         <load_address>0xcc2</load_address>
         <run_address>0xcc2</run_address>
         <size>0x41</size>
         <input_file_ref idref="fl-9"/>
      </object_component>
      <object_component id="oc-2c">
         <name>.debug_line</name>
         <load_address>0xd03</load_address>
         <run_address>0xd03</run_address>
         <size>0xa1</size>
         <input_file_ref idref="fl-9"/>
      </object_component>
      <object_component id="oc-e1">
         <name>.debug_line</name>
         <load_address>0xda4</load_address>
         <run_address>0xda4</run_address>
         <size>0x8f</size>
         <input_file_ref idref="fl-a"/>
      </object_component>
      <object_component id="oc-93">
         <name>.debug_line</name>
         <load_address>0xe33</load_address>
         <run_address>0xe33</run_address>
         <size>0x65</size>
         <input_file_ref idref="fl-b"/>
      </object_component>
      <object_component id="oc-26">
         <name>.debug_line</name>
         <load_address>0xe98</load_address>
         <run_address>0xe98</run_address>
         <size>0x53</size>
         <input_file_ref idref="fl-c6"/>
      </object_component>
      <object_component id="oc-bb">
         <name>.debug_line</name>
         <load_address>0xeeb</load_address>
         <run_address>0xeeb</run_address>
         <size>0x20</size>
         <input_file_ref idref="fl-c7"/>
      </object_component>
      <object_component id="oc-13">
         <name>.debug_line</name>
         <load_address>0xf0b</load_address>
         <run_address>0xf0b</run_address>
         <size>0xa9</size>
         <input_file_ref idref="fl-c7"/>
      </object_component>
      <object_component id="oc-38">
         <name>.debug_line</name>
         <load_address>0xfb4</load_address>
         <run_address>0xfb4</run_address>
         <size>0x3a</size>
         <input_file_ref idref="fl-c7"/>
      </object_component>
      <object_component id="oc-84">
         <name>.debug_line</name>
         <load_address>0xfee</load_address>
         <run_address>0xfee</run_address>
         <size>0x8a</size>
         <input_file_ref idref="fl-c7"/>
      </object_component>
      <object_component id="oc-8e">
         <name>.debug_line</name>
         <load_address>0x1078</load_address>
         <run_address>0x1078</run_address>
         <size>0x8a</size>
         <input_file_ref idref="fl-c8"/>
      </object_component>
      <object_component id="oc-1d">
         <name>.debug_line</name>
         <load_address>0x1102</load_address>
         <run_address>0x1102</run_address>
         <size>0x55</size>
         <input_file_ref idref="fl-c8"/>
      </object_component>
      <object_component id="oc-48">
         <name>.debug_line</name>
         <load_address>0x1157</load_address>
         <run_address>0x1157</run_address>
         <size>0x3a</size>
         <input_file_ref idref="fl-c8"/>
      </object_component>
      <object_component id="oc-8b">
         <name>.debug_line</name>
         <load_address>0x1191</load_address>
         <run_address>0x1191</run_address>
         <size>0x8a</size>
         <input_file_ref idref="fl-c8"/>
      </object_component>
      <object_component id="oc-96">
         <name>.debug_line</name>
         <load_address>0x121b</load_address>
         <run_address>0x121b</run_address>
         <size>0x8a</size>
         <input_file_ref idref="fl-c9"/>
      </object_component>
      <object_component id="oc-23">
         <name>.debug_line</name>
         <load_address>0x12a5</load_address>
         <run_address>0x12a5</run_address>
         <size>0x4f</size>
         <input_file_ref idref="fl-c9"/>
      </object_component>
      <object_component id="oc-54">
         <name>.debug_line</name>
         <load_address>0x12f4</load_address>
         <run_address>0x12f4</run_address>
         <size>0x34</size>
         <input_file_ref idref="fl-c9"/>
      </object_component>
      <object_component id="oc-235">
         <name>.debug_line</name>
         <load_address>0x1328</load_address>
         <run_address>0x1328</run_address>
         <size>0x93</size>
         <input_file_ref idref="fl-ca"/>
      </object_component>
      <object_component id="oc-224">
         <name>.debug_line</name>
         <load_address>0x13bb</load_address>
         <run_address>0x13bb</run_address>
         <size>0x2b</size>
         <input_file_ref idref="fl-ca"/>
      </object_component>
      <object_component id="oc-105">
         <name>.debug_line</name>
         <load_address>0x13e6</load_address>
         <run_address>0x13e6</run_address>
         <size>0x2b4</size>
         <input_file_ref idref="fl-ca"/>
      </object_component>
      <object_component id="oc-19b">
         <name>.debug_line</name>
         <load_address>0x169a</load_address>
         <run_address>0x169a</run_address>
         <size>0x8a</size>
         <input_file_ref idref="fl-ca"/>
      </object_component>
      <object_component id="oc-26d">
         <name>.debug_line</name>
         <load_address>0x1724</load_address>
         <run_address>0x1724</run_address>
         <size>0x89</size>
         <input_file_ref idref="fl-cb"/>
      </object_component>
      <object_component id="oc-17c">
         <name>.debug_line</name>
         <load_address>0x17ad</load_address>
         <run_address>0x17ad</run_address>
         <size>0x132</size>
         <input_file_ref idref="fl-cb"/>
      </object_component>
      <object_component id="oc-222">
         <name>.debug_line</name>
         <load_address>0x18df</load_address>
         <run_address>0x18df</run_address>
         <size>0x2b</size>
         <input_file_ref idref="fl-cc"/>
      </object_component>
      <object_component id="oc-141">
         <name>.debug_line</name>
         <load_address>0x190a</load_address>
         <run_address>0x190a</run_address>
         <size>0xf2</size>
         <input_file_ref idref="fl-cd"/>
      </object_component>
      <object_component id="oc-135">
         <name>.debug_line</name>
         <load_address>0x19fc</load_address>
         <run_address>0x19fc</run_address>
         <size>0x2a</size>
         <input_file_ref idref="fl-cd"/>
      </object_component>
      <object_component id="oc-70">
         <name>.debug_line</name>
         <load_address>0x1a26</load_address>
         <run_address>0x1a26</run_address>
         <size>0x86</size>
         <input_file_ref idref="fl-cd"/>
      </object_component>
      <object_component id="oc-119">
         <name>.debug_line</name>
         <load_address>0x1aac</load_address>
         <run_address>0x1aac</run_address>
         <size>0xd2</size>
         <input_file_ref idref="fl-ce"/>
      </object_component>
      <object_component id="oc-18b">
         <name>.debug_line</name>
         <load_address>0x1b7e</load_address>
         <run_address>0x1b7e</run_address>
         <size>0x77</size>
         <input_file_ref idref="fl-cf"/>
      </object_component>
      <object_component id="oc-190">
         <name>.debug_line</name>
         <load_address>0x1bf5</load_address>
         <run_address>0x1bf5</run_address>
         <size>0x77</size>
         <input_file_ref idref="fl-cf"/>
      </object_component>
      <object_component id="oc-117">
         <name>.debug_line</name>
         <load_address>0x1c6c</load_address>
         <run_address>0x1c6c</run_address>
         <size>0xa8</size>
         <input_file_ref idref="fl-d0"/>
      </object_component>
      <object_component id="oc-10a">
         <name>.debug_line</name>
         <load_address>0x1d14</load_address>
         <run_address>0x1d14</run_address>
         <size>0x8e</size>
         <input_file_ref idref="fl-d1"/>
      </object_component>
      <object_component id="oc-112">
         <name>.debug_line</name>
         <load_address>0x1da2</load_address>
         <run_address>0x1da2</run_address>
         <size>0x67</size>
         <input_file_ref idref="fl-d2"/>
      </object_component>
      <object_component id="oc-d3">
         <name>.debug_line</name>
         <load_address>0x1e09</load_address>
         <run_address>0x1e09</run_address>
         <size>0x57</size>
         <input_file_ref idref="fl-d3"/>
      </object_component>
      <object_component id="oc-16f">
         <name>.debug_line</name>
         <load_address>0x1e60</load_address>
         <run_address>0x1e60</run_address>
         <size>0x50</size>
         <input_file_ref idref="fl-d4"/>
      </object_component>
      <object_component id="oc-43">
         <name>.debug_line</name>
         <load_address>0x1eb0</load_address>
         <run_address>0x1eb0</run_address>
         <size>0x88</size>
         <input_file_ref idref="fl-d5"/>
      </object_component>
      <object_component id="oc-4f">
         <name>.debug_line</name>
         <load_address>0x1f38</load_address>
         <run_address>0x1f38</run_address>
         <size>0x79</size>
         <input_file_ref idref="fl-d6"/>
      </object_component>
      <object_component id="oc-5b">
         <name>.debug_line</name>
         <load_address>0x1fb1</load_address>
         <run_address>0x1fb1</run_address>
         <size>0x3d</size>
         <input_file_ref idref="fl-d7"/>
      </object_component>
      <object_component id="oc-61">
         <name>.debug_line</name>
         <load_address>0x1fee</load_address>
         <run_address>0x1fee</run_address>
         <size>0x40</size>
         <input_file_ref idref="fl-d8"/>
      </object_component>
      <object_component id="oc-270">
         <name>.debug_line</name>
         <load_address>0x202e</load_address>
         <run_address>0x202e</run_address>
         <size>0x93</size>
         <input_file_ref idref="fl-d9"/>
      </object_component>
      <object_component id="oc-196">
         <name>.debug_line</name>
         <load_address>0x20c1</load_address>
         <run_address>0x20c1</run_address>
         <size>0xa1</size>
         <input_file_ref idref="fl-d9"/>
      </object_component>
      <object_component id="oc-232">
         <name>.debug_line</name>
         <load_address>0x2162</load_address>
         <run_address>0x2162</run_address>
         <size>0x8a</size>
         <input_file_ref idref="fl-d9"/>
      </object_component>
      <object_component id="oc-f2">
         <name>.debug_line</name>
         <load_address>0x21ec</load_address>
         <run_address>0x21ec</run_address>
         <size>0x5c</size>
         <input_file_ref idref="fl-da"/>
      </object_component>
      <object_component id="oc-212">
         <name>.debug_line</name>
         <load_address>0x2248</load_address>
         <run_address>0x2248</run_address>
         <size>0x97</size>
         <input_file_ref idref="fl-db"/>
      </object_component>
      <object_component id="oc-da">
         <name>.debug_line</name>
         <load_address>0x22df</load_address>
         <run_address>0x22df</run_address>
         <size>0x83</size>
         <input_file_ref idref="fl-db"/>
      </object_component>
      <object_component id="oc-20f">
         <name>.debug_line</name>
         <load_address>0x2362</load_address>
         <run_address>0x2362</run_address>
         <size>0x89</size>
         <input_file_ref idref="fl-db"/>
      </object_component>
      <object_component id="oc-b9">
         <name>.debug_line</name>
         <load_address>0x23eb</load_address>
         <run_address>0x23eb</run_address>
         <size>0x33</size>
         <input_file_ref idref="fl-dc"/>
      </object_component>
      <object_component id="oc-279">
         <name>.debug_line</name>
         <load_address>0x241e</load_address>
         <run_address>0x241e</run_address>
         <size>0x20</size>
         <input_file_ref idref="fl-dd"/>
      </object_component>
      <object_component id="oc-1be">
         <name>.debug_line</name>
         <load_address>0x243e</load_address>
         <run_address>0x243e</run_address>
         <size>0xa5</size>
         <input_file_ref idref="fl-dd"/>
      </object_component>
      <object_component id="oc-27b">
         <name>.debug_line</name>
         <load_address>0x24e3</load_address>
         <run_address>0x24e3</run_address>
         <size>0x20</size>
         <input_file_ref idref="fl-de"/>
      </object_component>
      <object_component id="oc-1c7">
         <name>.debug_line</name>
         <load_address>0x2503</load_address>
         <run_address>0x2503</run_address>
         <size>0xa0</size>
         <input_file_ref idref="fl-de"/>
      </object_component>
      <object_component id="oc-215">
         <name>.debug_line</name>
         <load_address>0x25a3</load_address>
         <run_address>0x25a3</run_address>
         <size>0x20</size>
         <input_file_ref idref="fl-df"/>
      </object_component>
      <object_component id="oc-e6">
[...]
         <object_component_ref idref="oc-123"/>
      </symbol>
      <symbol id="sm-b9">
         <name>lcd_clear</name>
         <value>0x3dc1</value>
         <object_component_ref idref="oc-1b0"/>
      </symbol>
      <symbol id="sm-ba">
         <name>lcd_printf</name>
         <value>0x255f</value>
         <object_component_ref idref="oc-123"/>
      </symbol>
      <symbol id="sm-bb">
         <name>lcd_setCursorPos</name>
         <value>0x2521</value>
         <object_component_ref idref="oc-123"/>
      </symbol>
      <symbol id="sm-bc">
         <name>lcd_init</name>
         <value>0x2361</value>
         <object_component_ref idref="oc-123"/>
      </symbol>
      <symbol id="sm-bd">
         <name>lcd_puts</name>
         <value>0x2459</value>
         <object_component_ref idref="oc-123"/>
      </symbol>
      <symbol id="sm-be">
         <name>lcd_putc</name>
         <value>0x2421</value>
         <object_component_ref idref="oc-123"/>
      </symbol>
      <symbol id="sm-bf">
         <name>lcd_gotoLine</name>
         <value>0x24f9</value>
         <object_component_ref idref="oc-123"/>
      </symbol>
      <symbol id="sm-12c">
         <name>Comparator</name>
         <value>0x200012c0</value>
      </symbol>
      <symbol id="sm-12d">
         <name>pulse_period</name>
         <value>0x200012fc</value>
         <object_component_ref idref="oc-ee"/>
      </symbol>
      <symbol id="sm-12e">
         <name>firstDistance</name>
         <value>0x200012f4</value>
         <object_component_ref idref="oc-ee"/>
      </symbol>
      <symbol id="sm-12f">
         <name>angle1</name>
         <value>0x200012e0</value>
         <object_component_ref idref="oc-ee"/>
      </symbol>
      <symbol id="sm-130">
         <name>angle2</name>
         <value>0x200012e4</value>
         <object_component_ref idref="oc-ee"/>
      </symbol>
      <symbol id="sm-131">
         <name>getAverage</name>
         <value>0x20ad</value>
         <object_component_ref idref="oc-a7"/>
      </symbol>
      <symbol id="sm-132">
         <name>sonarDis</name>
         <value>0x200012ec</value>
         <object_component_ref idref="oc-ee"/>
      </symbol>
      <symbol id="sm-133">
         <name>initialize</name>
         <value>0x2165</value>
         <object_component_ref idref="oc-a7"/>
      </symbol>
      <symbol id="sm-134">
         <name>irDis</name>
         <value>0x200012f0</value>
         <object_component_ref idref="oc-ee"/>
      </symbol>
      <symbol id="sm-135">
         <name>main</name>
         <value>0x1d59</value>
         <object_component_ref idref="oc-a7"/>
      </symbol>
      <symbol id="sm-136">
         <name>resetTempVars</name>
         <value>0x2199</value>
         <object_component_ref idref="oc-a7"/>
      </symbol>
      <symbol id="sm-137">
         <name>sendData</name>
         <value>0x21cd</value>
         <object_component_ref idref="oc-a7"/>
      </symbol>
      <symbol id="sm-138">
         <name>calculateLinearWidth</name>
         <value>0x1ff5</value>
         <object_component_ref idref="oc-a7"/>
      </symbol>
      <symbol id="sm-139">
         <name>getIRtoDis</name>
         <value>0x20f1</value>
         <object_component_ref idref="oc-a7"/>
      </symbol>
      <symbol id="sm-13a">
         <name>STATE</name>
         <value>0x20001304</value>
         <object_component_ref idref="oc-ee"/>
      </symbol>
      <symbol id="sm-13b">
         <name>collectData</name>
         <value>0x2069</value>
         <object_component_ref idref="oc-a7"/>
      </symbol>
      <symbol id="sm-13c">
         <name>totalAngle</name>
         <value>0x200012e8</value>
         <object_component_ref idref="oc-ee"/>
      </symbol>
      <symbol id="sm-13d">
         <name>sendHeader</name>
         <value>0x2251</value>
         <object_component_ref idref="oc-a7"/>
      </symbol>
      <symbol id="sm-13e">
         <name>cyclesDetected</name>
         <value>0x20001300</value>
         <object_component_ref idref="oc-ee"/>
      </symbol>
      <symbol id="sm-13f">
         <name>totalDis</name>
         <value>0x200012f8</value>
         <object_component_ref idref="oc-ee"/>
      </symbol>
      <symbol id="sm-140">
         <name>numObjects</name>
         <value>0x200012dc</value>
         <object_component_ref idref="oc-ee"/>
      </symbol>
      <symbol id="sm-15a">
         <name>move_servo</name>
         <value>0x3389</value>
         <object_component_ref idref="oc-cb"/>
      </symbol>
      <symbol id="sm-15b">
         <name>setPeriod</name>
         <value>0x33eb</value>
         <object_component_ref idref="oc-cb"/>
      </symbol>
      <symbol id="sm-15c">
         <name>move_servo2</name>
         <value>0x33b7</value>
         <object_component_ref idref="oc-cb"/>
      </symbol>
      <symbol id="sm-18d">
         <name>cycle</name>
         <value>0x200012d8</value>
      </symbol>
      <symbol id="sm-18e">
         <name>ping_read</name>
         <value>0x2fe3</value>
         <object_component_ref idref="oc-f7"/>
      </symbol>
      <symbol id="sm-18f">
         <name>send_pulse</name>
         <value>0x2f9d</value>
         <object_component_ref idref="oc-f7"/>
      </symbol>
      <symbol id="sm-190">
         <name>falling_time</name>
         <value>0x2000130c</value>
         <object_component_ref idref="oc-176"/>
      </symbol>
      <symbol id="sm-191">
         <name>TIMER3B_Handler</name>
         <value>0x2f65</value>
         <object_component_ref idref="oc-f7"/>
      </symbol>
      <symbol id="sm-192">
         <name>difference</name>
         <value>0x20001310</value>
         <object_component_ref idref="oc-176"/>
      </symbol>
      <symbol id="sm-193">
         <name>rising_time</name>
         <value>0x20001308</value>
         <object_component_ref idref="oc-176"/>
      </symbol>
      <symbol id="sm-194">
         <name>overflow</name>
         <value>0x20001314</value>
         <object_component_ref idref="oc-176"/>
      </symbol>
      <symbol id="sm-1ba">
         <name>timer_startClock</name>
         <value>0x2d99</value>
         <object_component_ref idref="oc-e8"/>
      </symbol>
      <symbol id="sm-1bb">
         <name>timer_stopClock</name>
         <value>0x2deb</value>
         <object_component_ref idref="oc-e8"/>
      </symbol>
      <symbol id="sm-1bc">
         <name>timer_getClock</name>
         <value>0x2de5</value>
         <object_component_ref idref="oc-e8"/>
      </symbol>
      <symbol id="sm-1bd">
         <name>timer_stopTimer</name>
         <value>0x2d83</value>
         <object_component_ref idref="oc-e8"/>
      </symbol>
      <symbol id="sm-1be">
         <name>timer_startTimer</name>
         <value>0x2d33</value>
         <object_component_ref idref="oc-e8"/>
      </symbol>
      <symbol id="sm-1bf">
         <name>timer_waitMillis</name>
         <value>0x2cd5</value>
         <object_component_ref idref="oc-e8"/>
      </symbol>
      <symbol id="sm-1c0">
         <name>timer_waitMicros</name>
         <value>0x2d09</value>
         <object_component_ref idref="oc-e8"/>
      </symbol>
      <symbol id="sm-1dc">
         <name>ResetISR</name>
         <value>0x3df7</value>
         <object_component_ref idref="oc-2b"/>
      </symbol>
      <symbol id="sm-1dd">
         <name>g_pfnVectors</name>
         <value>0x0</value>
         <object_component_ref idref="oc-f"/>
      </symbol>
      <symbol id="sm-1f9">
         <name>uart_sendChar</name>
         <value>0x313f</value>
         <object_component_ref idref="oc-dc"/>
      </symbol>
      <symbol id="sm-1fa">
         <name>uart_init</name>
         <value>0x3091</value>
         <object_component_ref idref="oc-dc"/>
      </symbol>
      <symbol id="sm-1fb">
         <name>uart_receive</name>
         <value>0x3119</value>
         <object_component_ref idref="oc-dc"/>
      </symbol>
      <symbol id="sm-212">
         <name>_c_int00</name>
         <value>0x3a85</value>
         <object_component_ref idref="oc-24"/>
      </symbol>
      <symbol id="sm-213">
         <name>__stack</name>
         <value>0x2000026c</value>
         <object_component_ref idref="oc-2a"/>
      </symbol>
      <symbol id="sm-231">
         <name>__TI_decompress_lzss</name>
         <value>0x3957</value>
         <object_component_ref idref="oc-12"/>
      </symbol>
      <symbol id="sm-248">
         <name>__TI_decompress_none</name>
         <value>0x3dd1</value>
         <object_component_ref idref="oc-18"/>
      </symbol>
      <symbol id="sm-25a">
         <name>__TI_zero_init</name>
         <value>0x3deb</value>
         <object_component_ref idref="oc-1e"/>
      </symbol>
      <symbol id="sm-2ea">
         <name>pow</name>
         <value>0x13ad</value>
         <object_component_ref idref="oc-103"/>
      </symbol>
      <symbol id="sm-2eb">
         <name>powl</name>
         <value>0x13ad</value>
         <object_component_ref idref="oc-103"/>
      </symbol>
      <symbol id="sm-30f">
         <name>sqrtl</name>
         <value>0x29f9</value>
         <object_component_ref idref="oc-17b"/>
      </symbol>
      <symbol id="sm-310">
         <name>sqrt</name>
         <value>0x29f9</value>
         <object_component_ref idref="oc-17b"/>
      </symbol>
      <symbol id="sm-318">
         <name>errno</name>
         <value>0x2000132c</value>
         <object_component_ref idref="oc-181"/>
      </symbol>
      <symbol id="sm-339">
         <name>C$$EXIT</name>
         <value>0x3ad9</value>
         <object_component_ref idref="oc-6f"/>
      </symbol>
      <symbol id="sm-33a">
         <name>abort</name>
         <value>0x3add</value>
         <object_component_ref idref="oc-6f"/>
      </symbol>
      <symbol id="sm-33b">
         <name>exit</name>
         <value>0x3ae5</value>
         <object_component_ref idref="oc-6f"/>
      </symbol>
      <symbol id="sm-33c">
         <name>__TI_dtors_ptr</name>
         <value>0x2000131c</value>
         <object_component_ref idref="oc-af"/>
      </symbol>
      <symbol id="sm-33d">
         <name>__TI_cleanup_ptr</name>
         <value>0x20001318</value>
         <object_component_ref idref="oc-af"/>
      </symbol>
      <symbol id="sm-33e">
         <name>__TI_enable_exit_profile_output</name>
         <value>0x20001320</value>
         <object_component_ref idref="oc-af"/>
      </symbol>
      <symbol id="sm-355">
         <name>__aeabi_dsub</name>
         <value>0x2841</value>
         <object_component_ref idref="oc-118"/>
      </symbol>
      <symbol id="sm-356">
         <name>__aeabi_dadd</name>
         <value>0x284b</value>
         <object_component_ref idref="oc-118"/>
      </symbol>
      <symbol id="sm-378">
         <name>__aeabi_cdcmpeq</name>
         <value>0x36f1</value>
         <object_component_ref idref="oc-187"/>
      </symbol>
      <symbol id="sm-379">
         <name>__aeabi_cdcmple</name>
         <value>0x36f1</value>
         <object_component_ref idref="oc-187"/>
      </symbol>
      <symbol id="sm-37a">
         <name>__aeabi_cdrcmple</name>
         <value>0x3777</value>
         <object_component_ref idref="oc-18c"/>
      </symbol>
      <symbol id="sm-38e">
         <name>__aeabi_ddiv</name>
         <value>0x2e2d</value>
         <object_component_ref idref="oc-113"/>
      </symbol>
      <symbol id="sm-399">
         <name>__aeabi_dmul</name>
         <value>0x3191</value>
         <object_component_ref idref="oc-109"/>
      </symbol>
      <symbol id="sm-3a5">
         <name>__aeabi_d2f</name>
         <value>0x38e9</value>
         <object_component_ref idref="oc-10e"/>
      </symbol>
      <symbol id="sm-3b0">
         <name>__aeabi_f2d</name>
         <value>0x3c61</value>
         <object_component_ref idref="oc-d1"/>
      </symbol>
      <symbol id="sm-3ba">
         <name>__aeabi_i2d</name>
         <value>0x3ccd</value>
         <object_component_ref idref="oc-16e"/>
      </symbol>
      <symbol id="sm-3d5">
         <name>memcpy</name>
         <value>0x35cd</value>
         <object_component_ref idref="oc-3f"/>
      </symbol>
      <symbol id="sm-3d6">
         <name>__aeabi_memcpy</name>
         <value>0x35cd</value>
         <object_component_ref idref="oc-3f"/>
      </symbol>
      <symbol id="sm-3d7">
         <name>__aeabi_memcpy8</name>
         <value>0x35cd</value>
         <object_component_ref idref="oc-3f"/>
      </symbol>
      <symbol id="sm-3d8">
         <name>__aeabi_memcpy4</name>
         <value>0x35cd</value>
         <object_component_ref idref="oc-3f"/>
      </symbol>
      <symbol id="sm-3e7">
         <name>__aeabi_memset</name>
         <value>0x37ff</value>
         <object_component_ref idref="oc-4b"/>
      </symbol>
      <symbol id="sm-3e8">
         <name>memset</name>
         <value>0x3805</value>
         <object_component_ref idref="oc-4b"/>
      </symbol>
      <symbol id="sm-3e9">
         <name>__aeabi_memset8</name>
         <value>0x37ff</value>
         <object_component_ref idref="oc-4b"/>
      </symbol>
      <symbol id="sm-3ea">
         <name>__aeabi_memset4</name>
         <value>0x37ff</value>
         <object_component_ref idref="oc-4b"/>
      </symbol>
      <symbol id="sm-3eb">
         <name>__aeabi_memclr8</name>
         <value>0x37fd</value>
         <object_component_ref idref="oc-4b"/>
      </symbol>
      <symbol id="sm-3ec">
         <name>__aeabi_memclr4</name>
         <value>0x37fd</value>
         <object_component_ref idref="oc-4b"/>
      </symbol>
      <symbol id="sm-3ed">
         <name>__aeabi_memclr</name>
         <value>0x37fd</value>
         <object_component_ref idref="oc-4b"/>
      </symbol>
      <symbol id="sm-3f7">
         <name>__mpu_init</name>
         <value>0x13ab</value>
         <object_component_ref idref="oc-57"/>
      </symbol>
      <symbol id="sm-401">
         <name>_system_pre_init</name>
         <value>0x3e03</value>
         <object_component_ref idref="oc-5d"/>
      </symbol>
      <symbol id="sm-423">
         <name>scalbn</name>
         <value>0x328d</value>
         <object_component_ref idref="oc-191"/>
      </symbol>
      <symbol id="sm-424">
         <name>scalbnl</name>
         <value>0x328d</value>
         <object_component_ref idref="oc-191"/>
      </symbol>
      <symbol id="sm-425">
         <name>ldexpl</name>
         <value>0x328d</value>
         <object_component_ref idref="oc-191"/>
      </symbol>
      <symbol id="sm-426">
         <name>ldexp</name>
         <value>0x328d</value>
         <object_component_ref idref="oc-191"/>
      </symbol>
      <symbol id="sm-438">
         <name>sinf</name>
         <value>0x3529</value>
         <object_component_ref idref="oc-f1"/>
      </symbol>
      <symbol id="sm-451">
         <name>sprintf</name>
         <value>0x3a25</value>
         <object_component_ref idref="oc-d6"/>
      </symbol>
      <symbol id="sm-459">
         <name>main_func_sp</name>
         <value>0x20001330</value>
         <object_component_ref idref="oc-75"/>
      </symbol>
      <symbol id="sm-468">
         <name>strcmp</name>
         <value>0x3d31</value>
         <object_component_ref idref="oc-1bd"/>
      </symbol>
      <symbol id="sm-476">
         <name>strcpy</name>
         <value>0x3d89</value>
         <object_component_ref idref="oc-1c3"/>
      </symbol>
      <symbol id="sm-484">
         <name>strlen</name>
         <value>0x3d9d</value>
         <object_component_ref idref="oc-e2"/>
      </symbol>
      <symbol id="sm-4a0">
         <name>vsnprintf</name>
         <value>0x3669</value>
         <object_component_ref idref="oc-1b7"/>
      </symbol>
      <symbol id="sm-4b9">
         <name>_nop</name>
         <value>0x3d6f</value>
         <object_component_ref idref="oc-136"/>
      </symbol>
      <symbol id="sm-4ba">
         <name>_lock</name>
         <value>0x20001324</value>
         <object_component_ref idref="oc-b2"/>
      </symbol>
      <symbol id="sm-4bb">
         <name>_unlock</name>
         <value>0x20001328</value>
         <object_component_ref idref="oc-b2"/>
      </symbol>
      <symbol id="sm-4bc">
         <name>_register_lock</name>
         <value>0x3d67</value>
         <object_component_ref idref="oc-136"/>
      </symbol>
      <symbol id="sm-4bd">
         <name>_register_unlock</name>
         <value>0x3d61</value>
         <object_component_ref idref="oc-136"/>
      </symbol>
      <symbol id="sm-5be">
         <name>__TI_printfi</name>
         <value>0xab1</value>
         <object_component_ref idref="oc-150"/>
      </symbol>
      <symbol id="sm-5d2">
         <name>_args_main</name>
         <value>0x3d19</value>
         <object_component_ref idref="oc-69"/>
      </symbol>
      <symbol id="sm-5e8">
         <name>atoi</name>
         <value>0x3b81</value>
         <object_component_ref idref="oc-1f4"/>
      </symbol>
      <symbol id="sm-612">
         <name>__TI_auto_init</name>
         <value>0x3879</value>
         <object_component_ref idref="oc-63"/>
      </symbol>
      <symbol id="sm-62c">
         <name>copy_in</name>
         <value>0x3bcd</value>
         <object_component_ref idref="oc-99"/>
      </symbol>
      <symbol id="sm-637">
         <name>_ctypes_</name>
         <value>0x3e08</value>
         <object_component_ref idref="oc-25c"/>
      </symbol>
      <symbol id="sm-641">
         <name>__aeabi_d2iz</name>
         <value>0x3c19</value>
         <object_component_ref idref="oc-1dd"/>
      </symbol>
      <symbol id="sm-650">
         <name>ltoa</name>
         <value>0x3b2d</value>
         <object_component_ref idref="oc-1e2"/>
      </symbol>
      <symbol id="sm-660">
         <name>memccpy</name>
         <value>0x3cfb</value>
         <object_component_ref idref="oc-1fa"/>
      </symbol>
      <symbol id="sm-66a">
         <name>copysign</name>
         <value>0x3d75</value>
         <object_component_ref idref="oc-227"/>
      </symbol>
      <symbol id="sm-66b">
         <name>copysignl</name>
         <value>0x3d75</value>
         <object_component_ref idref="oc-227"/>
      </symbol>
      <symbol id="sm-681">
         <name>frexpl</name>
         <value>0x39c1</value>
         <object_component_ref idref="oc-1e8"/>
      </symbol>
      <symbol id="sm-682">
         <name>frexp</name>
         <value>0x39c1</value>
         <object_component_ref idref="oc-1e8"/>
      </symbol>
      <symbol id="sm-68c">
         <name>_system_post_cinit</name>
         <value>0x29f7</value>
         <object_component_ref idref="oc-9f"/>
      </symbol>
      <symbol id="sm-69c">
         <name>strchr</name>
         <value>0x3d49</value>
         <object_component_ref idref="oc-1ee"/>
      </symbol>
      <symbol id="sm-6b8">
         <name>__aeabi_uldivmod</name>
         <value>0x264d</value>
         <object_component_ref idref="oc-1d8"/>
      </symbol>
      <symbol id="sm-6d8">
         <name>IntRegister</name>
         <value>0x3c99</value>
         <object_component_ref idref="oc-1a3"/>
      </symbol>
      <symbol id="sm-6d9">
         <name>g_pfnRAMVectors</name>
         <value>0x20000000</value>
         <object_component_ref idref="oc-236"/>
      </symbol>
      <symbol id="sm-6da">
         <name>IntMasterEnable</name>
         <value>0x3db1</value>
         <object_component_ref idref="oc-1a9"/>
      </symbol>
      <symbol id="sm-6e4">
         <name>CPUcpsie</name>
         <value>0x3ddf</value>
         <object_component_ref idref="oc-23b"/>
      </symbol>
      <symbol id="sm-6e5">
         <name>__TI_static_base__</name>
         <value>0x0</value>
      </symbol>
      <symbol id="sm-6e8">
         <name>SHT$$INIT_ARRAY$$Limit</name>
         <value>0x0</value>
      </symbol>
      <symbol id="sm-6e9">
         <name>SHT$$INIT_ARRAY$$Base</name>
         <value>0x0</value>
      </symbol>
   </symbol_table>
   <title>Link successful</title>
</link_info>
