******************************************************************************
                  TI ARM Linker PC v16.9.1                     
******************************************************************************
>> Linked Thu Nov 09 13:23:44 2017

OUTPUT FILE NAME:   <Lab 2.out>
ENTRY POINT SYMBOL: "_c_int00"  address: 00003a85


MEMORY CONFIGURATION

         name            origin    length      used     unused   attr    fill
----------------------  --------  ---------  --------  --------  ----  --------
  FLASH                 00000000   00040000  00003f92  0003c06e  R  X
  SRAM                  20000000   00008000  00001331  00006ccf  RW X


SEGMENT ALLOCATION MAP

run origin  load origin   length   init length attrs members
----------  ----------- ---------- ----------- ----- -------
00000000    00000000    00003f98   00003f98    r-x
  00000000    00000000    0000026c   0000026c    r-- .intvecs
  0000026c    0000026c    00003b9a   00003b9a    r-x .text
  00003e08    00003e08    0000013c   0000013c    r-- .const
  00003f48    00003f48    00000050   00000050    r-- .cinit
20000000    20000000    00001334   00000000    rw-
  20000000    20000000    0000026c   00000000    rw- .vtable
  2000026c    2000026c    00001000   00000000    rw- .stack
  2000126c    2000126c    0000006d   00000000    rw- .bss
  200012dc    200012dc    00000058   00000000    rw- .data


SECTION ALLOCATION MAP

 output                                  attributes/
section   page    origin      length       input sections
--------  ----  ----------  ----------   ----------------
.intvecs   0    00000000    0000026c     
                  00000000    0000026c     tm4c123gh6pm_startup_ccs.obj (.intvecs)

.text      0    0000026c    00003b9a     
                  0000026c    0000113e     rtsv7M4_T_le_v4SPD16_eabi.lib : _printfi.obj (.text)
                  000013aa    00000002                                   : mpu_init.obj (.text)
                  000013ac    000009ac                                   : e_pow.obj (.text)
                  00001d58    00000608     main.obj (.text)
                  00002360    000002ec     lcd.obj (.text)
                  0000264c    000001f4     rtsv7M4_T_le_v4SPD16_eabi.lib : ull_div_t2.obj (.text)
                  00002840    000001b6                                   : fd_add_t2.obj (.text)
                  000029f6    00000002                                   : startup.obj (.text)
                  000029f8    00000170                                   : e_sqrt.obj (.text)
                  00002b68    0000016c     init.obj (.text)
                  00002cd4    00000158     timer.obj (.text)
                  00002e2c    00000136     rtsv7M4_T_le_v4SPD16_eabi.lib : fd_div_t2.obj (.text)
                  00002f62    00000002     --HOLE-- [fill = 0]
                  00002f64    0000012c     sonar.obj (.text)
                  00003090    00000100     uart.obj (.text)
                  00003190    000000fc     rtsv7M4_T_le_v4SPD16_eabi.lib : fd_mul_t2.obj (.text)
                  0000328c    000000fc                                   : s_scalbn.obj (.text)
                  00003388    000000e0     servo.obj (.text)
                  00003468    000000c0     adc.obj (.text)
                  00003528    000000a4     rtsv7M4_T_le_v4SPD16_eabi.lib : s_sinf.obj (.text)
                  000035cc    0000009c                                   : memcpy_t2.obj (.text)
                  00003668    00000088                                   : vsnprintf.obj (.text)
                  000036f0    00000086                                   : fd_cmp_t2.obj (.text:__aeabi_cdcmple)
                  00003776    00000086                                   : fd_cmp_t2.obj (.text:__aeabi_cdrcmple)
                  000037fc    0000007a                                   : memset_t2.obj (.text)
                  00003876    00000002     --HOLE-- [fill = 0]
                  00003878    00000070                                   : autoinit.obj (.text)
                  000038e8    0000006e                                   : fd_tos_t2.obj (.text)
                  00003956    00000068                                   : copy_decompress_lzss.obj (.text:decompress:lzss)
                  000039be    00000002     --HOLE-- [fill = 0]
                  000039c0    00000064                                   : s_frexp.obj (.text)
                  00003a24    00000060                                   : sprintf.obj (.text)
                  00003a84    00000054                                   : boot.obj (.text)
                  00003ad8    00000054                                   : exit.obj (.text)
                  00003b2c    00000054                                   : ltoa.obj (.text)
                  00003b80    0000004c                                   : atoi.obj (.text)
                  00003bcc    0000004c                                   : cpy_tbl.obj (.text)
                  00003c18    00000048                                   : fd_toi_t2.obj (.text)
                  00003c60    00000038                                   : fs_tod_t2.obj (.text)
                  00003c98    00000034     driverlib.lib : interrupt.obj (.text:IntRegister)
                  00003ccc    0000002e     rtsv7M4_T_le_v4SPD16_eabi.lib : i_tofd_t2.obj (.text)
                  00003cfa    0000001c                                   : memccpy.obj (.text)
                  00003d16    00000002     --HOLE-- [fill = 0]
                  00003d18    00000018                                   : args_main.obj (.text)
                  00003d30    00000018                                   : strcmp.obj (.text)
                  00003d48    00000016                                   : strchr.obj (.text)
                  00003d5e    00000002     --HOLE-- [fill = 0]
                  00003d60    00000014                                   : _lock.obj (.text)
                  00003d74    00000014                                   : s_copysign.obj (.text)
                  00003d88    00000014                                   : strcpy.obj (.text)
                  00003d9c    00000014                                   : strlen.obj (.text)
                  00003db0    00000010     driverlib.lib : interrupt.obj (.text:IntMasterEnable)
                  00003dc0    00000010     lcd.obj (.text:lcd_clear)
                  00003dd0    0000000e     rtsv7M4_T_le_v4SPD16_eabi.lib : copy_decompress_none.obj (.text:decompress:none)
                  00003dde    0000000c     driverlib.lib : cpu.obj (.text:CPUcpsie)
                  00003dea    0000000c     rtsv7M4_T_le_v4SPD16_eabi.lib : copy_zero_init.obj (.text:decompress:ZI)
                  00003df6    0000000c     tm4c123gh6pm_startup_ccs.obj (.text)
                  00003e02    00000004     rtsv7M4_T_le_v4SPD16_eabi.lib : pre_init.obj (.text)

.const     0    00003e08    0000013c     
                  00003e08    00000101     rtsv7M4_T_le_v4SPD16_eabi.lib : ctype.obj (.const:.string:_ctypes_)
                  00003f09    00000004     lcd.obj (.const:.string:lineAddress$1)
                  00003f0d    00000003     --HOLE-- [fill = 0]
                  00003f10    00000030     rtsv7M4_T_le_v4SPD16_eabi.lib : e_pow.obj (.const:$O1$$)
                  00003f40    00000004     lcd.obj (.const:.string:lineAddresses$2)

.cinit     0    00003f48    00000050     
                  00003f48    00000016     (.cinit..data.load) [load image, compression = lzss]
                  00003f5e    00000002     --HOLE-- [fill = 0]
                  00003f60    0000000c     (__TI_handler_table)
                  00003f6c    00000004     --HOLE-- [fill = 0]
                  00003f70    00000008     (.cinit..bss.load) [load image, compression = zero_init]
                  00003f78    00000008     (.cinit..vtable.load) [load image, compression = zero_init]
                  00003f80    00000018     (__TI_cinit_table)

.init_array 
*          0    00000000    00000000     UNINITIALIZED

.vtable    0    20000000    0000026c     UNINITIALIZED
                  20000000    0000026c     driverlib.lib : interrupt.obj (.vtable)

.stack     0    2000026c    00001000     UNINITIALIZED
                  2000026c    00001000     --HOLE--

.bss       0    2000126c    0000006d     UNINITIALIZED
                  2000126c    00000054     lcd.obj (.bss:lastbuffer$3)
                  200012c0    00000018     (.common:Comparator)
                  200012d8    00000001     (.common:cycle)

.data      0    200012dc    00000058     UNINITIALIZED
                  200012dc    00000029     main.obj (.data)
                  20001305    00000003     --HOLE--
                  20001308    00000010     sonar.obj (.data)
                  20001318    0000000c     rtsv7M4_T_le_v4SPD16_eabi.lib : exit.obj (.data:$O1$$)
                  20001324    00000008                                   : _lock.obj (.data:$O1$$)
                  2000132c    00000004                                   : errno.obj (.data)
                  20001330    00000004                                   : stkdepth_vars.obj (.data)

MODULE SUMMARY

       Module                         code    ro data   rw data
       ------                         ----    -------   -------
    .\
       main.obj                       1544    0         65     
       lcd.obj                        764     8         84     
       tm4c123gh6pm_startup_ccs.obj   12      620       0      
       init.obj                       364     0         0      
       timer.obj                      344     0         0      
       sonar.obj                      300     0         17     
       uart.obj                       256     0         0      
       servo.obj                      224     0         0      
       adc.obj                        192     0         0      
    +--+------------------------------+-------+---------+---------+
       Total:                         4000    628       166    
                                                               
    C:/ti/TivaWare_C_Series-2.1.2.111/driverlib/ccs/Debug/driverlib.lib
       interrupt.obj                  68      0         620    
       cpu.obj                        12      0         0      
    +--+------------------------------+-------+---------+---------+
       Total:                         80      0         620    
                                                               
    C:\ti\ccsv7\tools\compiler\ti-cgt-arm_16.9.1.LTS\lib\rtsv7M4_T_le_v4SPD16_eabi.lib
       _printfi.obj                   4414    0         0      
       e_pow.obj                      2476    48        0      
       ull_div_t2.obj                 500     0         0      
       fd_add_t2.obj                  438     0         0      
       e_sqrt.obj                     368     0         0      
       fd_div_t2.obj                  310     0         0      
       fd_cmp_t2.obj                  268     0         0      
       ctype.obj                      0       257       0      
       fd_mul_t2.obj                  252     0         0      
       s_scalbn.obj                   252     0         0      
       s_sinf.obj                     164     0         0      
       memcpy_t2.obj                  156     0         0      
       vsnprintf.obj                  136     0         0      
       memset_t2.obj                  122     0         0      
       autoinit.obj                   112     0         0      
       fd_tos_t2.obj                  110     0         0      
       copy_decompress_lzss.obj       104     0         0      
       s_frexp.obj                    100     0         0      
       exit.obj                       84      0         12     
       sprintf.obj                    96      0         0      
       boot.obj                       84      0         0      
       ltoa.obj                       84      0         0      
       atoi.obj                       76      0         0      
       cpy_tbl.obj                    76      0         0      
       fd_toi_t2.obj                  72      0         0      
       fs_tod_t2.obj                  56      0         0      
       i_tofd_t2.obj                  46      0         0      
       _lock.obj                      20      0         8      
       memccpy.obj                    28      0         0      
       args_main.obj                  24      0         0      
       strcmp.obj                     24      0         0      
       strchr.obj                     22      0         0      
       s_copysign.obj                 20      0         0      
       strcpy.obj                     20      0         0      
       strlen.obj                     20      0         0      
       copy_decompress_none.obj       14      0         0      
       copy_zero_init.obj             12      0         0      
       errno.obj                      0       0         4      
       pre_init.obj                   4       0         0      
       stkdepth_vars.obj              0       0         4      
       mpu_init.obj                   2       0         0      
       startup.obj                    2       0         0      
    +--+------------------------------+-------+---------+---------+
       Total:                         11168   305       28     
                                                               
       Stack:                         0       0         4096   
       Linker Generated:              0       74        0      
    +--+------------------------------+-------+---------+---------+
       Grand Total:                   15248   1007      4910   


LINKER GENERATED COPY TABLES

__TI_cinit_table @ 00003f80 records: 3, size/record: 8, table size: 24
	.data: load addr=00003f48, load size=00000016 bytes, run addr=200012dc, run size=00000058 bytes, compression=lzss
	.bss: load addr=00003f70, load size=00000008 bytes, run addr=2000126c, run size=0000006d bytes, compression=zero_init
	.vtable: load addr=00003f78, load size=00000008 bytes, run addr=20000000, run size=0000026c bytes, compression=zero_init


LINKER GENERATED HANDLER TABLE

__TI_handler_table @ 00003f60 records: 3, size/record: 4, table size: 12
	index: 0, handler: __TI_zero_init
	index: 1, handler: __TI_decompress_lzss
	index: 2, handler: __TI_decompress_none


GLOBAL SYMBOLS: SORTED ALPHABETICALLY BY Name 

address   name                           
-------   ----                           
00003ad9  C$$EXIT                        
00003ddf  CPUcpsie                       
200012c0  Comparator                     
00003db1  IntMasterEnable                
00003c99  IntRegister                    
00003df7  ResetISR                       
UNDEFED   SHT$$INIT_ARRAY$$Base          
UNDEFED   SHT$$INIT_ARRAY$$Limit         
20001304  STATE                          
00002f65  TIMER3B_Handler                
2000126c  __STACK_END                    
00001000  __STACK_SIZE                   
2000046c  __STACK_TOP                    
00003f80  __TI_CINIT_Base                
00003f98  __TI_CINIT_Limit               
00003f60  __TI_Handler_Table_Base        
00003f6c  __TI_Handler_Table_Limit       
00003879  __TI_auto_init                 
20001318  __TI_cleanup_ptr               
00003957  __TI_decompress_lzss           
00003dd1  __TI_decompress_none           
2000131c  __TI_dtors_ptr                 
20001320  __TI_enable_exit_profile_output
ffffffff  __TI_pprof_out_hndl            
00000ab1  __TI_printfi                   
ffffffff  __TI_prof_data_size            
ffffffff  __TI_prof_data_start           
00000000  __TI_static_base__             
00003deb  __TI_zero_init                 
000036f1  __aeabi_cdcmpeq                
000036f1  __aeabi_cdcmple                
00003777  __aeabi_cdrcmple               
000038e9  __aeabi_d2f                    
00003c19  __aeabi_d2iz                   
0000284b  __aeabi_dadd                   
00002e2d  __aeabi_ddiv                   
00003191  __aeabi_dmul                   
00002841  __aeabi_dsub                   
00003c61  __aeabi_f2d                    
00003ccd  __aeabi_i2d                    
000037fd  __aeabi_memclr                 
000037fd  __aeabi_memclr4                
000037fd  __aeabi_memclr8                
000035cd  __aeabi_memcpy                 
000035cd  __aeabi_memcpy4                
000035cd  __aeabi_memcpy8                
000037ff  __aeabi_memset                 
000037ff  __aeabi_memset4                
000037ff  __aeabi_memset8                
0000264d  __aeabi_uldivmod               
ffffffff  __binit__                      
ffffffff  __c_args__                     
000013ab  __mpu_init                     
2000026c  __stack                        
00003d19  _args_main                     
00003a85  _c_int00                       
00003e08  _ctypes_                       
20001324  _lock                          
00003d6f  _nop                           
00003d67  _register_lock                 
00003d61  _register_unlock               
000029f7  _system_post_cinit             
00003e03  _system_pre_init               
20001328  _unlock                        
00003add  abort                          
00003469  adc_Read                       
0000347d  adc_init                       
200012e0  angle1                         
200012e4  angle2                         
00003b81  atoi                           
ffffffff  binit                          
00001ff5  calculateLinearWidth           
00002069  collectData                    
00003bcd  copy_in                        
00003d75  copysign                       
00003d75  copysignl                      
200012d8  cycle                          
20001300  cyclesDetected                 
20001310  difference                     
2000132c  errno                          
00003ae5  exit                           
2000130c  falling_time                   
200012f4  firstDistance                  
000039c1  frexp                          
000039c1  frexpl                         
20000000  g_pfnRAMVectors                
00000000  g_pfnVectors                   
000020ad  getAverage                     
000020f1  getIRtoDis                     
00002b69  init_PortB                     
00002b9d  init_timers                    
00002165  initialize                     
200012f0  irDis                          
00003dc1  lcd_clear                      
000024f9  lcd_gotoLine                   
00002361  lcd_init                       
0000255f  lcd_printf                     
00002421  lcd_putc                       
00002459  lcd_puts                       
00002477  lcd_sendCommand                
000024b5  lcd_sendNibble                 
00002521  lcd_setCursorPos               
0000328d  ldexp                          
0000328d  ldexpl                         
00003b2d  ltoa                           
00001d59  main                           
20001330  main_func_sp                   
00003cfb  memccpy                        
000035cd  memcpy                         
00003805  memset                         
00003389  move_servo                     
000033b7  move_servo2                    
200012dc  numObjects                     
20001314  overflow                       
00002fe3  ping_read                      
00002c81  portB_init                     
000013ad  pow                            
000013ad  powl                           
200012fc  pulse_period                   
00002199  resetTempVars                  
20001308  rising_time                    
0000328d  scalbn                         
0000328d  scalbnl                        
000021cd  sendData                       
00002251  sendHeader                     
00002f9d  send_pulse                     
000033eb  setPeriod                      
00003529  sinf                           
200012ec  sonarDis                       
00003a25  sprintf                        
000029f9  sqrt                           
000029f9  sqrtl                          
00003d49  strchr                         
00003d31  strcmp                         
00003d89  strcpy                         
00003d9d  strlen                         
00002de5  timer_getClock                 
00002d99  timer_startClock               
00002d33  timer_startTimer               
00002deb  timer_stopClock                
00002d83  timer_stopTimer                
00002d09  timer_waitMicros               
00002cd5  timer_waitMillis               
200012e8  totalAngle                     
200012f8  totalDis                       
00003091  uart_init                      
00003119  uart_receive                   
0000313f  uart_sendChar                  
00003669  vsnprintf                      


GLOBAL SYMBOLS: SORTED BY Symbol Address 

address   name                           
-------   ----                           
00000000  __TI_static_base__             
00000000  g_pfnVectors                   
00000ab1  __TI_printfi                   
00001000  __STACK_SIZE                   
000013ab  __mpu_init                     
000013ad  pow                            
000013ad  powl                           
00001d59  main                           
00001ff5  calculateLinearWidth           
00002069  collectData                    
000020ad  getAverage                     
000020f1  getIRtoDis                     
00002165  initialize                     
00002199  resetTempVars                  
000021cd  sendData                       
00002251  sendHeader                     
00002361  lcd_init                       
00002421  lcd_putc                       
00002459  lcd_puts                       
00002477  lcd_sendCommand                
000024b5  lcd_sendNibble                 
000024f9  lcd_gotoLine                   
00002521  lcd_setCursorPos               
0000255f  lcd_printf                     
0000264d  __aeabi_uldivmod               
00002841  __aeabi_dsub                   
0000284b  __aeabi_dadd                   
000029f7  _system_post_cinit             
000029f9  sqrt                           
000029f9  sqrtl                          
00002b69  init_PortB                     
00002b9d  init_timers                    
00002c81  portB_init                     
00002cd5  timer_waitMillis               
00002d09  timer_waitMicros               
00002d33  timer_startTimer               
00002d83  timer_stopTimer                
00002d99  timer_startClock               
00002de5  timer_getClock                 
00002deb  timer_stopClock                
00002e2d  __aeabi_ddiv                   
00002f65  TIMER3B_Handler                
00002f9d  send_pulse                     
00002fe3  ping_read                      
00003091  uart_init                      
00003119  uart_receive                   
0000313f  uart_sendChar                  
00003191  __aeabi_dmul                   
0000328d  ldexp                          
0000328d  ldexpl                         
0000328d  scalbn                         
0000328d  scalbnl                        
00003389  move_servo                     
000033b7  move_servo2                    
000033eb  setPeriod                      
00003469  adc_Read                       
0000347d  adc_init                       
00003529  sinf                           
000035cd  __aeabi_memcpy                 
000035cd  __aeabi_memcpy4                
000035cd  __aeabi_memcpy8                
000035cd  memcpy                         
00003669  vsnprintf                      
000036f1  __aeabi_cdcmpeq                
000036f1  __aeabi_cdcmple                
00003777  __aeabi_cdrcmple               
000037fd  __aeabi_memclr                 
000037fd  __aeabi_memclr4                
000037fd  __aeabi_memclr8                
000037ff  __aeabi_memset                 
000037ff  __aeabi_memset4                
000037ff  __aeabi_memset8                
00003805  memset                         
00003879  __TI_auto_init                 
000038e9  __aeabi_d2f                    
00003957  __TI_decompress_lzss           
000039c1  frexp                          
000039c1  frexpl                         
00003a25  sprintf                        
00003a85  _c_int00                       
00003ad9  C$$EXIT                        
00003add  abort                          
00003ae5  exit                           
00003b2d  ltoa                           
00003b81  atoi                           
00003bcd  copy_in                        
00003c19  __aeabi_d2iz                   
00003c61  __aeabi_f2d                    
00003c99  IntRegister                    
00003ccd  __aeabi_i2d                    
00003cfb  memccpy                        
00003d19  _args_main                     
00003d31  strcmp                         
00003d49  strchr                         
00003d61  _register_unlock               
00003d67  _register_lock                 
00003d6f  _nop                           
00003d75  copysign                       
00003d75  copysignl                      
00003d89  strcpy                         
00003d9d  strlen                         
00003db1  IntMasterEnable                
00003dc1  lcd_clear                      
00003dd1  __TI_decompress_none           
00003ddf  CPUcpsie                       
00003deb  __TI_zero_init                 
00003df7  ResetISR                       
00003e03  _system_pre_init               
00003e08  _ctypes_                       
00003f60  __TI_Handler_Table_Base        
00003f6c  __TI_Handler_Table_Limit       
00003f80  __TI_CINIT_Base                
00003f98  __TI_CINIT_Limit               
20000000  g_pfnRAMVectors                
2000026c  __stack                        
2000046c  __STACK_TOP                    
2000126c  __STACK_END                    
200012c0  Comparator                     
200012d8  cycle                          
200012dc  numObjects                     
200012e0  angle1                         
200012e4  angle2                         
200012e8  totalAngle                     
200012ec  sonarDis                       
200012f0  irDis                          
200012f4  firstDistance                  
200012f8  totalDis                       
200012fc  pulse_period                   
20001300  cyclesDetected                 
20001304  STATE                          
20001308  rising_time                    
2000130c  falling_time                   
20001310  difference                     
20001314  overflow                       
20001318  __TI_cleanup_ptr               
2000131c  __TI_dtors_ptr                 
20001320  __TI_enable_exit_profile_output
20001324  _lock                          
20001328  _unlock                        
2000132c  errno                          
20001330  main_func_sp                   
ffffffff  __TI_pprof_out_hndl            
ffffffff  __TI_prof_data_size            
ffffffff  __TI_prof_data_start           
ffffffff  __binit__                      
ffffffff  __c_args__                     
ffffffff  binit                          
UNDEFED   SHT$$INIT_ARRAY$$Base          
UNDEFED   SHT$$INIT_ARRAY$$Limit         

[149 symbols]
