******************************************************************************
                  TI ARM Linker PC v16.9.4                     
******************************************************************************
>> Linked Thu Dec 07 12:05:05 2017

OUTPUT FILE NAME:   <Lab 2.out>
ENTRY POINT SYMBOL: "_c_int00"  address: 00004c55


MEMORY CONFIGURATION

         name            origin    length      used     unused   attr    fill
----------------------  --------  ---------  --------  --------  ----  --------
  FLASH                 00000000   00040000  0000522d  0003add3  R  X
  SRAM                  20000000   00008000  00000f51  000070af  RW X


SEGMENT ALLOCATION MAP

run origin  load origin   length   init length attrs members
----------  ----------- ---------- ----------- ----- -------
00000000    00000000    00005230   00005230    r-x
  00000000    00000000    0000026c   0000026c    r-- .intvecs
  0000026c    0000026c    00004e0a   00004e0a    r-x .text
  00005078    00005078    0000015f   0000015f    r-- .const
  000051d8    000051d8    00000058   00000058    r-- .cinit
20000000    20000000    00000f55   00000000    rw-
  20000000    20000000    0000026c   00000000    rw- .vtable
  2000026c    2000026c    00000800   00000000    rw- .stack
  20000a70    20000a70    00000400   00000000    rw- .sysmem
  20000e70    20000e70    00000078   00000000    rw- .data
  20000ee8    20000ee8    0000006d   00000000    rw- .bss


SECTION ALLOCATION MAP

 output                                  attributes/
section   page    origin      length       input sections
--------  ----  ----------  ----------   ----------------
.intvecs   0    00000000    0000026c     
                  00000000    0000026c     tm4c123gh6pm_startup_ccs.obj (.intvecs)

.text      0    0000026c    00004e0a     
                  0000026c    0000113e     rtsv7M4_T_le_v4SPD16_eabi.lib : _printfi.obj (.text)
                  000013aa    00000002                                   : mpu_init.obj (.text)
                  000013ac    00000a84     open_interface.obj (.text)
                  00001e30    000009ac     rtsv7M4_T_le_v4SPD16_eabi.lib : e_pow.obj (.text)
                  000027dc    000004a8     scanner.obj (.text)
                  00002c84    000003d0     rtsv7M4_T_le_v4SPD16_eabi.lib : memory.obj (.text)
                  00003054    000002ec     lcd.obj (.text)
                  00003340    00000220     movement.obj (.text)
                  00003560    000001f4     rtsv7M4_T_le_v4SPD16_eabi.lib : ull_div_t2.obj (.text)
                  00003754    000001b6                                   : fd_add_t2.obj (.text)
                  0000390a    00000002                                   : startup.obj (.text)
                  0000390c    00000170                                   : e_sqrt.obj (.text)
                  00003a7c    0000016c     init.obj (.text)
                  00003be8    00000158     timer.obj (.text)
                  00003d40    00000136     rtsv7M4_T_le_v4SPD16_eabi.lib : fd_div_t2.obj (.text)
                  00003e76    00000002     --HOLE-- [fill = 0]
                  00003e78    0000012c     sonar.obj (.text)
                  00003fa4    00000124     cliffSensor.obj (.text)
                  000040c8    0000010c     wifi.obj (.text)
                  000041d4    00000100     uart.obj (.text)
                  000042d4    000000fc     main.obj (.text)
                  000043d0    000000fc     rtsv7M4_T_le_v4SPD16_eabi.lib : fd_mul_t2.obj (.text)
                  000044cc    000000fc                                   : s_scalbn.obj (.text)
                  000045c8    000000c0     adc.obj (.text)
                  00004688    000000a4     rtsv7M4_T_le_v4SPD16_eabi.lib : s_sinf.obj (.text)
                  0000472c    0000009c                                   : memcpy_t2.obj (.text)
                  000047c8    00000088                                   : vsnprintf.obj (.text)
                  00004850    00000086                                   : fd_cmp_t2.obj (.text:__aeabi_cdcmple)
                  000048d6    00000086                                   : fd_cmp_t2.obj (.text:__aeabi_cdrcmple)
                  0000495c    0000007a                                   : memset_t2.obj (.text)
                  000049d6    00000070     control.obj (.text)
                  00004a46    00000002     --HOLE-- [fill = 0]
                  00004a48    00000070     rtsv7M4_T_le_v4SPD16_eabi.lib : autoinit.obj (.text)
                  00004ab8    0000006e                                   : fd_tos_t2.obj (.text)
                  00004b26    00000068                                   : copy_decompress_lzss.obj (.text:decompress:lzss)
                  00004b8e    00000002     --HOLE-- [fill = 0]
                  00004b90    00000064                                   : s_frexp.obj (.text)
                  00004bf4    00000060                                   : sprintf.obj (.text)
                  00004c54    00000054                                   : boot.obj (.text)
                  00004ca8    00000054                                   : exit.obj (.text)
                  00004cfc    00000054                                   : ltoa.obj (.text)
                  00004d50    0000004c                                   : atoi.obj (.text)
                  00004d9c    0000004c                                   : cpy_tbl.obj (.text)
                  00004de8    00000048     music.obj (.text)
                  00004e30    00000048     rtsv7M4_T_le_v4SPD16_eabi.lib : fd_toi_t2.obj (.text)
                  00004e78    00000040     servo.obj (.text)
                  00004eb8    00000038     rtsv7M4_T_le_v4SPD16_eabi.lib : fs_tod_t2.obj (.text)
                  00004ef0    00000034     driverlib.lib : interrupt.obj (.text:IntRegister)
                  00004f24    0000002e     rtsv7M4_T_le_v4SPD16_eabi.lib : i_tofd_t2.obj (.text)
                  00004f52    0000001c                                   : memccpy.obj (.text)
                  00004f6e    00000018     open_interface.obj (.text:oi_parseInt)
                  00004f86    00000002     --HOLE-- [fill = 0]
                  00004f88    00000018     rtsv7M4_T_le_v4SPD16_eabi.lib : args_main.obj (.text)
                  00004fa0    00000018                                   : strcmp.obj (.text)
                  00004fb8    00000016                                   : strchr.obj (.text)
                  00004fce    00000002     --HOLE-- [fill = 0]
                  00004fd0    00000014                                   : _lock.obj (.text)
                  00004fe4    00000014                                   : s_copysign.obj (.text)
                  00004ff8    00000014                                   : strcpy.obj (.text)
                  0000500c    00000014                                   : strlen.obj (.text)
                  00005020    00000010     driverlib.lib : interrupt.obj (.text:IntMasterEnable)
                  00005030    00000010     lcd.obj (.text:lcd_clear)
                  00005040    0000000e     rtsv7M4_T_le_v4SPD16_eabi.lib : copy_decompress_none.obj (.text:decompress:none)
                  0000504e    0000000c     driverlib.lib : cpu.obj (.text:CPUcpsie)
                  0000505a    0000000c     rtsv7M4_T_le_v4SPD16_eabi.lib : copy_zero_init.obj (.text:decompress:ZI)
                  00005066    0000000c     tm4c123gh6pm_startup_ccs.obj (.text)
                  00005072    00000004     rtsv7M4_T_le_v4SPD16_eabi.lib : pre_init.obj (.text)

.const     0    00005078    0000015f     
                  00005078    00000101     rtsv7M4_T_le_v4SPD16_eabi.lib : ctype.obj (.const:.string:_ctypes_)
                  00005179    00000004     lcd.obj (.const:.string:lineAddress$1)
                  0000517d    00000003     --HOLE-- [fill = 0]
                  00005180    00000030     rtsv7M4_T_le_v4SPD16_eabi.lib : e_pow.obj (.const:$O1$$)
                  000051b0    0000000f     open_interface.obj (.const:.string:$P$T0$3)
                  000051bf    0000000a     music.obj (.const:.string:$P$T0$1)
                  000051c9    0000000a     music.obj (.const:.string:$P$T1$2)
                  000051d3    00000004     lcd.obj (.const:.string:lineAddresses$2)

.cinit     0    000051d8    00000058     
                  000051d8    00000020     (.cinit..data.load) [load image, compression = lzss]
                  000051f8    0000000c     (__TI_handler_table)
                  00005204    00000004     --HOLE-- [fill = 0]
                  00005208    00000008     (.cinit..bss.load) [load image, compression = zero_init]
                  00005210    00000008     (.cinit..vtable.load) [load image, compression = zero_init]
                  00005218    00000018     (__TI_cinit_table)

.init_array 
*          0    00000000    00000000     UNINITIALIZED

.vtable    0    20000000    0000026c     UNINITIALIZED
                  20000000    0000026c     driverlib.lib : interrupt.obj (.vtable)

.stack     0    2000026c    00000800     UNINITIALIZED
                  2000026c    00000800     --HOLE--

.sysmem    0    20000a70    00000400     UNINITIALIZED
                  20000a70    00000008     rtsv7M4_T_le_v4SPD16_eabi.lib : memory.obj (.sysmem)
                  20000a78    000003f8     --HOLE--

.data      0    20000e70    00000078     UNINITIALIZED
                  20000e70    0000002d     scanner.obj (.data)
                  20000e9d    00000002     main.obj (.data)
                  20000e9f    00000001     --HOLE--
                  20000ea0    00000010     open_interface.obj (.data)
                  20000eb0    00000010     sonar.obj (.data)
                  20000ec0    0000000c     rtsv7M4_T_le_v4SPD16_eabi.lib : exit.obj (.data:$O1$$)
                  20000ecc    0000000c                                   : memory.obj (.data:$O1$$)
                  20000ed8    00000008                                   : _lock.obj (.data:$O1$$)
                  20000ee0    00000004                                   : errno.obj (.data)
                  20000ee4    00000004                                   : stkdepth_vars.obj (.data)

.bss       0    20000ee8    0000006d     UNINITIALIZED
                  20000ee8    00000054     lcd.obj (.bss:lastbuffer$3)
                  20000f3c    00000018     open_interface.obj (.bss:firmware$2)
                  20000f54    00000001     (.common:cycle)

MODULE SUMMARY

       Module                         code    ro data   rw data
       ------                         ----    -------   -------
    .\
       open_interface.obj             2716    15        40     
       scanner.obj                    1192    0         45     
       lcd.obj                        764     8         84     
       tm4c123gh6pm_startup_ccs.obj   12      620       0      
       movement.obj                   544     0         0      
       init.obj                       364     0         0      
       timer.obj                      344     0         0      
       sonar.obj                      300     0         17     
       cliffSensor.obj                292     0         0      
       wifi.obj                       268     0         0      
       uart.obj                       256     0         0      
       main.obj                       252     0         2      
       adc.obj                        192     0         0      
       control.obj                    112     0         0      
       music.obj                      72      20        0      
       servo.obj                      64      0         0      
    +--+------------------------------+-------+---------+---------+
       Total:                         7744    663       188    
                                                               
    C:/ti/TivaWare_C_Series-2.1.2.111/driverlib/ccs/Debug/driverlib.lib
       interrupt.obj                  68      0         620    
       cpu.obj                        12      0         0      
    +--+------------------------------+-------+---------+---------+
       Total:                         80      0         620    
                                                               
    C:\ti\ccsv7\tools\compiler\ti-cgt-arm_16.9.4.LTS\lib\rtsv7M4_T_le_v4SPD16_eabi.lib
       _printfi.obj                   4414    0         0      
       e_pow.obj                      2476    48        0      
       memory.obj                     976     0         12     
       ull_div_t2.obj                 500     0         0      
       fd_add_t2.obj                  438     0         0      
       e_sqrt.obj                     368     0         0      
       fd_div_t2.obj                  310     0         0      
       fd_cmp_t2.obj                  268     0         0      
       ctype.obj                      0       257       0      
       fd_mul_t2.obj                  252     0         0      
       s_scalbn.obj                   252     0         0      
       s_sinf.obj                     164     0         0      
       memcpy_t2.obj                  156     0         0      
       vsnprintf.obj                  136     0         0      
       memset_t2.obj                  122     0         0      
       autoinit.obj                   112     0         0      
       fd_tos_t2.obj                  110     0         0      
       copy_decompress_lzss.obj       104     0         0      
       s_frexp.obj                    100     0         0      
       exit.obj                       84      0         12     
       sprintf.obj                    96      0         0      
       boot.obj                       84      0         0      
       ltoa.obj                       84      0         0      
       atoi.obj                       76      0         0      
       cpy_tbl.obj                    76      0         0      
       fd_toi_t2.obj                  72      0         0      
       fs_tod_t2.obj                  56      0         0      
       i_tofd_t2.obj                  46      0         0      
       _lock.obj                      20      0         8      
       memccpy.obj                    28      0         0      
       args_main.obj                  24      0         0      
       strcmp.obj                     24      0         0      
       strchr.obj                     22      0         0      
       s_copysign.obj                 20      0         0      
       strcpy.obj                     20      0         0      
       strlen.obj                     20      0         0      
       copy_decompress_none.obj       14      0         0      
       copy_zero_init.obj             12      0         0      
       errno.obj                      0       0         4      
       pre_init.obj                   4       0         0      
       stkdepth_vars.obj              0       0         4      
       mpu_init.obj                   2       0         0      
       startup.obj                    2       0         0      
    +--+------------------------------+-------+---------+---------+
       Total:                         12144   305       40     
                                                               
       Heap:                          0       0         1024   
       Stack:                         0       0         2048   
       Linker Generated:              0       84        0      
    +--+------------------------------+-------+---------+---------+
       Grand Total:                   19968   1052      3920   


LINKER GENERATED COPY TABLES

__TI_cinit_table @ 00005218 records: 3, size/record: 8, table size: 24
	.data: load addr=000051d8, load size=00000020 bytes, run addr=20000e70, run size=00000078 bytes, compression=lzss
	.bss: load addr=00005208, load size=00000008 bytes, run addr=20000ee8, run size=0000006d bytes, compression=zero_init
	.vtable: load addr=00005210, load size=00000008 bytes, run addr=20000000, run size=0000026c bytes, compression=zero_init


LINKER GENERATED HANDLER TABLE

__TI_handler_table @ 000051f8 records: 3, size/record: 4, table size: 12
	index: 0, handler: __TI_zero_init
	index: 1, handler: __TI_decompress_lzss
	index: 2, handler: __TI_decompress_none


GLOBAL SYMBOLS: SORTED ALPHABETICALLY BY Name 

address   name                           
-------   ----                           
00004ca9  C$$EXIT                        
0000504f  CPUcpsie                       
00001ca3  GPIOF_Handler                  
00005021  IntMasterEnable                
00004ef1  IntRegister                    
00005067  ResetISR                       
UNDEFED   SHT$$INIT_ARRAY$$Base          
UNDEFED   SHT$$INIT_ARRAY$$Limit         
20000e9c  STATE                          
00003e79  TIMER3B_Handler                
0000412f  WiFi_Check                     
000040c9  WiFi_start                     
00004121  WiFi_stop                      
20000a6c  __STACK_END                    
00000800  __STACK_SIZE                   
2000046c  __STACK_TOP                    
00000400  __SYSMEM_SIZE                  
00005218  __TI_CINIT_Base                
00005230  __TI_CINIT_Limit               
000051f8  __TI_Handler_Table_Base        
00005204  __TI_Handler_Table_Limit       
00004a49  __TI_auto_init                 
20000ec0  __TI_cleanup_ptr               
00004b27  __TI_decompress_lzss           
00005041  __TI_decompress_none           
20000ec4  __TI_dtors_ptr                 
20000ec8  __TI_enable_exit_profile_output
ffffffff  __TI_pprof_out_hndl            
00000ab1  __TI_printfi                   
ffffffff  __TI_prof_data_size            
ffffffff  __TI_prof_data_start           
00000000  __TI_static_base__             
0000505b  __TI_zero_init                 
00004851  __aeabi_cdcmpeq                
00004851  __aeabi_cdcmple                
000048d7  __aeabi_cdrcmple               
00004ab9  __aeabi_d2f                    
00004e31  __aeabi_d2iz                   
0000375f  __aeabi_dadd                   
00003d41  __aeabi_ddiv                   
000043d1  __aeabi_dmul                   
00003755  __aeabi_dsub                   
00004eb9  __aeabi_f2d                    
00004f25  __aeabi_i2d                    
0000495d  __aeabi_memclr                 
0000495d  __aeabi_memclr4                
0000495d  __aeabi_memclr8                
0000472d  __aeabi_memcpy                 
0000472d  __aeabi_memcpy4                
0000472d  __aeabi_memcpy8                
0000495f  __aeabi_memset                 
0000495f  __aeabi_memset4                
0000495f  __aeabi_memset8                
00003561  __aeabi_uldivmod               
ffffffff  __binit__                      
ffffffff  __c_args__                     
000013ab  __mpu_init                     
2000026c  __stack                        
00004f89  _args_main                     
00004c55  _c_int00                       
00005078  _ctypes_                       
20000ed8  _lock                          
00004fdf  _nop                           
00004fd7  _register_lock                 
00004fd1  _register_unlock               
00004147  _sendCommand                   
20000a70  _sys_memory                    
0000390b  _system_post_cinit             
00005073  _system_pre_init               
20000edc  _unlock                        
00004cad  abort                          
000045c9  adc_Read                       
000045dd  adc_init                       
20000e74  angle1                         
20000e78  angle2                         
00004d51  atoi                           
ffffffff  binit                          
00002a41  calculateLinearWidth           
00003025  calloc                         
00003419  checkAll                       
00003fa5  checkAnyCliff                  
00004007  checkBoundary                  
00002ab1  collectData                    
20000e9d  command                        
000049d7  controller_input               
00004d9d  copy_in                        
00004fe5  copysign                       
00004fe5  copysignl                      
20000f54  cycle                          
20000e94  cyclesDetected                 
20000eb8  difference                     
20000ee0  errno                          
00004cb5  exit                           
20000eb4  falling_time                   
20000e9e  feedback                       
20000e88  firstDistance                  
00002d6f  free                           
00004b91  frexp                          
00004b91  frexpl                         
20000000  g_pfnRAMVectors                
00000000  g_pfnVectors                   
00001cc5  getDegrees                     
00002ad9  getIRtoDis                     
00001a51  go_charge                      
00003a7d  init_PortB                     
00003ab1  init_timers                    
00004367  initialize                     
20000e84  irDis                          
00005031  lcd_clear                      
000031ed  lcd_gotoLine                   
00003055  lcd_init                       
00003253  lcd_printf                     
00003115  lcd_putc                       
0000314d  lcd_puts                       
0000316b  lcd_sendCommand                
000031a9  lcd_sendNibble                 
00003215  lcd_setCursorPos               
000044cd  ldexp                          
000044cd  ldexpl                         
20000e98  linearWidth                    
00004cfd  ltoa                           
000042d5  main                           
20000ee4  main_func_sp                   
00002d05  malloc                         
00002f39  memalign                       
00004f53  memccpy                        
0000472d  memcpy                         
00004965  memset                         
00002c85  minit                          
000034f3  move_backward                  
00003341  move_forward                   
00004e79  move_servo                     
20000e70  numObjects                     
000013ad  oi_alloc                       
00001b7b  oi_checkFirmware               
00001403  oi_close                       
000013b9  oi_free                        
000013ed  oi_init                        
000013c9  oi_init_noupdate               
000019e7  oi_loadSong                    
00004f6f  oi_parseInt                    
00001467  oi_parsePacket                 
00001a3d  oi_play_song                   
00001961  oi_setLeds                     
000019a5  oi_setWheels                   
00001c31  oi_shutoff_init                
00001a5f  oi_uartInit                    
00001b03  oi_uartReceive                 
00001b49  oi_uartSendBuff                
00001ae7  oi_uartSendChar                
00001b2b  oi_uartSendStr                 
00001415  oi_update                      
20000ebc  overflow                       
00003ef7  ping_read                      
00004de9  play_songs                     
00003b95  portB_init                     
00001e31  pow                            
0000438d  power_flash                    
00001e31  powl                           
20000e90  pulse_period                   
00002e31  realloc                        
000029e5  reset                          
00002b55  resetTempVars                  
20000eb0  rising_time                    
000044cd  scalbn                         
000044cd  scalbnl                        
000027dd  scan                           
00002b8d  sendData                       
00003eb1  send_pulse                     
00004689  sinf                           
20000e80  sonarDis                       
00004bf5  sprintf                        
0000390d  sqrt                           
0000390d  sqrtl                          
00003555  stop                           
00004fb9  strchr                         
00004fa1  strcmp                         
00004ff9  strcpy                         
0000500d  strlen                         
00003cf9  timer_getClock                 
00003cad  timer_startClock               
00003c47  timer_startTimer               
00003cff  timer_stopClock                
00003c97  timer_stopTimer                
00003c1d  timer_waitMicros               
00003be9  timer_waitMillis               
20000e7c  totalAngle                     
20000e8c  totalDis                       
0000345b  turn_ccw                       
000034a9  turn_cw                        
000041d5  uart_init                      
0000425d  uart_receive                   
00004283  uart_sendChar                  
000047c9  vsnprintf                      
0000437b  wifiStart                      


GLOBAL SYMBOLS: SORTED BY Symbol Address 

address   name                           
-------   ----                           
00000000  __TI_static_base__             
00000000  g_pfnVectors                   
00000400  __SYSMEM_SIZE                  
00000800  __STACK_SIZE                   
00000ab1  __TI_printfi                   
000013ab  __mpu_init                     
000013ad  oi_alloc                       
000013b9  oi_free                        
000013c9  oi_init_noupdate               
000013ed  oi_init                        
00001403  oi_close                       
00001415  oi_update                      
00001467  oi_parsePacket                 
00001961  oi_setLeds                     
000019a5  oi_setWheels                   
000019e7  oi_loadSong                    
00001a3d  oi_play_song                   
00001a51  go_charge                      
00001a5f  oi_uartInit                    
00001ae7  oi_uartSendChar                
00001b03  oi_uartReceive                 
00001b2b  oi_uartSendStr                 
00001b49  oi_uartSendBuff                
00001b7b  oi_checkFirmware               
00001c31  oi_shutoff_init                
00001ca3  GPIOF_Handler                  
00001cc5  getDegrees                     
00001e31  pow                            
00001e31  powl                           
000027dd  scan                           
000029e5  reset                          
00002a41  calculateLinearWidth           
00002ab1  collectData                    
00002ad9  getIRtoDis                     
00002b55  resetTempVars                  
00002b8d  sendData                       
00002c85  minit                          
00002d05  malloc                         
00002d6f  free                           
00002e31  realloc                        
00002f39  memalign                       
00003025  calloc                         
00003055  lcd_init                       
00003115  lcd_putc                       
0000314d  lcd_puts                       
0000316b  lcd_sendCommand                
000031a9  lcd_sendNibble                 
000031ed  lcd_gotoLine                   
00003215  lcd_setCursorPos               
00003253  lcd_printf                     
00003341  move_forward                   
00003419  checkAll                       
0000345b  turn_ccw                       
000034a9  turn_cw                        
000034f3  move_backward                  
00003555  stop                           
00003561  __aeabi_uldivmod               
00003755  __aeabi_dsub                   
0000375f  __aeabi_dadd                   
0000390b  _system_post_cinit             
0000390d  sqrt                           
0000390d  sqrtl                          
00003a7d  init_PortB                     
00003ab1  init_timers                    
00003b95  portB_init                     
00003be9  timer_waitMillis               
00003c1d  timer_waitMicros               
00003c47  timer_startTimer               
00003c97  timer_stopTimer                
00003cad  timer_startClock               
00003cf9  timer_getClock                 
00003cff  timer_stopClock                
00003d41  __aeabi_ddiv                   
00003e79  TIMER3B_Handler                
00003eb1  send_pulse                     
00003ef7  ping_read                      
00003fa5  checkAnyCliff                  
00004007  checkBoundary                  
000040c9  WiFi_start                     
00004121  WiFi_stop                      
0000412f  WiFi_Check                     
00004147  _sendCommand                   
000041d5  uart_init                      
0000425d  uart_receive                   
00004283  uart_sendChar                  
000042d5  main                           
00004367  initialize                     
0000437b  wifiStart                      
0000438d  power_flash                    
000043d1  __aeabi_dmul                   
000044cd  ldexp                          
000044cd  ldexpl                         
000044cd  scalbn                         
000044cd  scalbnl                        
000045c9  adc_Read                       
000045dd  adc_init                       
00004689  sinf                           
0000472d  __aeabi_memcpy                 
0000472d  __aeabi_memcpy4                
0000472d  __aeabi_memcpy8                
0000472d  memcpy                         
000047c9  vsnprintf                      
00004851  __aeabi_cdcmpeq                
00004851  __aeabi_cdcmple                
000048d7  __aeabi_cdrcmple               
0000495d  __aeabi_memclr                 
0000495d  __aeabi_memclr4                
0000495d  __aeabi_memclr8                
0000495f  __aeabi_memset                 
0000495f  __aeabi_memset4                
0000495f  __aeabi_memset8                
00004965  memset                         
000049d7  controller_input               
00004a49  __TI_auto_init                 
00004ab9  __aeabi_d2f                    
00004b27  __TI_decompress_lzss           
00004b91  frexp                          
00004b91  frexpl                         
00004bf5  sprintf                        
00004c55  _c_int00                       
00004ca9  C$$EXIT                        
00004cad  abort                          
00004cb5  exit                           
00004cfd  ltoa                           
00004d51  atoi                           
00004d9d  copy_in                        
00004de9  play_songs                     
00004e31  __aeabi_d2iz                   
00004e79  move_servo                     
00004eb9  __aeabi_f2d                    
00004ef1  IntRegister                    
00004f25  __aeabi_i2d                    
00004f53  memccpy                        
00004f6f  oi_parseInt                    
00004f89  _args_main                     
00004fa1  strcmp                         
00004fb9  strchr                         
00004fd1  _register_unlock               
00004fd7  _register_lock                 
00004fdf  _nop                           
00004fe5  copysign                       
00004fe5  copysignl                      
00004ff9  strcpy                         
0000500d  strlen                         
00005021  IntMasterEnable                
00005031  lcd_clear                      
00005041  __TI_decompress_none           
0000504f  CPUcpsie                       
0000505b  __TI_zero_init                 
00005067  ResetISR                       
00005073  _system_pre_init               
00005078  _ctypes_                       
000051f8  __TI_Handler_Table_Base        
00005204  __TI_Handler_Table_Limit       
00005218  __TI_CINIT_Base                
00005230  __TI_CINIT_Limit               
20000000  g_pfnRAMVectors                
2000026c  __stack                        
2000046c  __STACK_TOP                    
20000a6c  __STACK_END                    
20000a70  _sys_memory                    
20000e70  numObjects                     
20000e74  angle1                         
20000e78  angle2                         
20000e7c  totalAngle                     
20000e80  sonarDis                       
20000e84  irDis                          
20000e88  firstDistance                  
20000e8c  totalDis                       
20000e90  pulse_period                   
20000e94  cyclesDetected                 
20000e98  linearWidth                    
20000e9c  STATE                          
20000e9d  command                        
20000e9e  feedback                       
20000eb0  rising_time                    
20000eb4  falling_time                   
20000eb8  difference                     
20000ebc  overflow                       
20000ec0  __TI_cleanup_ptr               
20000ec4  __TI_dtors_ptr                 
20000ec8  __TI_enable_exit_profile_output
20000ed8  _lock                          
20000edc  _unlock                        
20000ee0  errno                          
20000ee4  main_func_sp                   
20000f54  cycle                          
ffffffff  __TI_pprof_out_hndl            
ffffffff  __TI_prof_data_size            
ffffffff  __TI_prof_data_start           
ffffffff  __binit__                      
ffffffff  __c_args__                     
ffffffff  binit                          
UNDEFED   SHT$$INIT_ARRAY$$Base          
UNDEFED   SHT$$INIT_ARRAY$$Limit         

[195 symbols]
