******************************************************************************
                  TI ARM Linker PC v16.9.1                     
******************************************************************************
>> Linked Thu Oct 26 12:16:15 2017

OUTPUT FILE NAME:   <Lab 2.out>
ENTRY POINT SYMBOL: "_c_int00"  address: 000027e1


MEMORY CONFIGURATION

         name            origin    length      used     unused   attr    fill
----------------------  --------  ---------  --------  --------  ----  --------
  FLASH                 00000000   00040000  00002c53  0003d3ad  R  X
  SRAM                  20000000   00008000  00001072  00006f8e  RW X


SEGMENT ALLOCATION MAP

run origin  load origin   length   init length attrs members
----------  ----------- ---------- ----------- ----- -------
00000000    00000000    00002c58   00002c58    r-x
  00000000    00000000    0000026c   0000026c    r-- .intvecs
  0000026c    0000026c    000028a6   000028a6    r-x .text
  00002b12    00002b12    00000109   00000109    r-- .const
  00002c20    00002c20    00000038   00000038    r-- .cinit
20000000    20000000    00001075   00000000    rw-
  20000000    20000000    00001000   00000000    rw- .stack
  20001000    20001000    00000055   00000000    rw- .bss
  20001058    20001058    0000001d   00000000    rw- .data


SECTION ALLOCATION MAP

 output                                  attributes/
section   page    origin      length       input sections
--------  ----  ----------  ----------   ----------------
.intvecs   0    00000000    0000026c     
                  00000000    0000026c     tm4c123gh6pm_startup_ccs.obj (.intvecs)

.text      0    0000026c    000028a6     
                  0000026c    0000113e     rtsv7M4_T_le_v4SPD16_eabi.lib : _printfi.obj (.text)
                  000013aa    00000002                                   : mpu_init.obj (.text)
                  000013ac    000002ec     lcd.obj (.text)
                  00001698    00000204     main.obj (.text)
                  0000189c    000001f4     rtsv7M4_T_le_v4SPD16_eabi.lib : ull_div_t2.obj (.text)
                  00001a90    000001c8     servo.obj (.text)
                  00001c58    000001b6     rtsv7M4_T_le_v4SPD16_eabi.lib : fd_add_t2.obj (.text)
                  00001e0e    00000002                                   : startup.obj (.text)
                  00001e10    00000158     timer.obj (.text)
                  00001f68    00000136     rtsv7M4_T_le_v4SPD16_eabi.lib : fd_div_t2.obj (.text)
                  0000209e    000000fc                                   : fd_mul_t2.obj (.text)
                  0000219a    00000002     --HOLE-- [fill = 0]
                  0000219c    000000fc                                   : s_scalbn.obj (.text)
                  00002298    000000f0     button.obj (.text)
                  00002388    0000009c     rtsv7M4_T_le_v4SPD16_eabi.lib : memcpy_t2.obj (.text)
                  00002424    00000088                                   : vsnprintf.obj (.text)
                  000024ac    00000086                                   : fd_cmp_t2.obj (.text:__aeabi_cdcmple)
                  00002532    00000086                                   : fd_cmp_t2.obj (.text:__aeabi_cdrcmple)
                  000025b8    0000007a                                   : memset_t2.obj (.text)
                  00002632    00000002     --HOLE-- [fill = 0]
                  00002634    00000070                                   : autoinit.obj (.text)
                  000026a4    0000006e                                   : fd_tos_t2.obj (.text)
                  00002712    00000068                                   : copy_decompress_lzss.obj (.text:decompress:lzss)
                  0000277a    00000002     --HOLE-- [fill = 0]
                  0000277c    00000064                                   : s_frexp.obj (.text)
                  000027e0    00000054                                   : boot.obj (.text)
                  00002834    00000054                                   : exit.obj (.text)
                  00002888    00000054                                   : ltoa.obj (.text)
                  000028dc    0000004c                                   : atoi.obj (.text)
                  00002928    0000004c                                   : cpy_tbl.obj (.text)
                  00002974    00000048                                   : fd_toi_t2.obj (.text)
                  000029bc    00000038                                   : fs_tod_t2.obj (.text)
                  000029f4    0000002e                                   : i_tofd_t2.obj (.text)
                  00002a22    0000001c                                   : memccpy.obj (.text)
                  00002a3e    00000002     --HOLE-- [fill = 0]
                  00002a40    00000018                                   : args_main.obj (.text)
                  00002a58    00000018                                   : strcmp.obj (.text)
                  00002a70    00000016                                   : strchr.obj (.text)
                  00002a86    00000002     --HOLE-- [fill = 0]
                  00002a88    00000014                                   : _lock.obj (.text)
                  00002a9c    00000014                                   : s_copysign.obj (.text)
                  00002ab0    00000014                                   : strcpy.obj (.text)
                  00002ac4    00000014                                   : strlen.obj (.text)
                  00002ad8    00000010     lcd.obj (.text:lcd_clear)
                  00002ae8    0000000e     rtsv7M4_T_le_v4SPD16_eabi.lib : copy_decompress_none.obj (.text:decompress:none)
                  00002af6    0000000c                                   : copy_zero_init.obj (.text:decompress:ZI)
                  00002b02    0000000c     tm4c123gh6pm_startup_ccs.obj (.text)
                  00002b0e    00000004     rtsv7M4_T_le_v4SPD16_eabi.lib : pre_init.obj (.text)

.const     0    00002b12    00000109     
                  00002b12    00000101     rtsv7M4_T_le_v4SPD16_eabi.lib : ctype.obj (.const:.string:_ctypes_)
                  00002c13    00000004     lcd.obj (.const:.string:lineAddress$1)
                  00002c17    00000004     lcd.obj (.const:.string:lineAddresses$2)

.cinit     0    00002c20    00000038     
                  00002c20    00000011     (.cinit..data.load) [load image, compression = lzss]
                  00002c31    00000003     --HOLE-- [fill = 0]
                  00002c34    0000000c     (__TI_handler_table)
                  00002c40    00000008     (.cinit..bss.load) [load image, compression = zero_init]
                  00002c48    00000010     (__TI_cinit_table)

.init_array 
*          0    00000000    00000000     UNINITIALIZED

.stack     0    20000000    00001000     UNINITIALIZED
                  20000000    00001000     --HOLE--

.bss       0    20001000    00000055     UNINITIALIZED
                  20001000    00000054     lcd.obj (.bss:lastbuffer$3)
                  20001054    00000001     (.common:_prevButton)

.data      0    20001058    0000001d     UNINITIALIZED
                  20001058    0000000c     rtsv7M4_T_le_v4SPD16_eabi.lib : exit.obj (.data:$O1$$)
                  20001064    00000008                                   : _lock.obj (.data:$O1$$)
                  2000106c    00000004                                   : errno.obj (.data)
                  20001070    00000004                                   : stkdepth_vars.obj (.data)
                  20001074    00000001     button.obj (.data)

MODULE SUMMARY

       Module                         code    ro data   rw data
       ------                         ----    -------   -------
    .\
       lcd.obj                        764     8         84     
       tm4c123gh6pm_startup_ccs.obj   12      620       0      
       main.obj                       516     0         0      
       servo.obj                      456     0         0      
       timer.obj                      344     0         0      
       button.obj                     240     0         2      
    +--+------------------------------+-------+---------+---------+
       Total:                         2332    628       86     
                                                               
    C:\ti\ccsv7\tools\compiler\ti-cgt-arm_16.9.1.LTS\lib\rtsv7M4_T_le_v4SPD16_eabi.lib
       _printfi.obj                   4414    0         0      
       ull_div_t2.obj                 500     0         0      
       fd_add_t2.obj                  438     0         0      
       fd_div_t2.obj                  310     0         0      
       fd_cmp_t2.obj                  268     0         0      
       ctype.obj                      0       257       0      
       fd_mul_t2.obj                  252     0         0      
       s_scalbn.obj                   252     0         0      
       memcpy_t2.obj                  156     0         0      
       vsnprintf.obj                  136     0         0      
       memset_t2.obj                  122     0         0      
       autoinit.obj                   112     0         0      
       fd_tos_t2.obj                  110     0         0      
       copy_decompress_lzss.obj       104     0         0      
       s_frexp.obj                    100     0         0      
       exit.obj                       84      0         12     
       boot.obj                       84      0         0      
       ltoa.obj                       84      0         0      
       atoi.obj                       76      0         0      
       cpy_tbl.obj                    76      0         0      
       fd_toi_t2.obj                  72      0         0      
       fs_tod_t2.obj                  56      0         0      
       i_tofd_t2.obj                  46      0         0      
       _lock.obj                      20      0         8      
       memccpy.obj                    28      0         0      
       args_main.obj                  24      0         0      
       strcmp.obj                     24      0         0      
       strchr.obj                     22      0         0      
       s_copysign.obj                 20      0         0      
       strcpy.obj                     20      0         0      
       strlen.obj                     20      0         0      
       copy_decompress_none.obj       14      0         0      
       copy_zero_init.obj             12      0         0      
       errno.obj                      0       0         4      
       pre_init.obj                   4       0         0      
       stkdepth_vars.obj              0       0         4      
       mpu_init.obj                   2       0         0      
       startup.obj                    2       0         0      
    +--+------------------------------+-------+---------+---------+
       Total:                         8064    257       28     
                                                               
       Stack:                         0       0         4096   
       Linker Generated:              0       53        0      
    +--+------------------------------+-------+---------+---------+
       Grand Total:                   10396   938       4210   


LINKER GENERATED COPY TABLES

__TI_cinit_table @ 00002c48 records: 2, size/record: 8, table size: 16
	.data: load addr=00002c20, load size=00000011 bytes, run addr=20001058, run size=0000001d bytes, compression=lzss
	.bss: load addr=00002c40, load size=00000008 bytes, run addr=20001000, run size=00000055 bytes, compression=zero_init


LINKER GENERATED HANDLER TABLE

__TI_handler_table @ 00002c34 records: 3, size/record: 4, table size: 12
	index: 0, handler: __TI_decompress_lzss
	index: 1, handler: __TI_decompress_none
	index: 2, handler: __TI_zero_init


GLOBAL SYMBOLS: SORTED ALPHABETICALLY BY Name 

address   name                           
-------   ----                           
00002835  C$$EXIT                        
00002b03  ResetISR                       
UNDEFED   SHT$$INIT_ARRAY$$Base          
UNDEFED   SHT$$INIT_ARRAY$$Limit         
20001000  __STACK_END                    
00001000  __STACK_SIZE                   
20000200  __STACK_TOP                    
00002c48  __TI_CINIT_Base                
00002c58  __TI_CINIT_Limit               
00002c34  __TI_Handler_Table_Base        
00002c40  __TI_Handler_Table_Limit       
00002635  __TI_auto_init                 
20001058  __TI_cleanup_ptr               
00002713  __TI_decompress_lzss           
00002ae9  __TI_decompress_none           
2000105c  __TI_dtors_ptr                 
20001060  __TI_enable_exit_profile_output
ffffffff  __TI_pprof_out_hndl            
00000ab1  __TI_printfi                   
ffffffff  __TI_prof_data_size            
ffffffff  __TI_prof_data_start           
00000000  __TI_static_base__             
00002af7  __TI_zero_init                 
000024ad  __aeabi_cdcmpeq                
000024ad  __aeabi_cdcmple                
00002533  __aeabi_cdrcmple               
000026a5  __aeabi_d2f                    
00002975  __aeabi_d2iz                   
00001c63  __aeabi_dadd                   
00001f69  __aeabi_ddiv                   
0000209f  __aeabi_dmul                   
00001c59  __aeabi_dsub                   
000029bd  __aeabi_f2d                    
000029f5  __aeabi_i2d                    
000025b9  __aeabi_memclr                 
000025b9  __aeabi_memclr4                
000025b9  __aeabi_memclr8                
00002389  __aeabi_memcpy                 
00002389  __aeabi_memcpy4                
00002389  __aeabi_memcpy8                
000025bb  __aeabi_memset                 
000025bb  __aeabi_memset4                
000025bb  __aeabi_memset8                
0000189d  __aeabi_uldivmod               
ffffffff  __binit__                      
ffffffff  __c_args__                     
000013ab  __mpu_init                     
20000000  __stack                        
00002a41  _args_main                     
000027e1  _c_int00                       
00002b12  _ctypes_                       
20001064  _lock                          
00002a97  _nop                           
20001054  _prevButton                    
00002a8f  _register_lock                 
00002a89  _register_unlock               
00001e0f  _system_post_cinit             
00002b0f  _system_pre_init               
20001068  _unlock                        
00002839  abort                          
000028dd  atoi                           
ffffffff  binit                          
000022c5  button_checkButtons            
000022cf  button_getButton               
0000231b  button_getButtonBlocking       
0000232f  button_getButtonChange         
00002359  button_getButtonChangeBlocking 
00002299  button_init                    
00001ac5  clock_timer_init               
00002929  copy_in                        
00002a9d  copysign                       
00002a9d  copysignl                      
2000106c  errno                          
00002841  exit                           
0000277d  frexp                          
0000277d  frexpl                         
00000000  g_pfnVectors                   
00001a91  init_PortB                     
00002ad9  lcd_clear                      
00001545  lcd_gotoLine                   
000013ad  lcd_init                       
000015ab  lcd_printf                     
0000146d  lcd_putc                       
000014a5  lcd_puts                       
000014c3  lcd_sendCommand                
00001501  lcd_sendNibble                 
0000156d  lcd_setCursorPos               
0000219d  ldexp                          
0000219d  ldexpl                         
00002889  ltoa                           
00001699  main                           
20001070  main_func_sp                   
00002a23  memccpy                        
00002389  memcpy                         
000025c1  memset                         
00001b5f  move_servo                     
00001bf3  move_servo2                    
0000219d  scalbn                         
0000219d  scalbnl                        
00001b8f  setPeriod                      
00002a71  strchr                         
00002a59  strcmp                         
00002ab1  strcpy                         
00002ac5  strlen                         
00001f21  timer_getClock                 
00001ed5  timer_startClock               
00001e6f  timer_startTimer               
00001f27  timer_stopClock                
00001ebf  timer_stopTimer                
00001e45  timer_waitMicros               
00001e11  timer_waitMillis               
00002425  vsnprintf                      


GLOBAL SYMBOLS: SORTED BY Symbol Address 

address   name                           
-------   ----                           
00000000  __TI_static_base__             
00000000  g_pfnVectors                   
00000ab1  __TI_printfi                   
00001000  __STACK_SIZE                   
000013ab  __mpu_init                     
000013ad  lcd_init                       
0000146d  lcd_putc                       
000014a5  lcd_puts                       
000014c3  lcd_sendCommand                
00001501  lcd_sendNibble                 
00001545  lcd_gotoLine                   
0000156d  lcd_setCursorPos               
000015ab  lcd_printf                     
00001699  main                           
0000189d  __aeabi_uldivmod               
00001a91  init_PortB                     
00001ac5  clock_timer_init               
00001b5f  move_servo                     
00001b8f  setPeriod                      
00001bf3  move_servo2                    
00001c59  __aeabi_dsub                   
00001c63  __aeabi_dadd                   
00001e0f  _system_post_cinit             
00001e11  timer_waitMillis               
00001e45  timer_waitMicros               
00001e6f  timer_startTimer               
00001ebf  timer_stopTimer                
00001ed5  timer_startClock               
00001f21  timer_getClock                 
00001f27  timer_stopClock                
00001f69  __aeabi_ddiv                   
0000209f  __aeabi_dmul                   
0000219d  ldexp                          
0000219d  ldexpl                         
0000219d  scalbn                         
0000219d  scalbnl                        
00002299  button_init                    
000022c5  button_checkButtons            
000022cf  button_getButton               
0000231b  button_getButtonBlocking       
0000232f  button_getButtonChange         
00002359  button_getButtonChangeBlocking 
00002389  __aeabi_memcpy                 
00002389  __aeabi_memcpy4                
00002389  __aeabi_memcpy8                
00002389  memcpy                         
00002425  vsnprintf                      
000024ad  __aeabi_cdcmpeq                
000024ad  __aeabi_cdcmple                
00002533  __aeabi_cdrcmple               
000025b9  __aeabi_memclr                 
000025b9  __aeabi_memclr4                
000025b9  __aeabi_memclr8                
000025bb  __aeabi_memset                 
000025bb  __aeabi_memset4                
000025bb  __aeabi_memset8                
000025c1  memset                         
00002635  __TI_auto_init                 
000026a5  __aeabi_d2f                    
00002713  __TI_decompress_lzss           
0000277d  frexp                          
0000277d  frexpl                         
000027e1  _c_int00                       
00002835  C$$EXIT                        
00002839  abort                          
00002841  exit                           
00002889  ltoa                           
000028dd  atoi                           
00002929  copy_in                        
00002975  __aeabi_d2iz                   
000029bd  __aeabi_f2d                    
000029f5  __aeabi_i2d                    
00002a23  memccpy                        
00002a41  _args_main                     
00002a59  strcmp                         
00002a71  strchr                         
00002a89  _register_unlock               
00002a8f  _register_lock                 
00002a97  _nop                           
00002a9d  copysign                       
00002a9d  copysignl                      
00002ab1  strcpy                         
00002ac5  strlen                         
00002ad9  lcd_clear                      
00002ae9  __TI_decompress_none           
00002af7  __TI_zero_init                 
00002b03  ResetISR                       
00002b0f  _system_pre_init               
00002b12  _ctypes_                       
00002c34  __TI_Handler_Table_Base        
00002c40  __TI_Handler_Table_Limit       
00002c48  __TI_CINIT_Base                
00002c58  __TI_CINIT_Limit               
20000000  __stack                        
20000200  __STACK_TOP                    
20001000  __STACK_END                    
20001054  _prevButton                    
20001058  __TI_cleanup_ptr               
2000105c  __TI_dtors_ptr                 
20001060  __TI_enable_exit_profile_output
20001064  _lock                          
20001068  _unlock                        
2000106c  errno                          
20001070  main_func_sp                   
ffffffff  __TI_pprof_out_hndl            
ffffffff  __TI_prof_data_size            
ffffffff  __TI_prof_data_start           
ffffffff  __binit__                      
ffffffff  __c_args__                     
ffffffff  binit                          
UNDEFED   SHT$$INIT_ARRAY$$Base          
UNDEFED   SHT$$INIT_ARRAY$$Limit         

[112 symbols]
