******************************************************************************
                  TI ARM Linker PC v16.9.1                     
******************************************************************************
>> Linked Thu Oct 19 12:01:13 2017

OUTPUT FILE NAME:   <Lab 2.out>
ENTRY POINT SYMBOL: "_c_int00"  address: 0000258d


MEMORY CONFIGURATION

         name            origin    length      used     unused   attr    fill
----------------------  --------  ---------  --------  --------  ----  --------
  FLASH                 00000000   00040000  00002a5f  0003d5a1  R  X
  SRAM                  20000000   00008000  00000aed  00007513  RW X


SEGMENT ALLOCATION MAP

run origin  load origin   length   init length attrs members
----------  ----------- ---------- ----------- ----- -------
00000000    00000000    00002a60   00002a60    r-x
  00000000    00000000    0000026c   0000026c    r-- .intvecs
  0000026c    0000026c    000026a2   000026a2    r-x .text
  0000290e    0000290e    00000109   00000109    r-- .const
  00002a18    00002a18    00000048   00000048    r-- .cinit
20000000    20000000    00000af0   00000000    rw-
  20000000    20000000    0000026c   00000000    rw- .vtable
  2000026c    2000026c    00000800   00000000    rw- .stack
  20000a6c    20000a6c    00000055   00000000    rw- .bss
  20000ac4    20000ac4    0000002c   00000000    rw- .data


SECTION ALLOCATION MAP

 output                                  attributes/
section   page    origin      length       input sections
--------  ----  ----------  ----------   ----------------
.intvecs   0    00000000    0000026c     
                  00000000    0000026c     tm4c123gh6pm_startup_ccs.obj (.intvecs)

.text      0    0000026c    000026a2     
                  0000026c    0000113e     rtsv7M4_T_le_v4SPD16_eabi.lib : _printfi.obj (.text)
                  000013aa    00000002                                   : mpu_init.obj (.text)
                  000013ac    000002ec     lcd.obj (.text)
                  00001698    00000268     main.obj (.text)
                  00001900    000001f4     rtsv7M4_T_le_v4SPD16_eabi.lib : ull_div_t2.obj (.text)
                  00001af4    000001b6                                   : fd_add_t2.obj (.text)
                  00001caa    00000002                                   : startup.obj (.text)
                  00001cac    00000158     timer.obj (.text)
                  00001e04    00000136     rtsv7M4_T_le_v4SPD16_eabi.lib : fd_div_t2.obj (.text)
                  00001f3a    000000fc                                   : fd_mul_t2.obj (.text)
                  00002036    00000002     --HOLE-- [fill = 0]
                  00002038    000000fc                                   : s_scalbn.obj (.text)
                  00002134    0000009c                                   : memcpy_t2.obj (.text)
                  000021d0    00000088                                   : vsnprintf.obj (.text)
                  00002258    00000086                                   : fd_cmp_t2.obj (.text:__aeabi_cdcmple)
                  000022de    00000086                                   : fd_cmp_t2.obj (.text:__aeabi_cdrcmple)
                  00002364    0000007a                                   : memset_t2.obj (.text)
                  000023de    00000002     --HOLE-- [fill = 0]
                  000023e0    00000070                                   : autoinit.obj (.text)
                  00002450    0000006e                                   : fd_tos_t2.obj (.text)
                  000024be    00000068                                   : copy_decompress_lzss.obj (.text:decompress:lzss)
                  00002526    00000002     --HOLE-- [fill = 0]
                  00002528    00000064                                   : s_frexp.obj (.text)
                  0000258c    00000054                                   : boot.obj (.text)
                  000025e0    00000054                                   : exit.obj (.text)
                  00002634    00000054                                   : ltoa.obj (.text)
                  00002688    0000004c                                   : atoi.obj (.text)
                  000026d4    0000004c                                   : cpy_tbl.obj (.text)
                  00002720    00000048                                   : fd_toi_t2.obj (.text)
                  00002768    00000038                                   : fs_tod_t2.obj (.text)
                  000027a0    00000034     driverlib.lib : interrupt.obj (.text:IntRegister)
                  000027d4    0000002e     rtsv7M4_T_le_v4SPD16_eabi.lib : i_tofd_t2.obj (.text)
                  00002802    0000001c                                   : memccpy.obj (.text)
                  0000281e    00000002     --HOLE-- [fill = 0]
                  00002820    00000018                                   : args_main.obj (.text)
                  00002838    00000018                                   : strcmp.obj (.text)
                  00002850    00000016                                   : strchr.obj (.text)
                  00002866    00000002     --HOLE-- [fill = 0]
                  00002868    00000014                                   : _lock.obj (.text)
                  0000287c    00000014                                   : s_copysign.obj (.text)
                  00002890    00000014                                   : strcpy.obj (.text)
                  000028a4    00000014                                   : strlen.obj (.text)
                  000028b8    00000010     driverlib.lib : interrupt.obj (.text:IntMasterEnable)
                  000028c8    00000010     lcd.obj (.text:lcd_clear)
                  000028d8    0000000e     rtsv7M4_T_le_v4SPD16_eabi.lib : copy_decompress_none.obj (.text:decompress:none)
                  000028e6    0000000c     driverlib.lib : cpu.obj (.text:CPUcpsie)
                  000028f2    0000000c     rtsv7M4_T_le_v4SPD16_eabi.lib : copy_zero_init.obj (.text:decompress:ZI)
                  000028fe    0000000c     tm4c123gh6pm_startup_ccs.obj (.text)
                  0000290a    00000004     rtsv7M4_T_le_v4SPD16_eabi.lib : pre_init.obj (.text)

.const     0    0000290e    00000109     
                  0000290e    00000101     rtsv7M4_T_le_v4SPD16_eabi.lib : ctype.obj (.const:.string:_ctypes_)
                  00002a0f    00000004     lcd.obj (.const:.string:lineAddress$1)
                  00002a13    00000004     lcd.obj (.const:.string:lineAddresses$2)

.cinit     0    00002a18    00000048     
                  00002a18    00000012     (.cinit..data.load) [load image, compression = lzss]
                  00002a2a    00000002     --HOLE-- [fill = 0]
                  00002a2c    0000000c     (__TI_handler_table)
                  00002a38    00000008     (.cinit..bss.load) [load image, compression = zero_init]
                  00002a40    00000008     (.cinit..vtable.load) [load image, compression = zero_init]
                  00002a48    00000018     (__TI_cinit_table)

.init_array 
*          0    00000000    00000000     UNINITIALIZED

.vtable    0    20000000    0000026c     UNINITIALIZED
                  20000000    0000026c     driverlib.lib : interrupt.obj (.vtable)

.stack     0    2000026c    00000800     UNINITIALIZED
                  2000026c    00000800     --HOLE--

.bss       0    20000a6c    00000055     UNINITIALIZED
                  20000a6c    00000054     lcd.obj (.bss:lastbuffer$3)
                  20000ac0    00000001     (.common:cycle)

.data      0    20000ac4    0000002c     UNINITIALIZED
                  20000ac4    00000010     main.obj (.data)
                  20000ad4    0000000c     rtsv7M4_T_le_v4SPD16_eabi.lib : exit.obj (.data:$O1$$)
                  20000ae0    00000008                                   : _lock.obj (.data:$O1$$)
                  20000ae8    00000004                                   : errno.obj (.data)
                  20000aec    00000004                                   : stkdepth_vars.obj (.data)

MODULE SUMMARY

       Module                         code   ro data   rw data
       ------                         ----   -------   -------
    .\
       lcd.obj                        764    8         84     
       main.obj                       616    0         17     
       tm4c123gh6pm_startup_ccs.obj   12     620       0      
       timer.obj                      344    0         0      
    +--+------------------------------+------+---------+---------+
       Total:                         1736   628       101    
                                                              
    C:/ti/TivaWare_C_Series-2.1.2.111/driverlib/ccs/Debug/driverlib.lib
       interrupt.obj                  68     0         620    
       cpu.obj                        12     0         0      
    +--+------------------------------+------+---------+---------+
       Total:                         80     0         620    
                                                              
    C:\ti\ccsv7\tools\compiler\ti-cgt-arm_16.9.1.LTS\lib\rtsv7M4_T_le_v4SPD16_eabi.lib
       _printfi.obj                   4414   0         0      
       ull_div_t2.obj                 500    0         0      
       fd_add_t2.obj                  438    0         0      
       fd_div_t2.obj                  310    0         0      
       fd_cmp_t2.obj                  268    0         0      
       ctype.obj                      0      257       0      
       fd_mul_t2.obj                  252    0         0      
       s_scalbn.obj                   252    0         0      
       memcpy_t2.obj                  156    0         0      
       vsnprintf.obj                  136    0         0      
       memset_t2.obj                  122    0         0      
       autoinit.obj                   112    0         0      
       fd_tos_t2.obj                  110    0         0      
       copy_decompress_lzss.obj       104    0         0      
       s_frexp.obj                    100    0         0      
       exit.obj                       84     0         12     
       boot.obj                       84     0         0      
       ltoa.obj                       84     0         0      
       atoi.obj                       76     0         0      
       cpy_tbl.obj                    76     0         0      
       fd_toi_t2.obj                  72     0         0      
       fs_tod_t2.obj                  56     0         0      
       i_tofd_t2.obj                  46     0         0      
       _lock.obj                      20     0         8      
       memccpy.obj                    28     0         0      
       args_main.obj                  24     0         0      
       strcmp.obj                     24     0         0      
       strchr.obj                     22     0         0      
       s_copysign.obj                 20     0         0      
       strcpy.obj                     20     0         0      
       strlen.obj                     20     0         0      
       copy_decompress_none.obj       14     0         0      
       copy_zero_init.obj             12     0         0      
       errno.obj                      0      0         4      
       pre_init.obj                   4      0         0      
       stkdepth_vars.obj              0      0         4      
       mpu_init.obj                   2      0         0      
       startup.obj                    2      0         0      
    +--+------------------------------+------+---------+---------+
       Total:                         8064   257       28     
                                                              
       Stack:                         0      0         2048   
       Linker Generated:              0      70        0      
    +--+------------------------------+------+---------+---------+
       Grand Total:                   9880   955       2797   


LINKER GENERATED COPY TABLES

__TI_cinit_table @ 00002a48 records: 3, size/record: 8, table size: 24
	.data: load addr=00002a18, load size=00000012 bytes, run addr=20000ac4, run size=0000002c bytes, compression=lzss
	.bss: load addr=00002a38, load size=00000008 bytes, run addr=20000a6c, run size=00000055 bytes, compression=zero_init
	.vtable: load addr=00002a40, load size=00000008 bytes, run addr=20000000, run size=0000026c bytes, compression=zero_init


LINKER GENERATED HANDLER TABLE

__TI_handler_table @ 00002a2c records: 3, size/record: 4, table size: 12
	index: 0, handler: __TI_zero_init
	index: 1, handler: __TI_decompress_lzss
	index: 2, handler: __TI_decompress_none


GLOBAL SYMBOLS: SORTED ALPHABETICALLY BY Name 

address   name                           
-------   ----                           
000025e1  C$$EXIT                        
000028e7  CPUcpsie                       
000028b9  IntMasterEnable                
000027a1  IntRegister                    
000028ff  ResetISR                       
UNDEFED   SHT$$INIT_ARRAY$$Base          
UNDEFED   SHT$$INIT_ARRAY$$Limit         
0000177d  TIMER3B_Handler                
20000a6c  __STACK_END                    
00000800  __STACK_SIZE                   
2000046c  __STACK_TOP                    
00002a48  __TI_CINIT_Base                
00002a60  __TI_CINIT_Limit               
00002a2c  __TI_Handler_Table_Base        
00002a38  __TI_Handler_Table_Limit       
000023e1  __TI_auto_init                 
20000ad4  __TI_cleanup_ptr               
000024bf  __TI_decompress_lzss           
000028d9  __TI_decompress_none           
20000ad8  __TI_dtors_ptr                 
20000adc  __TI_enable_exit_profile_output
ffffffff  __TI_pprof_out_hndl            
00000ab1  __TI_printfi                   
ffffffff  __TI_prof_data_size            
ffffffff  __TI_prof_data_start           
00000000  __TI_static_base__             
000028f3  __TI_zero_init                 
00002259  __aeabi_cdcmpeq                
00002259  __aeabi_cdcmple                
000022df  __aeabi_cdrcmple               
00002451  __aeabi_d2f                    
00002721  __aeabi_d2iz                   
00001aff  __aeabi_dadd                   
00001e05  __aeabi_ddiv                   
00001f3b  __aeabi_dmul                   
00001af5  __aeabi_dsub                   
00002769  __aeabi_f2d                    
000027d5  __aeabi_i2d                    
00002365  __aeabi_memclr                 
00002365  __aeabi_memclr4                
00002365  __aeabi_memclr8                
00002135  __aeabi_memcpy                 
00002135  __aeabi_memcpy4                
00002135  __aeabi_memcpy8                
00002367  __aeabi_memset                 
00002367  __aeabi_memset4                
00002367  __aeabi_memset8                
00001901  __aeabi_uldivmod               
ffffffff  __binit__                      
ffffffff  __c_args__                     
000013ab  __mpu_init                     
2000026c  __stack                        
00002821  _args_main                     
0000258d  _c_int00                       
0000290e  _ctypes_                       
20000ae0  _lock                          
00002877  _nop                           
0000286f  _register_lock                 
00002869  _register_unlock               
00001cab  _system_post_cinit             
0000290b  _system_pre_init               
20000ae4  _unlock                        
000025e5  abort                          
00002689  atoi                           
ffffffff  binit                          
000016f3  clock_timer_init               
000026d5  copy_in                        
0000287d  copysign                       
0000287d  copysignl                      
20000ac0  cycle                          
20000acc  difference                     
20000ae8  errno                          
000025ed  exit                           
20000ac8  falling_time                   
00002529  frexp                          
00002529  frexpl                         
20000000  g_pfnRAMVectors                
00000000  g_pfnVectors                   
000016d3  init_PortB                     
000028c9  lcd_clear                      
00001545  lcd_gotoLine                   
000013ad  lcd_init                       
000015ab  lcd_printf                     
0000146d  lcd_putc                       
000014a5  lcd_puts                       
000014c3  lcd_sendCommand                
00001501  lcd_sendNibble                 
0000156d  lcd_setCursorPos               
00002039  ldexp                          
00002039  ldexpl                         
00002635  ltoa                           
00001699  main                           
20000aec  main_func_sp                   
00002803  memccpy                        
00002135  memcpy                         
0000236d  memset                         
20000ad0  overflow                       
000017fb  ping_read                      
20000ac4  rising_time                    
00002039  scalbn                         
00002039  scalbnl                        
000017b5  send_pulse                     
00002851  strchr                         
00002839  strcmp                         
00002891  strcpy                         
000028a5  strlen                         
00001dbd  timer_getClock                 
00001d71  timer_startClock               
00001d0b  timer_startTimer               
00001dc3  timer_stopClock                
00001d5b  timer_stopTimer                
00001ce1  timer_waitMicros               
00001cad  timer_waitMillis               
000021d1  vsnprintf                      


GLOBAL SYMBOLS: SORTED BY Symbol Address 

address   name                           
-------   ----                           
00000000  __TI_static_base__             
00000000  g_pfnVectors                   
00000800  __STACK_SIZE                   
00000ab1  __TI_printfi                   
000013ab  __mpu_init                     
000013ad  lcd_init                       
0000146d  lcd_putc                       
000014a5  lcd_puts                       
000014c3  lcd_sendCommand                
00001501  lcd_sendNibble                 
00001545  lcd_gotoLine                   
0000156d  lcd_setCursorPos               
000015ab  lcd_printf                     
00001699  main                           
000016d3  init_PortB                     
000016f3  clock_timer_init               
0000177d  TIMER3B_Handler                
000017b5  send_pulse                     
000017fb  ping_read                      
00001901  __aeabi_uldivmod               
00001af5  __aeabi_dsub                   
00001aff  __aeabi_dadd                   
00001cab  _system_post_cinit             
00001cad  timer_waitMillis               
00001ce1  timer_waitMicros               
00001d0b  timer_startTimer               
00001d5b  timer_stopTimer                
00001d71  timer_startClock               
00001dbd  timer_getClock                 
00001dc3  timer_stopClock                
00001e05  __aeabi_ddiv                   
00001f3b  __aeabi_dmul                   
00002039  ldexp                          
00002039  ldexpl                         
00002039  scalbn                         
00002039  scalbnl                        
00002135  __aeabi_memcpy                 
00002135  __aeabi_memcpy4                
00002135  __aeabi_memcpy8                
00002135  memcpy                         
000021d1  vsnprintf                      
00002259  __aeabi_cdcmpeq                
00002259  __aeabi_cdcmple                
000022df  __aeabi_cdrcmple               
00002365  __aeabi_memclr                 
00002365  __aeabi_memclr4                
00002365  __aeabi_memclr8                
00002367  __aeabi_memset                 
00002367  __aeabi_memset4                
00002367  __aeabi_memset8                
0000236d  memset                         
000023e1  __TI_auto_init                 
00002451  __aeabi_d2f                    
000024bf  __TI_decompress_lzss           
00002529  frexp                          
00002529  frexpl                         
0000258d  _c_int00                       
000025e1  C$$EXIT                        
000025e5  abort                          
000025ed  exit                           
00002635  ltoa                           
00002689  atoi                           
000026d5  copy_in                        
00002721  __aeabi_d2iz                   
00002769  __aeabi_f2d                    
000027a1  IntRegister                    
000027d5  __aeabi_i2d                    
00002803  memccpy                        
00002821  _args_main                     
00002839  strcmp                         
00002851  strchr                         
00002869  _register_unlock               
0000286f  _register_lock                 
00002877  _nop                           
0000287d  copysign                       
0000287d  copysignl                      
00002891  strcpy                         
000028a5  strlen                         
000028b9  IntMasterEnable                
000028c9  lcd_clear                      
000028d9  __TI_decompress_none           
000028e7  CPUcpsie                       
000028f3  __TI_zero_init                 
000028ff  ResetISR                       
0000290b  _system_pre_init               
0000290e  _ctypes_                       
00002a2c  __TI_Handler_Table_Base        
00002a38  __TI_Handler_Table_Limit       
00002a48  __TI_CINIT_Base                
00002a60  __TI_CINIT_Limit               
20000000  g_pfnRAMVectors                
2000026c  __stack                        
2000046c  __STACK_TOP                    
20000a6c  __STACK_END                    
20000ac0  cycle                          
20000ac4  rising_time                    
20000ac8  falling_time                   
20000acc  difference                     
20000ad0  overflow                       
20000ad4  __TI_cleanup_ptr               
20000ad8  __TI_dtors_ptr                 
20000adc  __TI_enable_exit_profile_output
20000ae0  _lock                          
20000ae4  _unlock                        
20000ae8  errno                          
20000aec  main_func_sp                   
ffffffff  __TI_pprof_out_hndl            
ffffffff  __TI_prof_data_size            
ffffffff  __TI_prof_data_start           
ffffffff  __binit__                      
ffffffff  __c_args__                     
ffffffff  binit                          
UNDEFED   SHT$$INIT_ARRAY$$Base          
UNDEFED   SHT$$INIT_ARRAY$$Limit         

[114 symbols]
