******************************************************************************
                  TI ARM Linker PC v16.9.1                     
******************************************************************************
>> Linked Thu Sep 21 12:08:40 2017

OUTPUT FILE NAME:   <Lab 2.out>
ENTRY POINT SYMBOL: "_c_int00"  address: 000025e5


MEMORY CONFIGURATION

         name            origin    length      used     unused   attr    fill
----------------------  --------  ---------  --------  --------  ----  --------
  FLASH                 00000000   00040000  00002a1f  0003d5e1  R  X
  SRAM                  20000000   00008000  00000874  0000778c  RW X


SEGMENT ALLOCATION MAP

run origin  load origin   length   init length attrs members
----------  ----------- ---------- ----------- ----- -------
00000000    00000000    00002a20   00002a20    r-x
  00000000    00000000    0000026c   0000026c    r-- .intvecs
  0000026c    0000026c    00002672   00002672    r-x .text
  000028de    000028de    00000109   00000109    r-- .const
  000029e8    000029e8    00000038   00000038    r-- .cinit
20000000    20000000    00000877   00000000    rw-
  20000000    20000000    00000800   00000000    rw- .stack
  20000800    20000800    00000055   00000000    rw- .bss
  20000858    20000858    0000001f   00000000    rw- .data


SECTION ALLOCATION MAP

 output                                  attributes/
section   page    origin      length       input sections
--------  ----  ----------  ----------   ----------------
.intvecs   0    00000000    0000026c     
                  00000000    0000026c     tm4c123gh6pm_startup_ccs.obj (.intvecs)

.text      0    0000026c    00002672     
                  0000026c    0000113e     rtsv7M4_T_le_v4SPD16_eabi.lib : _printfi.obj (.text)
                  000013aa    00000002                                   : mpu_init.obj (.text)
                  000013ac    00000334     lcd_stepper.obj (.text)
                  000016e0    000001f8     lab3_template.obj (.text)
                  000018d8    000001f4     rtsv7M4_T_le_v4SPD16_eabi.lib : ull_div_t2.obj (.text)
                  00001acc    000001b6                                   : fd_add_t2.obj (.text)
                  00001c82    00000002                                   : startup.obj (.text)
                  00001c84    00000158     Timer.obj (.text)
                  00001ddc    00000136     rtsv7M4_T_le_v4SPD16_eabi.lib : fd_div_t2.obj (.text)
                  00001f12    000000fc                                   : fd_mul_t2.obj (.text)
                  0000200e    00000002     --HOLE-- [fill = 0]
                  00002010    000000fc                                   : s_scalbn.obj (.text)
                  0000210c    000000f0     button.obj (.text)
                  000021fc    0000009c     rtsv7M4_T_le_v4SPD16_eabi.lib : memcpy_t2.obj (.text)
                  00002298    00000088                                   : vsnprintf.obj (.text)
                  00002320    00000086                                   : fd_cmp_t2.obj (.text:__aeabi_cdcmple)
                  000023a6    00000086                                   : fd_cmp_t2.obj (.text:__aeabi_cdrcmple)
                  0000242c    0000007a                                   : memset_t2.obj (.text)
                  000024a6    00000002     --HOLE-- [fill = 0]
                  000024a8    00000070                                   : autoinit.obj (.text)
                  00002518    00000068                                   : copy_decompress_lzss.obj (.text:decompress:lzss)
                  00002580    00000064                                   : s_frexp.obj (.text)
                  000025e4    00000054                                   : boot.obj (.text)
                  00002638    00000054                                   : exit.obj (.text)
                  0000268c    00000054                                   : ltoa.obj (.text)
                  000026e0    0000004c                                   : atoi.obj (.text)
                  0000272c    0000004c                                   : cpy_tbl.obj (.text)
                  00002778    00000048                                   : fd_toi_t2.obj (.text)
                  000027c0    0000002e                                   : i_tofd_t2.obj (.text)
                  000027ee    0000001c                                   : memccpy.obj (.text)
                  0000280a    00000002     --HOLE-- [fill = 0]
                  0000280c    00000018                                   : args_main.obj (.text)
                  00002824    00000018                                   : strcmp.obj (.text)
                  0000283c    00000016                                   : strchr.obj (.text)
                  00002852    00000002     --HOLE-- [fill = 0]
                  00002854    00000014                                   : _lock.obj (.text)
                  00002868    00000014                                   : s_copysign.obj (.text)
                  0000287c    00000014                                   : strcpy.obj (.text)
                  00002890    00000014                                   : strlen.obj (.text)
                  000028a4    00000010     lcd_stepper.obj (.text:lcd_clear)
                  000028b4    0000000e     rtsv7M4_T_le_v4SPD16_eabi.lib : copy_decompress_none.obj (.text:decompress:none)
                  000028c2    0000000c                                   : copy_zero_init.obj (.text:decompress:ZI)
                  000028ce    0000000c     tm4c123gh6pm_startup_ccs.obj (.text)
                  000028da    00000004     rtsv7M4_T_le_v4SPD16_eabi.lib : pre_init.obj (.text)

.const     0    000028de    00000109     
                  000028de    00000101     rtsv7M4_T_le_v4SPD16_eabi.lib : ctype.obj (.const:.string:_ctypes_)
                  000029df    00000004     lcd_stepper.obj (.const:.string:lineAddress$1)
                  000029e3    00000004     lcd_stepper.obj (.const:.string:lineAddresses$2)

.cinit     0    000029e8    00000038     
                  000029e8    00000014     (.cinit..data.load) [load image, compression = lzss]
                  000029fc    0000000c     (__TI_handler_table)
                  00002a08    00000008     (.cinit..bss.load) [load image, compression = zero_init]
                  00002a10    00000010     (__TI_cinit_table)

.init_array 
*          0    00000000    00000000     UNINITIALIZED

.stack     0    20000000    00000800     UNINITIALIZED
                  20000000    00000800     --HOLE--

.bss       0    20000800    00000055     UNINITIALIZED
                  20000800    00000054     lcd_stepper.obj (.bss:lastbuffer$3)
                  20000854    00000001     (.common:_prevButton)

.data      0    20000858    0000001f     UNINITIALIZED
                  20000858    0000000c     rtsv7M4_T_le_v4SPD16_eabi.lib : exit.obj (.data:$O1$$)
                  20000864    00000008                                   : _lock.obj (.data:$O1$$)
                  2000086c    00000004                                   : errno.obj (.data)
                  20000870    00000004                                   : stkdepth_vars.obj (.data)
                  20000874    00000002     lab3_template.obj (.data)
                  20000876    00000001     button.obj (.data)

MODULE SUMMARY

       Module                         code   ro data   rw data
       ------                         ----   -------   -------
    .\
       lcd_stepper.obj                836    8         84     
       tm4c123gh6pm_startup_ccs.obj   12     620       0      
       lab3_template.obj              504    0         2      
       Timer.obj                      344    0         0      
       button.obj                     240    0         2      
    +--+------------------------------+------+---------+---------+
       Total:                         1936   628       88     
                                                              
    C:\ti\ccsv7\tools\compiler\ti-cgt-arm_16.9.1.LTS\lib\rtsv7M4_T_le_v4SPD16_eabi.lib
       _printfi.obj                   4414   0         0      
       ull_div_t2.obj                 500    0         0      
       fd_add_t2.obj                  438    0         0      
       fd_div_t2.obj                  310    0         0      
       fd_cmp_t2.obj                  268    0         0      
       ctype.obj                      0      257       0      
       fd_mul_t2.obj                  252    0         0      
       s_scalbn.obj                   252    0         0      
       memcpy_t2.obj                  156    0         0      
       vsnprintf.obj                  136    0         0      
       memset_t2.obj                  122    0         0      
       autoinit.obj                   112    0         0      
       copy_decompress_lzss.obj       104    0         0      
       s_frexp.obj                    100    0         0      
       exit.obj                       84     0         12     
       boot.obj                       84     0         0      
       ltoa.obj                       84     0         0      
       atoi.obj                       76     0         0      
       cpy_tbl.obj                    76     0         0      
       fd_toi_t2.obj                  72     0         0      
       i_tofd_t2.obj                  46     0         0      
       _lock.obj                      20     0         8      
       memccpy.obj                    28     0         0      
       args_main.obj                  24     0         0      
       strcmp.obj                     24     0         0      
       strchr.obj                     22     0         0      
       s_copysign.obj                 20     0         0      
       strcpy.obj                     20     0         0      
       strlen.obj                     20     0         0      
       copy_decompress_none.obj       14     0         0      
       copy_zero_init.obj             12     0         0      
       errno.obj                      0      0         4      
       pre_init.obj                   4      0         0      
       stkdepth_vars.obj              0      0         4      
       mpu_init.obj                   2      0         0      
       startup.obj                    2      0         0      
    +--+------------------------------+------+---------+---------+
       Total:                         7898   257       28     
                                                              
       Stack:                         0      0         2048   
       Linker Generated:              0      56        0      
    +--+------------------------------+------+---------+---------+
       Grand Total:                   9834   941       2164   


LINKER GENERATED COPY TABLES

__TI_cinit_table @ 00002a10 records: 2, size/record: 8, table size: 16
	.data: load addr=000029e8, load size=00000014 bytes, run addr=20000858, run size=0000001f bytes, compression=lzss
	.bss: load addr=00002a08, load size=00000008 bytes, run addr=20000800, run size=00000055 bytes, compression=zero_init


LINKER GENERATED HANDLER TABLE

__TI_handler_table @ 000029fc records: 3, size/record: 4, table size: 12
	index: 0, handler: __TI_decompress_lzss
	index: 1, handler: __TI_decompress_none
	index: 2, handler: __TI_zero_init


GLOBAL SYMBOLS: SORTED ALPHABETICALLY BY Name 

address   name                           
-------   ----                           
00002639  C$$EXIT                        
000028cf  ResetISR                       
UNDEFED   SHT$$INIT_ARRAY$$Base          
UNDEFED   SHT$$INIT_ARRAY$$Limit         
20000800  __STACK_END                    
00000800  __STACK_SIZE                   
20000200  __STACK_TOP                    
00002a10  __TI_CINIT_Base                
00002a20  __TI_CINIT_Limit               
000029fc  __TI_Handler_Table_Base        
00002a08  __TI_Handler_Table_Limit       
000024a9  __TI_auto_init                 
20000858  __TI_cleanup_ptr               
00002519  __TI_decompress_lzss           
000028b5  __TI_decompress_none           
2000085c  __TI_dtors_ptr                 
20000860  __TI_enable_exit_profile_output
ffffffff  __TI_pprof_out_hndl            
00000ab1  __TI_printfi                   
ffffffff  __TI_prof_data_size            
ffffffff  __TI_prof_data_start           
00000000  __TI_static_base__             
000028c3  __TI_zero_init                 
00002321  __aeabi_cdcmpeq                
00002321  __aeabi_cdcmple                
000023a7  __aeabi_cdrcmple               
00002779  __aeabi_d2iz                   
00001ad7  __aeabi_dadd                   
00001ddd  __aeabi_ddiv                   
00001f13  __aeabi_dmul                   
00001acd  __aeabi_dsub                   
000027c1  __aeabi_i2d                    
0000242d  __aeabi_memclr                 
0000242d  __aeabi_memclr4                
0000242d  __aeabi_memclr8                
000021fd  __aeabi_memcpy                 
000021fd  __aeabi_memcpy4                
000021fd  __aeabi_memcpy8                
0000242f  __aeabi_memset                 
0000242f  __aeabi_memset4                
0000242f  __aeabi_memset8                
000018d9  __aeabi_uldivmod               
ffffffff  __binit__                      
ffffffff  __c_args__                     
000013ab  __mpu_init                     
20000000  __stack                        
0000280d  _args_main                     
000025e5  _c_int00                       
000028de  _ctypes_                       
20000864  _lock                          
00002863  _nop                           
20000854  _prevButton                    
0000285b  _register_lock                 
00002855  _register_unlock               
00001c83  _system_post_cinit             
000028db  _system_pre_init               
20000868  _unlock                        
0000263d  abort                          
000026e1  atoi                           
ffffffff  binit                          
00002139  button_checkButtons            
00002143  button_getButton               
0000218f  button_getButtonBlocking       
000021a3  button_getButtonChange         
000021cd  button_getButtonChangeBlocking 
0000210d  button_init                    
0000272d  copy_in                        
00002869  copysign                       
00002869  copysignl                      
2000086c  errno                          
00002645  exit                           
00002581  frexp                          
00002581  frexpl                         
00000000  g_pfnVectors                   
000028a5  lcd_clear                      
0000158d  lcd_gotoLine                   
000013e9  lcd_init                       
000015f3  lcd_printf                     
000014a9  lcd_putc                       
000014e1  lcd_puts                       
000013ad  lcd_reverseNibble              
000014ff  lcd_sendCommand                
0000153d  lcd_sendNibble                 
000015b5  lcd_setCursorPos               
00002011  ldexp                          
00002011  ldexpl                         
0000268d  ltoa                           
00001861  main                           
20000870  main_func_sp                   
000027ef  memccpy                        
000021fd  memcpy                         
00002435  memset                         
00001789  move_stepper_motor_by_step     
0000170b  read_shaft_encoder             
00002011  scalbn                         
00002011  scalbnl                        
000016e1  shaft_encoder_init             
00001757  stepper_init                   
0000283d  strchr                         
00002825  strcmp                         
0000287d  strcpy                         
00002891  strlen                         
00001d95  timer_getClock                 
00001d49  timer_startClock               
00001ce3  timer_startTimer               
00001d9b  timer_stopClock                
00001d33  timer_stopTimer                
00001cb9  timer_waitMicros               
00001c85  timer_waitMillis               
00002299  vsnprintf                      


GLOBAL SYMBOLS: SORTED BY Symbol Address 

address   name                           
-------   ----                           
00000000  __TI_static_base__             
00000000  g_pfnVectors                   
00000800  __STACK_SIZE                   
00000ab1  __TI_printfi                   
000013ab  __mpu_init                     
000013ad  lcd_reverseNibble              
000013e9  lcd_init                       
000014a9  lcd_putc                       
000014e1  lcd_puts                       
000014ff  lcd_sendCommand                
0000153d  lcd_sendNibble                 
0000158d  lcd_gotoLine                   
000015b5  lcd_setCursorPos               
000015f3  lcd_printf                     
000016e1  shaft_encoder_init             
0000170b  read_shaft_encoder             
00001757  stepper_init                   
00001789  move_stepper_motor_by_step     
00001861  main                           
000018d9  __aeabi_uldivmod               
00001acd  __aeabi_dsub                   
00001ad7  __aeabi_dadd                   
00001c83  _system_post_cinit             
00001c85  timer_waitMillis               
00001cb9  timer_waitMicros               
00001ce3  timer_startTimer               
00001d33  timer_stopTimer                
00001d49  timer_startClock               
00001d95  timer_getClock                 
00001d9b  timer_stopClock                
00001ddd  __aeabi_ddiv                   
00001f13  __aeabi_dmul                   
00002011  ldexp                          
00002011  ldexpl                         
00002011  scalbn                         
00002011  scalbnl                        
0000210d  button_init                    
00002139  button_checkButtons            
00002143  button_getButton               
0000218f  button_getButtonBlocking       
000021a3  button_getButtonChange         
000021cd  button_getButtonChangeBlocking 
000021fd  __aeabi_memcpy                 
000021fd  __aeabi_memcpy4                
000021fd  __aeabi_memcpy8                
000021fd  memcpy                         
00002299  vsnprintf                      
00002321  __aeabi_cdcmpeq                
00002321  __aeabi_cdcmple                
000023a7  __aeabi_cdrcmple               
0000242d  __aeabi_memclr                 
0000242d  __aeabi_memclr4                
0000242d  __aeabi_memclr8                
0000242f  __aeabi_memset                 
0000242f  __aeabi_memset4                
0000242f  __aeabi_memset8                
00002435  memset                         
000024a9  __TI_auto_init                 
00002519  __TI_decompress_lzss           
00002581  frexp                          
00002581  frexpl                         
000025e5  _c_int00                       
00002639  C$$EXIT                        
0000263d  abort                          
00002645  exit                           
0000268d  ltoa                           
000026e1  atoi                           
0000272d  copy_in                        
00002779  __aeabi_d2iz                   
000027c1  __aeabi_i2d                    
000027ef  memccpy                        
0000280d  _args_main                     
00002825  strcmp                         
0000283d  strchr                         
00002855  _register_unlock               
0000285b  _register_lock                 
00002863  _nop                           
00002869  copysign                       
00002869  copysignl                      
0000287d  strcpy                         
00002891  strlen                         
000028a5  lcd_clear                      
000028b5  __TI_decompress_none           
000028c3  __TI_zero_init                 
000028cf  ResetISR                       
000028db  _system_pre_init               
000028de  _ctypes_                       
000029fc  __TI_Handler_Table_Base        
00002a08  __TI_Handler_Table_Limit       
00002a10  __TI_CINIT_Base                
00002a20  __TI_CINIT_Limit               
20000000  __stack                        
20000200  __STACK_TOP                    
20000800  __STACK_END                    
20000854  _prevButton                    
20000858  __TI_cleanup_ptr               
2000085c  __TI_dtors_ptr                 
20000860  __TI_enable_exit_profile_output
20000864  _lock                          
20000868  _unlock                        
2000086c  errno                          
20000870  main_func_sp                   
ffffffff  __TI_pprof_out_hndl            
ffffffff  __TI_prof_data_size            
ffffffff  __TI_prof_data_start           
ffffffff  __binit__                      
ffffffff  __c_args__                     
ffffffff  binit                          
UNDEFED   SHT$$INIT_ARRAY$$Base          
UNDEFED   SHT$$INIT_ARRAY$$Limit         

[110 symbols]
