******************************************************************************
                  TI ARM Linker PC v16.9.1                     
******************************************************************************
>> Linked Tue Oct 03 14:28:12 2017

OUTPUT FILE NAME:   <Lab 2.out>
ENTRY POINT SYMBOL: "_c_int00"  address: 000028e5


MEMORY CONFIGURATION

         name            origin    length      used     unused   attr    fill
----------------------  --------  ---------  --------  --------  ----  --------
  FLASH                 00000000   00040000  00002d1f  0003d2e1  R  X
  SRAM                  20000000   00008000  00000872  0000778e  RW X


SEGMENT ALLOCATION MAP

run origin  load origin   length   init length attrs members
----------  ----------- ---------- ----------- ----- -------
00000000    00000000    00002d20   00002d20    r-x
  00000000    00000000    0000026c   0000026c    r-- .intvecs
  0000026c    0000026c    00002972   00002972    r-x .text
  00002bde    00002bde    00000109   00000109    r-- .const
  00002ce8    00002ce8    00000038   00000038    r-- .cinit
20000000    20000000    00000875   00000000    rw-
  20000000    20000000    00000800   00000000    rw- .stack
  20000800    20000800    00000055   00000000    rw- .bss
  20000858    20000858    0000001d   00000000    rw- .data


SECTION ALLOCATION MAP

 output                                  attributes/
section   page    origin      length       input sections
--------  ----  ----------  ----------   ----------------
.intvecs   0    00000000    0000026c     
                  00000000    0000026c     tm4c123gh6pm_startup_ccs.obj (.intvecs)

.text      0    0000026c    00002972     
                  0000026c    0000113e     rtsv7M4_T_le_v4SPD16_eabi.lib : _printfi.obj (.text)
                  000013aa    00000002                                   : mpu_init.obj (.text)
                  000013ac    000003c2     main.obj (.text)
                  0000176e    00000002     rtsv7M4_T_le_v4SPD16_eabi.lib : startup.obj (.text)
                  00001770    000002ec     lcd.obj (.text)
                  00001a5c    000001f4     rtsv7M4_T_le_v4SPD16_eabi.lib : ull_div_t2.obj (.text)
                  00001c50    000001b6                                   : fd_add_t2.obj (.text)
                  00001e06    00000002     --HOLE-- [fill = 0]
                  00001e08    00000158     timer.obj (.text)
                  00001f60    00000136     rtsv7M4_T_le_v4SPD16_eabi.lib : fd_div_t2.obj (.text)
                  00002096    00000002     --HOLE-- [fill = 0]
                  00002098    00000120     uart.obj (.text)
                  000021b8    000000fc     rtsv7M4_T_le_v4SPD16_eabi.lib : fd_mul_t2.obj (.text)
                  000022b4    000000fc                                   : s_scalbn.obj (.text)
                  000023b0    000000f0     button.obj (.text)
                  000024a0    0000009c     rtsv7M4_T_le_v4SPD16_eabi.lib : memcpy_t2.obj (.text)
                  0000253c    00000088                                   : vsnprintf.obj (.text)
                  000025c4    00000086                                   : fd_cmp_t2.obj (.text:__aeabi_cdcmple)
                  0000264a    00000086                                   : fd_cmp_t2.obj (.text:__aeabi_cdrcmple)
                  000026d0    0000007a                                   : memset_t2.obj (.text)
                  0000274a    00000002     --HOLE-- [fill = 0]
                  0000274c    00000070                                   : autoinit.obj (.text)
                  000027bc    00000068                                   : copy_decompress_lzss.obj (.text:decompress:lzss)
                  00002824    00000064                                   : s_frexp.obj (.text)
                  00002888    0000005a     wifi.obj (.text)
                  000028e2    00000002     --HOLE-- [fill = 0]
                  000028e4    00000054     rtsv7M4_T_le_v4SPD16_eabi.lib : boot.obj (.text)
                  00002938    00000054                                   : exit.obj (.text)
                  0000298c    00000054                                   : ltoa.obj (.text)
                  000029e0    0000004c                                   : atoi.obj (.text)
                  00002a2c    0000004c                                   : cpy_tbl.obj (.text)
                  00002a78    00000048                                   : fd_toi_t2.obj (.text)
                  00002ac0    0000002e                                   : i_tofd_t2.obj (.text)
                  00002aee    0000001c                                   : memccpy.obj (.text)
                  00002b0a    00000002     --HOLE-- [fill = 0]
                  00002b0c    00000018                                   : args_main.obj (.text)
                  00002b24    00000018                                   : strcmp.obj (.text)
                  00002b3c    00000016                                   : strchr.obj (.text)
                  00002b52    00000002     --HOLE-- [fill = 0]
                  00002b54    00000014                                   : _lock.obj (.text)
                  00002b68    00000014                                   : s_copysign.obj (.text)
                  00002b7c    00000014                                   : strcpy.obj (.text)
                  00002b90    00000014                                   : strlen.obj (.text)
                  00002ba4    00000010     lcd.obj (.text:lcd_clear)
                  00002bb4    0000000e     rtsv7M4_T_le_v4SPD16_eabi.lib : copy_decompress_none.obj (.text:decompress:none)
                  00002bc2    0000000c                                   : copy_zero_init.obj (.text:decompress:ZI)
                  00002bce    0000000c     tm4c123gh6pm_startup_ccs.obj (.text)
                  00002bda    00000004     rtsv7M4_T_le_v4SPD16_eabi.lib : pre_init.obj (.text)

.const     0    00002bde    00000109     
                  00002bde    00000101     rtsv7M4_T_le_v4SPD16_eabi.lib : ctype.obj (.const:.string:_ctypes_)
                  00002cdf    00000004     lcd.obj (.const:.string:lineAddress$1)
                  00002ce3    00000004     lcd.obj (.const:.string:lineAddresses$2)

.cinit     0    00002ce8    00000038     
                  00002ce8    00000011     (.cinit..data.load) [load image, compression = lzss]
                  00002cf9    00000003     --HOLE-- [fill = 0]
                  00002cfc    0000000c     (__TI_handler_table)
                  00002d08    00000008     (.cinit..bss.load) [load image, compression = zero_init]
                  00002d10    00000010     (__TI_cinit_table)

.init_array 
*          0    00000000    00000000     UNINITIALIZED

.stack     0    20000000    00000800     UNINITIALIZED
                  20000000    00000800     --HOLE--

.bss       0    20000800    00000055     UNINITIALIZED
                  20000800    00000054     lcd.obj (.bss:lastbuffer$3)
                  20000854    00000001     (.common:_prevButton)

.data      0    20000858    0000001d     UNINITIALIZED
                  20000858    0000000c     rtsv7M4_T_le_v4SPD16_eabi.lib : exit.obj (.data:$O1$$)
                  20000864    00000008                                   : _lock.obj (.data:$O1$$)
                  2000086c    00000004                                   : errno.obj (.data)
                  20000870    00000004                                   : stkdepth_vars.obj (.data)
                  20000874    00000001     button.obj (.data)

MODULE SUMMARY

       Module                         code    ro data   rw data
       ------                         ----    -------   -------
    .\
       main.obj                       962     0         0      
       lcd.obj                        764     8         84     
       tm4c123gh6pm_startup_ccs.obj   12      620       0      
       timer.obj                      344     0         0      
       uart.obj                       288     0         0      
       button.obj                     240     0         2      
       wifi.obj                       90      0         0      
    +--+------------------------------+-------+---------+---------+
       Total:                         2700    628       86     
                                                               
    C:\ti\ccsv7\tools\compiler\ti-cgt-arm_16.9.1.LTS\lib\rtsv7M4_T_le_v4SPD16_eabi.lib
       _printfi.obj                   4414    0         0      
       ull_div_t2.obj                 500     0         0      
       fd_add_t2.obj                  438     0         0      
       fd_div_t2.obj                  310     0         0      
       fd_cmp_t2.obj                  268     0         0      
       ctype.obj                      0       257       0      
       fd_mul_t2.obj                  252     0         0      
       s_scalbn.obj                   252     0         0      
       memcpy_t2.obj                  156     0         0      
       vsnprintf.obj                  136     0         0      
       memset_t2.obj                  122     0         0      
       autoinit.obj                   112     0         0      
       copy_decompress_lzss.obj       104     0         0      
       s_frexp.obj                    100     0         0      
       exit.obj                       84      0         12     
       boot.obj                       84      0         0      
       ltoa.obj                       84      0         0      
       atoi.obj                       76      0         0      
       cpy_tbl.obj                    76      0         0      
       fd_toi_t2.obj                  72      0         0      
       i_tofd_t2.obj                  46      0         0      
       _lock.obj                      20      0         8      
       memccpy.obj                    28      0         0      
       args_main.obj                  24      0         0      
       strcmp.obj                     24      0         0      
       strchr.obj                     22      0         0      
       s_copysign.obj                 20      0         0      
       strcpy.obj                     20      0         0      
       strlen.obj                     20      0         0      
       copy_decompress_none.obj       14      0         0      
       copy_zero_init.obj             12      0         0      
       errno.obj                      0       0         4      
       pre_init.obj                   4       0         0      
       stkdepth_vars.obj              0       0         4      
       mpu_init.obj                   2       0         0      
       startup.obj                    2       0         0      
    +--+------------------------------+-------+---------+---------+
       Total:                         7898    257       28     
                                                               
       Stack:                         0       0         2048   
       Linker Generated:              0       53        0      
    +--+------------------------------+-------+---------+---------+
       Grand Total:                   10598   938       2162   


LINKER GENERATED COPY TABLES

__TI_cinit_table @ 00002d10 records: 2, size/record: 8, table size: 16
	.data: load addr=00002ce8, load size=00000011 bytes, run addr=20000858, run size=0000001d bytes, compression=lzss
	.bss: load addr=00002d08, load size=00000008 bytes, run addr=20000800, run size=00000055 bytes, compression=zero_init


LINKER GENERATED HANDLER TABLE

__TI_handler_table @ 00002cfc records: 3, size/record: 4, table size: 12
	index: 0, handler: __TI_decompress_lzss
	index: 1, handler: __TI_decompress_none
	index: 2, handler: __TI_zero_init


GLOBAL SYMBOLS: SORTED ALPHABETICALLY BY Name 

address   name                           
-------   ----                           
00002939  C$$EXIT                        
00002bcf  ResetISR                       
UNDEFED   SHT$$INIT_ARRAY$$Base          
UNDEFED   SHT$$INIT_ARRAY$$Limit         
00002889  WiFi_start                     
000028b7  WiFi_stop                      
20000800  __STACK_END                    
00000800  __STACK_SIZE                   
20000200  __STACK_TOP                    
00002d10  __TI_CINIT_Base                
00002d20  __TI_CINIT_Limit               
00002cfc  __TI_Handler_Table_Base        
00002d08  __TI_Handler_Table_Limit       
0000274d  __TI_auto_init                 
20000858  __TI_cleanup_ptr               
000027bd  __TI_decompress_lzss           
00002bb5  __TI_decompress_none           
2000085c  __TI_dtors_ptr                 
20000860  __TI_enable_exit_profile_output
ffffffff  __TI_pprof_out_hndl            
00000ab1  __TI_printfi                   
ffffffff  __TI_prof_data_size            
ffffffff  __TI_prof_data_start           
00000000  __TI_static_base__             
00002bc3  __TI_zero_init                 
000025c5  __aeabi_cdcmpeq                
000025c5  __aeabi_cdcmple                
0000264b  __aeabi_cdrcmple               
00002a79  __aeabi_d2iz                   
00001c5b  __aeabi_dadd                   
00001f61  __aeabi_ddiv                   
000021b9  __aeabi_dmul                   
00001c51  __aeabi_dsub                   
00002ac1  __aeabi_i2d                    
000026d1  __aeabi_memclr                 
000026d1  __aeabi_memclr4                
000026d1  __aeabi_memclr8                
000024a1  __aeabi_memcpy                 
000024a1  __aeabi_memcpy4                
000024a1  __aeabi_memcpy8                
000026d3  __aeabi_memset                 
000026d3  __aeabi_memset4                
000026d3  __aeabi_memset8                
00001a5d  __aeabi_uldivmod               
ffffffff  __binit__                      
ffffffff  __c_args__                     
000013ab  __mpu_init                     
20000000  __stack                        
00002b0d  _args_main                     
000028e5  _c_int00                       
00002bde  _ctypes_                       
20000864  _lock                          
00002b63  _nop                           
20000854  _prevButton                    
00002b5b  _register_lock                 
00002b55  _register_unlock               
0000176f  _system_post_cinit             
00002bdb  _system_pre_init               
20000868  _unlock                        
0000293d  abort                          
000029e1  atoi                           
ffffffff  binit                          
000023dd  button_checkButtons            
000023e7  button_getButton               
00002433  button_getButtonBlocking       
00002447  button_getButtonChange         
00002471  button_getButtonChangeBlocking 
000023b1  button_init                    
00002121  checkButton                    
000013ad  checkIndex                     
00002a2d  copy_in                        
00002b69  copysign                       
00002b69  copysignl                      
2000086c  errno                          
00002945  exit                           
00002825  frexp                          
00002825  frexpl                         
00000000  g_pfnVectors                   
00002ba5  lcd_clear                      
00001909  lcd_gotoLine                   
00001771  lcd_init                       
0000196f  lcd_printf                     
00001831  lcd_putc                       
00001869  lcd_puts                       
00001887  lcd_sendCommand                
000018c5  lcd_sendNibble                 
00001931  lcd_setCursorPos               
000022b5  ldexp                          
000022b5  ldexpl                         
0000298d  ltoa                           
000013d9  main                           
20000870  main_func_sp                   
00002aef  memccpy                        
000024a1  memcpy                         
000026d9  memset                         
000022b5  scalbn                         
000022b5  scalbnl                        
00002b3d  strchr                         
00002b25  strcmp                         
00002b7d  strcpy                         
00002b91  strlen                         
00001f19  timer_getClock                 
00001ecd  timer_startClock               
00001e67  timer_startTimer               
00001f1f  timer_stopClock                
00001eb7  timer_stopTimer                
00001e3d  timer_waitMicros               
00001e09  timer_waitMillis               
00002099  uart_init                      
00002131  uart_receive                   
00002169  uart_sendChar                  
UNDEFED   uart_sendStr                   
UNDEFED   uart_waitForChar               
0000253d  vsnprintf                      


GLOBAL SYMBOLS: SORTED BY Symbol Address 

address   name                           
-------   ----                           
00000000  __TI_static_base__             
00000000  g_pfnVectors                   
00000800  __STACK_SIZE                   
00000ab1  __TI_printfi                   
000013ab  __mpu_init                     
000013ad  checkIndex                     
000013d9  main                           
0000176f  _system_post_cinit             
00001771  lcd_init                       
00001831  lcd_putc                       
00001869  lcd_puts                       
00001887  lcd_sendCommand                
000018c5  lcd_sendNibble                 
00001909  lcd_gotoLine                   
00001931  lcd_setCursorPos               
0000196f  lcd_printf                     
00001a5d  __aeabi_uldivmod               
00001c51  __aeabi_dsub                   
00001c5b  __aeabi_dadd                   
00001e09  timer_waitMillis               
00001e3d  timer_waitMicros               
00001e67  timer_startTimer               
00001eb7  timer_stopTimer                
00001ecd  timer_startClock               
00001f19  timer_getClock                 
00001f1f  timer_stopClock                
00001f61  __aeabi_ddiv                   
00002099  uart_init                      
00002121  checkButton                    
00002131  uart_receive                   
00002169  uart_sendChar                  
000021b9  __aeabi_dmul                   
000022b5  ldexp                          
000022b5  ldexpl                         
000022b5  scalbn                         
000022b5  scalbnl                        
000023b1  button_init                    
000023dd  button_checkButtons            
000023e7  button_getButton               
00002433  button_getButtonBlocking       
00002447  button_getButtonChange         
00002471  button_getButtonChangeBlocking 
000024a1  __aeabi_memcpy                 
000024a1  __aeabi_memcpy4                
000024a1  __aeabi_memcpy8                
000024a1  memcpy                         
0000253d  vsnprintf                      
000025c5  __aeabi_cdcmpeq                
000025c5  __aeabi_cdcmple                
0000264b  __aeabi_cdrcmple               
000026d1  __aeabi_memclr                 
000026d1  __aeabi_memclr4                
000026d1  __aeabi_memclr8                
000026d3  __aeabi_memset                 
000026d3  __aeabi_memset4                
000026d3  __aeabi_memset8                
000026d9  memset                         
0000274d  __TI_auto_init                 
000027bd  __TI_decompress_lzss           
00002825  frexp                          
00002825  frexpl                         
00002889  WiFi_start                     
000028b7  WiFi_stop                      
000028e5  _c_int00                       
00002939  C$$EXIT                        
0000293d  abort                          
00002945  exit                           
0000298d  ltoa                           
000029e1  atoi                           
00002a2d  copy_in                        
00002a79  __aeabi_d2iz                   
00002ac1  __aeabi_i2d                    
00002aef  memccpy                        
00002b0d  _args_main                     
00002b25  strcmp                         
00002b3d  strchr                         
00002b55  _register_unlock               
00002b5b  _register_lock                 
00002b63  _nop                           
00002b69  copysign                       
00002b69  copysignl                      
00002b7d  strcpy                         
00002b91  strlen                         
00002ba5  lcd_clear                      
00002bb5  __TI_decompress_none           
00002bc3  __TI_zero_init                 
00002bcf  ResetISR                       
00002bdb  _system_pre_init               
00002bde  _ctypes_                       
00002cfc  __TI_Handler_Table_Base        
00002d08  __TI_Handler_Table_Limit       
00002d10  __TI_CINIT_Base                
00002d20  __TI_CINIT_Limit               
20000000  __stack                        
20000200  __STACK_TOP                    
20000800  __STACK_END                    
20000854  _prevButton                    
20000858  __TI_cleanup_ptr               
2000085c  __TI_dtors_ptr                 
20000860  __TI_enable_exit_profile_output
20000864  _lock                          
20000868  _unlock                        
2000086c  errno                          
20000870  main_func_sp                   
ffffffff  __TI_pprof_out_hndl            
ffffffff  __TI_prof_data_size            
ffffffff  __TI_prof_data_start           
ffffffff  __binit__                      
ffffffff  __c_args__                     
ffffffff  binit                          
UNDEFED   SHT$$INIT_ARRAY$$Base          
UNDEFED   SHT$$INIT_ARRAY$$Limit         
UNDEFED   uart_sendStr                   
UNDEFED   uart_waitForChar               

[114 symbols]
